Component: ARM Compiler 5.06 update 7 (build 960) Tool: armlink [4d3601]

==============================================================================

Section Cross References

    main.o(i.main) refers to _printf_percent.o(.ARM.Collect$$_printf_percent$$00000000) for _printf_percent
    main.o(i.main) refers to _printf_f.o(.ARM.Collect$$_printf_percent$$00000003) for _printf_f
    main.o(i.main) refers to printf1.o(x$fpl$printf1) for _printf_fp_dec
    main.o(i.main) refers to _printf_d.o(.ARM.Collect$$_printf_percent$$00000009) for _printf_d
    main.o(i.main) refers to _printf_dec.o(.text) for _printf_int_dec
    main.o(i.main) refers to misc.o(i.NVIC_PriorityGroupConfig) for NVIC_PriorityGroupConfig
    main.o(i.main) refers to usart.o(i.uart_init) for uart_init
    main.o(i.main) refers to led.o(i.LED_Init) for LED_Init
    main.o(i.main) refers to relay.o(i.relay_init) for relay_init
    main.o(i.main) refers to relay.o(i.relay1_init) for relay1_init
    main.o(i.main) refers to key.o(i.KEY_Init) for KEY_Init
    main.o(i.main) refers to myiic.o(i.IIC_Init) for IIC_Init
    main.o(i.main) refers to delay.o(i.delay_init) for delay_init
    main.o(i.main) refers to bme280.o(i.bme280Init) for bme280Init
    main.o(i.main) refers to lcd.o(i.LCD_Init) for LCD_Init
    main.o(i.main) refers to adc.o(i.Adc_Init) for Adc_Init
    main.o(i.main) refers to adc.o(i.Adc2_Init) for Adc2_Init
    main.o(i.main) refers to lcd.o(i.LCD_Clear) for LCD_Clear
    main.o(i.main) refers to timer.o(i.TIM3_Int_Init) for TIM3_Int_Init
    main.o(i.main) refers to timer.o(i.BASIC_TIM_Config) for BASIC_TIM_Config
    main.o(i.main) refers to timer.o(i.BASIC_TIM_NVIC_Config) for BASIC_TIM_NVIC_Config
    main.o(i.main) refers to lcd.o(i.LCD_ShowString) for LCD_ShowString
    main.o(i.main) refers to bme280.o(i.bme280GetData) for bme280GetData
    main.o(i.main) refers to f2d.o(x$fpl$f2d) for __aeabi_f2d
    main.o(i.main) refers to noretval__2printf.o(.text) for __2printf
    main.o(i.main) refers to adc.o(i.Get_Adc_Average) for Get_Adc_Average
    main.o(i.main) refers to fflt_clz.o(x$fpl$ffltu) for __aeabi_ui2f
    main.o(i.main) refers to dmul.o(x$fpl$dmul) for __aeabi_dmul
    main.o(i.main) refers to d2f.o(x$fpl$d2f) for __aeabi_d2f
    main.o(i.main) refers to daddsub_clz.o(x$fpl$dsub) for __aeabi_dsub
    main.o(i.main) refers to daddsub_clz.o(x$fpl$dadd) for __aeabi_dadd
    main.o(i.main) refers to adc.o(i.Get_Adc2_Average) for Get_Adc2_Average
    main.o(i.main) refers to dfixu.o(x$fpl$dfixu) for __aeabi_d2uiz
    main.o(i.main) refers to ffixu.o(x$fpl$ffixu) for __aeabi_f2uiz
    main.o(i.main) refers to lcd.o(i.LCD_ShowxNum) for LCD_ShowxNum
    main.o(i.main) refers to key.o(i.KEY_Scan) for KEY_Scan
    main.o(i.main) refers to frleqf.o(x$fpl$frleqf) for __aeabi_cfrcmple
    main.o(i.main) refers to relay.o(i.relay_off) for relay_off
    main.o(i.main) refers to timer.o(i.timing_init) for timing_init
    main.o(i.main) refers to timer.o(i.timing_deinit) for timing_deinit
    main.o(i.main) refers to relay.o(i.relay_on) for relay_on
    main.o(i.main) refers to relay.o(i.relay1_off) for relay1_off
    main.o(i.main) refers to relay.o(i.relay1_on) for relay1_on
    main.o(i.main) refers to lcd.o(.data) for POINT_COLOR
    main.o(i.main) refers to main.o(.data) for count
    main.o(i.main) refers to timer.o(.data) for timing
    system_stm32f10x.o(i.SetSysClock) refers to system_stm32f10x.o(i.SetSysClockTo72) for SetSysClockTo72
    system_stm32f10x.o(i.SystemCoreClockUpdate) refers to system_stm32f10x.o(.data) for SystemCoreClock
    system_stm32f10x.o(i.SystemInit) refers to system_stm32f10x.o(i.SetSysClock) for SetSysClock
    delay.o(i.delay_init) refers to misc.o(i.SysTick_CLKSourceConfig) for SysTick_CLKSourceConfig
    delay.o(i.delay_init) refers to system_stm32f10x.o(.data) for SystemCoreClock
    delay.o(i.delay_init) refers to delay.o(.data) for fac_us
    delay.o(i.delay_ms) refers to delay.o(.data) for fac_ms
    delay.o(i.delay_us) refers to delay.o(.data) for fac_us
    usart.o(i.USART1_IRQHandler) refers (Special) to use_no_semi_2.o(.text) for __use_no_semihosting
    usart.o(i.USART1_IRQHandler) refers to stm32f10x_usart.o(i.USART_GetITStatus) for USART_GetITStatus
    usart.o(i.USART1_IRQHandler) refers to stm32f10x_usart.o(i.USART_ReceiveData) for USART_ReceiveData
    usart.o(i.USART1_IRQHandler) refers to usart.o(.data) for USART_RX_STA
    usart.o(i.USART1_IRQHandler) refers to usart.o(.bss) for USART_RX_BUF
    usart.o(i._sys_exit) refers (Special) to use_no_semi_2.o(.text) for __use_no_semihosting
    usart.o(i.fputc) refers (Special) to use_no_semi_2.o(.text) for __use_no_semihosting
    usart.o(i.uart_init) refers (Special) to use_no_semi_2.o(.text) for __use_no_semihosting
    usart.o(i.uart_init) refers to stm32f10x_rcc.o(i.RCC_APB2PeriphClockCmd) for RCC_APB2PeriphClockCmd
    usart.o(i.uart_init) refers to stm32f10x_gpio.o(i.GPIO_Init) for GPIO_Init
[...]
    i.SysTick_CLKSourceConfig                0x08005814   Section        0  misc.o(i.SysTick_CLKSourceConfig)
    i.SysTick_Handler                        0x0800583c   Section        0  stm32f10x_it.o(i.SysTick_Handler)
    i.SystemInit                             0x08005840   Section        0  system_stm32f10x.o(i.SystemInit)
    i.TIM3_IRQHandler                        0x080058a0   Section        0  timer.o(i.TIM3_IRQHandler)
    i.TIM3_Int_Init                          0x08005934   Section        0  timer.o(i.TIM3_Int_Init)
    i.TIM6_IRQHandler                        0x08005994   Section        0  timer.o(i.TIM6_IRQHandler)
    i.TIM_ClearFlag                          0x080059bc   Section        0  stm32f10x_tim.o(i.TIM_ClearFlag)
    i.TIM_ClearITPendingBit                  0x080059c2   Section        0  stm32f10x_tim.o(i.TIM_ClearITPendingBit)
    i.TIM_Cmd                                0x080059c8   Section        0  stm32f10x_tim.o(i.TIM_Cmd)
    i.TIM_GetITStatus                        0x080059e0   Section        0  stm32f10x_tim.o(i.TIM_GetITStatus)
    i.TIM_ITConfig                           0x08005a02   Section        0  stm32f10x_tim.o(i.TIM_ITConfig)
    i.TIM_TimeBaseInit                       0x08005a14   Section        0  stm32f10x_tim.o(i.TIM_TimeBaseInit)
    i.USART1_IRQHandler                      0x08005ab8   Section        0  usart.o(i.USART1_IRQHandler)
    i.USART_Cmd                              0x08005b40   Section        0  stm32f10x_usart.o(i.USART_Cmd)
    i.USART_GetITStatus                      0x08005b58   Section        0  stm32f10x_usart.o(i.USART_GetITStatus)
    i.USART_ITConfig                         0x08005bac   Section        0  stm32f10x_usart.o(i.USART_ITConfig)
    i.USART_Init                             0x08005bf8   Section        0  stm32f10x_usart.o(i.USART_Init)
    i.USART_ReceiveData                      0x08005cd0   Section        0  stm32f10x_usart.o(i.USART_ReceiveData)
    i.UsageFault_Handler                     0x08005cda   Section        0  stm32f10x_it.o(i.UsageFault_Handler)
    i.__ARM_fpclassify                       0x08005cde   Section        0  fpclassify.o(i.__ARM_fpclassify)
    i.__kernel_poly                          0x08005d06   Section        0  poly.o(i.__kernel_poly)
    i.__mathlib_dbl_divzero                  0x08005db0   Section        0  dunder.o(i.__mathlib_dbl_divzero)
    i.__mathlib_dbl_infnan2                  0x08005dc0   Section        0  dunder.o(i.__mathlib_dbl_infnan2)
    i.__mathlib_dbl_invalid                  0x08005dc4   Section        0  dunder.o(i.__mathlib_dbl_invalid)
    i.__mathlib_dbl_overflow                 0x08005dd0   Section        0  dunder.o(i.__mathlib_dbl_overflow)
    i.__mathlib_dbl_underflow                0x08005de0   Section        0  dunder.o(i.__mathlib_dbl_underflow)
    i._sys_exit                              0x08005df0   Section        0  usart.o(i._sys_exit)
    i.bme280GetData                          0x08005df8   Section        0  bme280.o(i.bme280GetData)
    i.bme280Init                             0x08005eac   Section        0  bme280.o(i.bme280Init)
    i.bme280PressureToAltitude               0x08005ec0   Section        0  bme280.o(i.bme280PressureToAltitude)
    bme280PressureToAltitude                 0x08005ec1   Thumb Code    98  bme280.o(i.bme280PressureToAltitude)
    i.calibration_H                          0x08005f3c   Section        0  bme280.o(i.calibration_H)
    i.calibration_P                          0x08005fe4   Section        0  bme280.o(i.calibration_P)
    i.calibration_T                          0x080060c4   Section        0  bme280.o(i.calibration_T)
    i.delay_init                             0x08006118   Section        0  delay.o(i.delay_init)
    i.delay_ms                               0x0800615c   Section        0  delay.o(i.delay_ms)
    i.delay_us                               0x080061a8   Section        0  delay.o(i.delay_us)
    i.fputc                                  0x080061f4   Section        0  usart.o(i.fputc)
    i.iicDevRead                             0x08006210   Section        0  myiic.o(i.iicDevRead)
    i.iicDevWriteByte                        0x08006270   Section        0  myiic.o(i.iicDevWriteByte)
    i.main                                   0x080062a0   Section        0  main.o(i.main)
    i.opt_delay                              0x080069e0   Section        0  lcd.o(i.opt_delay)
    i.pow                                    0x080069f0   Section        0  pow.o(i.pow)
    i.readData                               0x080073c8   Section        0  bme280.o(i.readData)
    i.readTrim                               0x08007428   Section        0  bme280.o(i.readTrim)
    i.relay1_init                            0x080075c8   Section        0  relay.o(i.relay1_init)
    i.relay1_off                             0x080075f4   Section        0  relay.o(i.relay1_off)
    i.relay1_on                              0x08007604   Section        0  relay.o(i.relay1_on)
    i.relay_init                             0x08007614   Section        0  relay.o(i.relay_init)
    i.relay_off                              0x08007640   Section        0  relay.o(i.relay_off)
    i.relay_on                               0x08007650   Section        0  relay.o(i.relay_on)
    i.setup                                  0x08007660   Section        0  bme280.o(i.setup)
    i.sqrt                                   0x080076b2   Section        0  sqrt.o(i.sqrt)
    i.timing_deinit                          0x080076fe   Section        0  timer.o(i.timing_deinit)
    i.timing_init                            0x0800770c   Section        0  timer.o(i.timing_init)
    i.uart_init                              0x08007724   Section        0  usart.o(i.uart_init)
    i.writeReg                               0x080077c4   Section        0  bme280.o(i.writeReg)
    locale$$code                             0x080077d8   Section       44  lc_numeric_c.o(locale$$code)
    x$fpl$d2f                                0x08007804   Section       98  d2f.o(x$fpl$d2f)
    x$fpl$dadd                               0x08007868   Section      336  daddsub_clz.o(x$fpl$dadd)
    _dadd1                                   0x08007879   Thumb Code     0  daddsub_clz.o(x$fpl$dadd)
    x$fpl$dcheck1                            0x080079b8   Section       16  dcheck1.o(x$fpl$dcheck1)
    x$fpl$dcmpinf                            0x080079c8   Section       24  dcmpi.o(x$fpl$dcmpinf)
    x$fpl$ddiv                               0x080079e0   Section      688  ddiv.o(x$fpl$ddiv)
    ddiv_entry                               0x080079e7   Thumb Code     0  ddiv.o(x$fpl$ddiv)
    x$fpl$dfixu                              0x08007c90   Section       90  dfixu.o(x$fpl$dfixu)
    x$fpl$dflt                               0x08007cea   Section       46  dflt_clz.o(x$fpl$dflt)
    x$fpl$dfltu                              0x08007d18   Section       38  dflt_clz.o(x$fpl$dfltu)
    x$fpl$dleqf                              0x08007d40   Section      120  dleqf.o(x$fpl$dleqf)
    x$fpl$dmul                               0x08007db8   Section      340  dmul.o(x$fpl$dmul)
    x$fpl$dnaninf                            0x08007f0c   Section      156  dnaninf.o(x$fpl$dnaninf)
    x$fpl$dretinf                            0x08007fa8   Section       12  dretinf.o(x$fpl$dretinf)
    x$fpl$drleqf                             0x08007fb4   Section      108  drleqf.o(x$fpl$drleqf)
    x$fpl$drsb                               0x08008020   Section       22  daddsub_clz.o(x$fpl$drsb)
    x$fpl$dsqrt                              0x08008038   Section      460  dsqrt_noumaal.o(x$fpl$dsqrt)
    x$fpl$dsub                               0x08008204   Section      468  daddsub_clz.o(x$fpl$dsub)
    _dsub1                                   0x08008215   Thumb Code     0  daddsub_clz.o(x$fpl$dsub)
    x$fpl$f2d                                0x080083d8   Section       86  f2d.o(x$fpl$f2d)
    x$fpl$fcmpinf                            0x0800842e   Section       24  fcmpi.o(x$fpl$fcmpinf)
    x$fpl$fdiv                               0x08008448   Section      388  fdiv.o(x$fpl$fdiv)
    _fdiv1                                   0x08008449   Thumb Code     0  fdiv.o(x$fpl$fdiv)
    x$fpl$ffixu                              0x080085cc   Section       62  ffixu.o(x$fpl$ffixu)
    x$fpl$ffltu                              0x0800860c   Section       38  fflt_clz.o(x$fpl$ffltu)
    x$fpl$fleqf                              0x08008634   Section      104  fleqf.o(x$fpl$fleqf)
    x$fpl$fnaninf                            0x0800869c   Section      140  fnaninf.o(x$fpl$fnaninf)
    x$fpl$fretinf                            0x08008728   Section       10  fretinf.o(x$fpl$fretinf)
    x$fpl$frleqf                             0x08008732   Section       98  frleqf.o(x$fpl$frleqf)
    x$fpl$printf1                            0x08008794   Section        4  printf1.o(x$fpl$printf1)
    x$fpl$retnan                             0x08008798   Section      100  retnan.o(x$fpl$retnan)
    x$fpl$scalbn                             0x080087fc   Section       92  scalbn.o(x$fpl$scalbn)
    x$fpl$trapveneer                         0x08008858   Section       48  trapv.o(x$fpl$trapveneer)
    .constdata                               0x08008888   Section     6080  lcd.o(.constdata)
    x$fpl$usenofp                            0x08008888   Section        0  usenofp.o(x$fpl$usenofp)
    .constdata                               0x0800a048   Section       40  _printf_hex_int.o(.constdata)
    uc_hextab                                0x0800a048   Data          20  _printf_hex_int.o(.constdata)
    lc_hextab                                0x0800a05c   Data          20  _printf_hex_int.o(.constdata)
    .constdata                               0x0800a070   Section      136  pow.o(.constdata)
    bp                                       0x0800a070   Data          16  pow.o(.constdata)
    dp_h                                     0x0800a080   Data          16  pow.o(.constdata)
    dp_l                                     0x0800a090   Data          16  pow.o(.constdata)
    L                                        0x0800a0a0   Data          48  pow.o(.constdata)
    P                                        0x0800a0d0   Data          40  pow.o(.constdata)
    .constdata                               0x0800a0f8   Section        8  qnan.o(.constdata)
    .constdata                               0x0800a100   Section      148  bigflt0.o(.constdata)
    tenpwrs_x                                0x0800a100   Data          60  bigflt0.o(.constdata)
    tenpwrs_i                                0x0800a13c   Data          64  bigflt0.o(.constdata)
    locale$$data                             0x0800a1b4   Section       28  lc_numeric_c.o(locale$$data)
    __lcnum_c_name                           0x0800a1b8   Data           2  lc_numeric_c.o(locale$$data)
    __lcnum_c_start                          0x0800a1c0   Data           0  lc_numeric_c.o(locale$$data)
    __lcnum_c_point                          0x0800a1cc   Data           0  lc_numeric_c.o(locale$$data)
    __lcnum_c_thousands                      0x0800a1ce   Data           0  lc_numeric_c.o(locale$$data)
    __lcnum_c_grouping                       0x0800a1cf   Data           0  lc_numeric_c.o(locale$$data)
    __lcnum_c_end                            0x0800a1d0   Data           0  lc_numeric_c.o(locale$$data)
    .data                                    0x20000000   Section        8  main.o(.data)
    .data                                    0x20000008   Section       20  system_stm32f10x.o(.data)
    .data                                    0x2000001c   Section        4  delay.o(.data)
    fac_us                                   0x2000001c   Data           1  delay.o(.data)
    fac_ms                                   0x2000001e   Data           2  delay.o(.data)
    .data                                    0x20000020   Section        6  usart.o(.data)
    .data                                    0x20000028   Section       51  bme280.o(.data)
    .data                                    0x2000005b   Section        1  key.o(.data)
    key_up                                   0x2000005b   Data           1  key.o(.data)
    .data                                    0x2000005c   Section        4  lcd.o(.data)
    .data                                    0x20000060   Section        4  timer.o(.data)
    .data                                    0x20000064   Section       20  stm32f10x_rcc.o(.data)
    APBAHBPrescTable                         0x20000064   Data          16  stm32f10x_rcc.o(.data)
    ADCPrescTable                            0x20000074   Data           4  stm32f10x_rcc.o(.data)
    .bss                                     0x20000078   Section      200  usart.o(.bss)
    .bss                                     0x20000140   Section       14  lcd.o(.bss)
    .bss                                     0x20000150   Section       96  libspace.o(.bss)
    HEAP                                     0x200001b0   Section      512  startup_stm32f10x_hd.o(HEAP)
    Heap_Mem                                 0x200001b0   Data         512  startup_stm32f10x_hd.o(HEAP)
    STACK                                    0x200003b0   Section     1024  startup_stm32f10x_hd.o(STACK)
    Stack_Mem                                0x200003b0   Data        1024  startup_stm32f10x_hd.o(STACK)
    __initial_sp                             0x200007b0   Data           0  startup_stm32f10x_hd.o(STACK)

    Global Symbols

    Symbol Name                              Value     Ov Type        Size  Object(Section)

    BuildAttributes$$THM_ISAv4$P$D$K$B$S$PE$A:L22UL41UL21$X:L11$S22US41US21$IEEE1$IW$USESV6$~STKCKD$USESV7$~SHL$OTIME$ROPI$IEEEX$EBA8$UX$STANDARDLIB$REQ8$PRES8$EABIv2 0x00000000   Number         0  anon$$obj.o ABSOLUTE
    __ARM_use_no_argv                        0x00000000   Number         0  main.o ABSOLUTE
    __ARM_exceptions_init                     - Undefined Weak Reference
    __alloca_initialize                       - Undefined Weak Reference
    __arm_fini_                               - Undefined Weak Reference
    __arm_preinit_                            - Undefined Weak Reference
    __cpp_initialize__aeabi_                  - Undefined Weak Reference
    __cxa_finalize                            - Undefined Weak Reference
    __sigvec_lookup                           - Undefined Weak Reference
    _atexit_init                              - Undefined Weak Reference
    _call_atexit_fns                          - Undefined Weak Reference
    _clock_init                               - Undefined Weak Reference
    _fp_trap_init                             - Undefined Weak Reference
    _fp_trap_shutdown                         - Undefined Weak Reference
    _get_lc_collate                           - Undefined Weak Reference
    _get_lc_ctype                             - Undefined Weak Reference
    _get_lc_monetary                          - Undefined Weak Reference
    _get_lc_time                              - Undefined Weak Reference
    _getenv_init                              - Undefined Weak Reference
    _handle_redirection                       - Undefined Weak Reference
    _init_alloc                               - Undefined Weak Reference
    _init_user_alloc                          - Undefined Weak Reference
    _initio                                   - Undefined Weak Reference
    _mutex_acquire                            - Undefined Weak Reference
    _mutex_release                            - Undefined Weak Reference
    _printf_post_padding                      - Undefined Weak Reference
    _printf_pre_padding                       - Undefined Weak Reference
    _printf_truncate_signed                   - Undefined Weak Reference
    _printf_truncate_unsigned                 - Undefined Weak Reference
    _rand_init                                - Undefined Weak Reference
    _signal_finish                            - Undefined Weak Reference
    _signal_init                              - Undefined Weak Reference
    _terminate_alloc                          - Undefined Weak Reference
    _terminate_user_alloc                     - Undefined Weak Reference
    _terminateio                              - Undefined Weak Reference
    __Vectors_Size                           0x00000130   Number         0  startup_stm32f10x_hd.o ABSOLUTE
    __Vectors                                0x08000000   Data           4  startup_stm32f10x_hd.o(RESET)
    __Vectors_End                            0x08000130   Data           0  startup_stm32f10x_hd.o(RESET)
    __main                                   0x08000131   Thumb Code     8  __main.o(!!!main)
    __scatterload                            0x08000139   Thumb Code     0  __scatter.o(!!!scatter)
    __scatterload_rt2                        0x08000139   Thumb Code    44  __scatter.o(!!!scatter)
    __scatterload_rt2_thumb_only             0x08000139   Thumb Code     0  __scatter.o(!!!scatter)
    __scatterload_null                       0x08000147   Thumb Code     0  __scatter.o(!!!scatter)
    __scatterload_copy                       0x0800016d   Thumb Code    26  __scatter_copy.o(!!handler_copy)
    __scatterload_zeroinit                   0x08000189   Thumb Code    28  __scatter_zi.o(!!handler_zi)
    _printf_f                                0x080001a5   Thumb Code     0  _printf_f.o(.ARM.Collect$$_printf_percent$$00000003)
    _printf_percent                          0x080001a5   Thumb Code     0  _printf_percent.o(.ARM.Collect$$_printf_percent$$00000000)
    _printf_d                                0x080001ab   Thumb Code     0  _printf_d.o(.ARM.Collect$$_printf_percent$$00000009)
    _printf_x                                0x080001b1   Thumb Code     0  _printf_x.o(.ARM.Collect$$_printf_percent$$0000000C)
    _printf_percent_end                      0x080001b7   Thumb Code     0  _printf_percent_end.o(.ARM.Collect$$_printf_percent$$00000017)
    __rt_lib_init                            0x080001bb   Thumb Code     0  libinit.o(.ARM.Collect$$libinit$$00000000)
    __rt_lib_init_fp_1                       0x080001bd   Thumb Code     0  libinit2.o(.ARM.Collect$$libinit$$00000002)
    __rt_lib_init_heap_1                     0x080001bd   Thumb Code     0  libinit2.o(.ARM.Collect$$libinit$$0000000A)
    __rt_lib_init_lc_common                  0x080001bd   Thumb Code     0  libinit2.o(.ARM.Collect$$libinit$$0000000F)
    __rt_lib_init_preinit_1                  0x080001bd   Thumb Code     0  libinit2.o(.ARM.Collect$$libinit$$00000004)
    __rt_lib_init_rand_1                     0x080001bd   Thumb Code     0  libinit2.o(.ARM.Collect$$libinit$$0000000E)
    __rt_lib_init_user_alloc_1               0x080001bd   Thumb Code     0  libinit2.o(.ARM.Collect$$libinit$$0000000C)
    __rt_lib_init_lc_collate_1               0x080001c3   Thumb Code     0  libinit2.o(.ARM.Collect$$libinit$$00000011)
    __rt_lib_init_lc_ctype_1                 0x080001c3   Thumb Code     0  libinit2.o(.ARM.Collect$$libinit$$00000013)
    __rt_lib_init_lc_monetary_1              0x080001c3   Thumb Code     0  libinit2.o(.ARM.Collect$$libinit$$00000015)
    __rt_lib_init_lc_numeric_2               0x080001c3   Thumb Code     0  libinit2.o(.ARM.Collect$$libinit$$00000016)
    __rt_lib_init_alloca_1                   0x080001cd   Thumb Code     0  libinit2.o(.ARM.Collect$$libinit$$0000002E)
    __rt_lib_init_argv_1                     0x080001cd   Thumb Code     0  libinit2.o(.ARM.Collect$$libinit$$0000002C)
    __rt_lib_init_atexit_1                   0x080001cd   Thumb Code     0  libinit2.o(.ARM.Collect$$libinit$$0000001B)
    __rt_lib_init_clock_1                    0x080001cd   Thumb Code     0  libinit2.o(.ARM.Collect$$libinit$$00000021)
    __rt_lib_init_cpp_1                      0x080001cd   Thumb Code     0  libinit2.o(.ARM.Collect$$libinit$$00000032)
    __rt_lib_init_exceptions_1               0x080001cd   Thumb Code     0  libinit2.o(.ARM.Collect$$libinit$$00000030)
    __rt_lib_init_fp_trap_1                  0x080001cd   Thumb Code     0  libinit2.o(.ARM.Collect$$libinit$$0000001F)
    __rt_lib_init_getenv_1                   0x080001cd   Thumb Code     0  libinit2.o(.ARM.Collect$$libinit$$00000023)
    __rt_lib_init_lc_numeric_1               0x080001cd   Thumb Code     0  libinit2.o(.ARM.Collect$$libinit$$00000017)
    __rt_lib_init_lc_time_1                  0x080001cd   Thumb Code     0  libinit2.o(.ARM.Collect$$libinit$$00000019)
    __rt_lib_init_return                     0x080001cd   Thumb Code     0  libinit2.o(.ARM.Collect$$libinit$$00000033)
    __rt_lib_init_signal_1                   0x080001cd   Thumb Code     0  libinit2.o(.ARM.Collect$$libinit$$0000001D)
    __rt_lib_init_stdio_1                    0x080001cd   Thumb Code     0  libinit2.o(.ARM.Collect$$libinit$$00000025)
    __rt_lib_shutdown                        0x080001cf   Thumb Code     0  libshutdown.o(.ARM.Collect$$libshutdown$$00000000)
    __rt_lib_shutdown_cpp_1                  0x080001d1   Thumb Code     0  libshutdown2.o(.ARM.Collect$$libshutdown$$00000004)
    __rt_lib_shutdown_fini_1                 0x080001d1   Thumb Code     0  libshutdown2.o(.ARM.Collect$$libshutdown$$00000002)
    __rt_lib_shutdown_fp_trap_1              0x080001d1   Thumb Code     0  libshutdown2.o(.ARM.Collect$$libshutdown$$00000009)
    __rt_lib_shutdown_heap_1                 0x080001d1   Thumb Code     0  libshutdown2.o(.ARM.Collect$$libshutdown$$00000011)
    __rt_lib_shutdown_return                 0x080001d1   Thumb Code     0  libshutdown2.o(.ARM.Collect$$libshutdown$$00000012)
    __rt_lib_shutdown_signal_1               0x080001d1   Thumb Code     0  libshutdown2.o(.ARM.Collect$$libshutdown$$0000000C)
    __rt_lib_shutdown_stdio_1                0x080001d1   Thumb Code     0  libshutdown2.o(.ARM.Collect$$libshutdown$$00000006)
    __rt_lib_shutdown_user_alloc_1           0x080001d1   Thumb Code     0  libshutdown2.o(.ARM.Collect$$libshutdown$$0000000E)
    __rt_entry                               0x080001d3   Thumb Code     0  __rtentry.o(.ARM.Collect$$rtentry$$00000000)
    __rt_entry_presh_1                       0x080001d3   Thumb Code     0  __rtentry2.o(.ARM.Collect$$rtentry$$00000002)
    __rt_entry_sh                            0x080001d3   Thumb Code     0  __rtentry4.o(.ARM.Collect$$rtentry$$00000004)
    __rt_entry_li                            0x080001d9   Thumb Code     0  __rtentry2.o(.ARM.Collect$$rtentry$$0000000A)
    __rt_entry_postsh_1                      0x080001d9   Thumb Code     0  __rtentry2.o(.ARM.Collect$$rtentry$$00000009)
    __rt_entry_main                          0x080001dd   Thumb Code     0  __rtentry2.o(.ARM.Collect$$rtentry$$0000000D)
    __rt_entry_postli_1                      0x080001dd   Thumb Code     0  __rtentry2.o(.ARM.Collect$$rtentry$$0000000C)
    __rt_exit                                0x080001e5   Thumb Code     0  rtexit.o(.ARM.Collect$$rtexit$$00000000)
    __rt_exit_ls                             0x080001e7   Thumb Code     0  rtexit2.o(.ARM.Collect$$rtexit$$00000003)
    __rt_exit_prels_1                        0x080001e7   Thumb Code     0  rtexit2.o(.ARM.Collect$$rtexit$$00000002)
    __rt_exit_exit                           0x080001eb   Thumb Code     0  rtexit2.o(.ARM.Collect$$rtexit$$00000004)
    Reset_Handler                            0x080001f1   Thumb Code     8  startup_stm32f10x_hd.o(.text)
    ADC1_2_IRQHandler                        0x0800020b   Thumb Code     0  startup_stm32f10x_hd.o(.text)
    ADC3_IRQHandler                          0x0800020b   Thumb Code     0  startup_stm32f10x_hd.o(.text)
    CAN1_RX1_IRQHandler                      0x0800020b   Thumb Code     0  startup_stm32f10x_hd.o(.text)
    CAN1_SCE_IRQHandler                      0x0800020b   Thumb Code     0  startup_stm32f10x_hd.o(.text)
    DMA1_Channel1_IRQHandler                 0x0800020b   Thumb Code     0  startup_stm32f10x_hd.o(.text)
    DMA1_Channel2_IRQHandler                 0x0800020b   Thumb Code     0  startup_stm32f10x_hd.o(.text)
    DMA1_Channel3_IRQHandler                 0x0800020b   Thumb Code     0  startup_stm32f10x_hd.o(.text)
    DMA1_Channel4_IRQHandler                 0x0800020b   Thumb Code     0  startup_stm32f10x_hd.o(.text)
    DMA1_Channel5_IRQHandler                 0x0800020b   Thumb Code     0  startup_stm32f10x_hd.o(.text)
    DMA1_Channel6_IRQHandler                 0x0800020b   Thumb Code     0  startup_stm32f10x_hd.o(.text)
    DMA1_Channel7_IRQHandler                 0x0800020b   Thumb Code     0  startup_stm32f10x_hd.o(.text)
    DMA2_Channel1_IRQHandler                 0x0800020b   Thumb Code     0  startup_stm32f10x_hd.o(.text)
    DMA2_Channel2_IRQHandler                 0x0800020b   Thumb Code     0  startup_stm32f10x_hd.o(.text)
    DMA2_Channel3_IRQHandler                 0x0800020b   Thumb Code     0  startup_stm32f10x_hd.o(.text)
    DMA2_Channel4_5_IRQHandler               0x0800020b   Thumb Code     0  startup_stm32f10x_hd.o(.text)
    EXTI0_IRQHandler                         0x0800020b   Thumb Code     0  startup_stm32f10x_hd.o(.text)
    EXTI15_10_IRQHandler                     0x0800020b   Thumb Code     0  startup_stm32f10x_hd.o(.text)
    EXTI1_IRQHandler                         0x0800020b   Thumb Code     0  startup_stm32f10x_hd.o(.text)
    EXTI2_IRQHandler                         0x0800020b   Thumb Code     0  startup_stm32f10x_hd.o(.text)
    EXTI3_IRQHandler                         0x0800020b   Thumb Code     0  startup_stm32f10x_hd.o(.text)
    EXTI4_IRQHandler                         0x0800020b   Thumb Code     0  startup_stm32f10x_hd.o(.text)
    EXTI9_5_IRQHandler                       0x0800020b   Thumb Code     0  startup_stm32f10x_hd.o(.text)
    FLASH_IRQHandler                         0x0800020b   Thumb Code     0  startup_stm32f10x_hd.o(.text)
    FSMC_IRQHandler                          0x0800020b   Thumb Code     0  startup_stm32f10x_hd.o(.text)
    I2C1_ER_IRQHandler                       0x0800020b   Thumb Code     0  startup_stm32f10x_hd.o(.text)
    I2C1_EV_IRQHandler                       0x0800020b   Thumb Code     0  startup_stm32f10x_hd.o(.text)
    I2C2_ER_IRQHandler                       0x0800020b   Thumb Code     0  startup_stm32f10x_hd.o(.text)
    I2C2_EV_IRQHandler                       0x0800020b   Thumb Code     0  startup_stm32f10x_hd.o(.text)
    PVD_IRQHandler                           0x0800020b   Thumb Code     0  startup_stm32f10x_hd.o(.text)
    RCC_IRQHandler                           0x0800020b   Thumb Code     0  startup_stm32f10x_hd.o(.text)
    RTCAlarm_IRQHandler                      0x0800020b   Thumb Code     0  startup_stm32f10x_hd.o(.text)
    RTC_IRQHandler                           0x0800020b   Thumb Code     0  startup_stm32f10x_hd.o(.text)
    SDIO_IRQHandler                          0x0800020b   Thumb Code     0  startup_stm32f10x_hd.o(.text)
    SPI1_IRQHandler                          0x0800020b   Thumb Code     0  startup_stm32f10x_hd.o(.text)
    SPI2_IRQHandler                          0x0800020b   Thumb Code     0  startup_stm32f10x_hd.o(.text)
    SPI3_IRQHandler                          0x0800020b   Thumb Code     0  startup_stm32f10x_hd.o(.text)
    TAMPER_IRQHandler                        0x0800020b   Thumb Code     0  startup_stm32f10x_hd.o(.text)
    TIM1_BRK_IRQHandler                      0x0800020b   Thumb Code     0  startup_stm32f10x_hd.o(.text)
    TIM1_CC_IRQHandler                       0x0800020b   Thumb Code     0  startup_stm32f10x_hd.o(.text)
    TIM1_TRG_COM_IRQHandler                  0x0800020b   Thumb Code     0  startup_stm32f10x_hd.o(.text)
    TIM1_UP_IRQHandler                       0x0800020b   Thumb Code     0  startup_stm32f10x_hd.o(.text)
    TIM2_IRQHandler                          0x0800020b   Thumb Code     0  startup_stm32f10x_hd.o(.text)
    TIM4_IRQHandler                          0x0800020b   Thumb Code     0  startup_stm32f10x_hd.o(.text)
    TIM5_IRQHandler                          0x0800020b   Thumb Code     0  startup_stm32f10x_hd.o(.text)
    TIM7_IRQHandler                          0x0800020b   Thumb Code     0  startup_stm32f10x_hd.o(.text)
    TIM8_BRK_IRQHandler                      0x0800020b   Thumb Code     0  startup_stm32f10x_hd.o(.text)
    TIM8_CC_IRQHandler                       0x0800020b   Thumb Code     0  startup_stm32f10x_hd.o(.text)
    TIM8_TRG_COM_IRQHandler                  0x0800020b   Thumb Code     0  startup_stm32f10x_hd.o(.text)
    TIM8_UP_IRQHandler                       0x0800020b   Thumb Code     0  startup_stm32f10x_hd.o(.text)
    UART4_IRQHandler                         0x0800020b   Thumb Code     0  startup_stm32f10x_hd.o(.text)
    UART5_IRQHandler                         0x0800020b   Thumb Code     0  startup_stm32f10x_hd.o(.text)
    USART2_IRQHandler                        0x0800020b   Thumb Code     0  startup_stm32f10x_hd.o(.text)
    USART3_IRQHandler                        0x0800020b   Thumb Code     0  startup_stm32f10x_hd.o(.text)
    USBWakeUp_IRQHandler                     0x0800020b   Thumb Code     0  startup_stm32f10x_hd.o(.text)
    USB_HP_CAN1_TX_IRQHandler                0x0800020b   Thumb Code     0  startup_stm32f10x_hd.o(.text)
    USB_LP_CAN1_RX0_IRQHandler               0x0800020b   Thumb Code     0  startup_stm32f10x_hd.o(.text)
    WWDG_IRQHandler                          0x0800020b   Thumb Code     0  startup_stm32f10x_hd.o(.text)
    __user_initial_stackheap                 0x0800020d   Thumb Code     0  startup_stm32f10x_hd.o(.text)
    __use_no_semihosting                     0x08000231   Thumb Code     2  use_no_semi_2.o(.text)
    __2printf                                0x08000235   Thumb Code    20  noretval__2printf.o(.text)
    __printf                                 0x0800024d   Thumb Code   104  __printf.o(.text)
    _printf_int_dec                          0x080002b5   Thumb Code   104  _printf_dec.o(.text)
    _printf_int_hex                          0x0800032d   Thumb Code    84  _printf_hex_int.o(.text)
    _printf_longlong_hex                     0x0800032d   Thumb Code     0  _printf_hex_int.o(.text)
    __use_two_region_memory                  0x08000385   Thumb Code     2  heapauxi.o(.text)
    __rt_heap_escrow$2region                 0x08000387   Thumb Code     2  heapauxi.o(.text)
    __rt_heap_expand$2region                 0x08000389   Thumb Code     2  heapauxi.o(.text)
    __I$use$semihosting                      0x0800038b   Thumb Code     0  use_no_semi.o(.text)
    __use_no_semihosting_swi                 0x0800038b   Thumb Code     2  use_no_semi.o(.text)
    __read_errno                             0x0800038d   Thumb Code    10  _rserrno.o(.text)
    __set_errno                              0x08000397   Thumb Code    12  _rserrno.o(.text)
    _printf_int_common                       0x080003a3   Thumb Code   178  _printf_intcommon.o(.text)
    __lib_sel_fp_printf                      0x08000455   Thumb Code     2  _printf_fp_dec.o(.text)
    _printf_fp_dec_real                      0x08000607   Thumb Code   620  _printf_fp_dec.o(.text)
    _printf_char_file                        0x08000875   Thumb Code    32  _printf_char_file.o(.text)
    __rt_locale                              0x08000899   Thumb Code     8  rt_locale_intlibspace.o(.text)
    __aeabi_errno_addr                       0x080008a1   Thumb Code     8  rt_errno_addr_intlibspace.o(.text)
    __errno$intlibspace                      0x080008a1   Thumb Code     0  rt_errno_addr_intlibspace.o(.text)
    __rt_errno_addr$intlibspace              0x080008a1   Thumb Code     0  rt_errno_addr_intlibspace.o(.text)
    _ll_udiv10                               0x080008a9   Thumb Code   138  lludiv10.o(.text)
    _printf_char_common                      0x0800093f   Thumb Code    32  _printf_char_common.o(.text)
    _printf_fp_infnan                        0x08000965   Thumb Code   112  _printf_fp_infnan.o(.text)
    _btod_etento                             0x080009e5   Thumb Code   224  bigflt0.o(.text)
    ferror                                   0x08000ac9   Thumb Code     8  ferror.o(.text)
    __user_libspace                          0x08000ad1   Thumb Code     8  libspace.o(.text)
    __user_perproc_libspace                  0x08000ad1   Thumb Code     0  libspace.o(.text)
    __user_perthread_libspace                0x08000ad1   Thumb Code     0  libspace.o(.text)
    __user_setup_stackheap                   0x08000ad9   Thumb Code    74  sys_stackheap_outer.o(.text)
    exit                                     0x08000b23   Thumb Code    18  exit.o(.text)
    strcmp                                   0x08000b35   Thumb Code   128  strcmpv7m.o(.text)
    _btod_d2e                                0x08000bb5   Thumb Code    62  btod.o(CL$$btod_d2e)
    _d2e_denorm_low                          0x08000bf3   Thumb Code    70  btod.o(CL$$btod_d2e_denorm_low)
    _d2e_norm_op1                            0x08000c39   Thumb Code    96  btod.o(CL$$btod_d2e_norm_op1)
    __btod_div_common                        0x08000c99   Thumb Code   696  btod.o(CL$$btod_div_common)
    _e2e                                     0x08000fd1   Thumb Code   220  btod.o(CL$$btod_e2e)
    _btod_ediv                               0x080010ad   Thumb Code    42  btod.o(CL$$btod_ediv)
    _btod_emul                               0x080010d7   Thumb Code    42  btod.o(CL$$btod_emul)
    __btod_mult_common                       0x08001101   Thumb Code   580  btod.o(CL$$btod_mult_common)
    ADC_Cmd                                  0x08001345   Thumb Code    22  stm32f10x_adc.o(i.ADC_Cmd)
    ADC_DeInit                               0x0800135d   Thumb Code    78  stm32f10x_adc.o(i.ADC_DeInit)
    ADC_GetCalibrationStatus                 0x080013b9   Thumb Code    20  stm32f10x_adc.o(i.ADC_GetCalibrationStatus)
    ADC_GetConversionValue                   0x080013cd   Thumb Code     8  stm32f10x_adc.o(i.ADC_GetConversionValue)
    ADC_GetFlagStatus                        0x080013d5   Thumb Code    18  stm32f10x_adc.o(i.ADC_GetFlagStatus)
    ADC_GetResetCalibrationStatus            0x080013e7   Thumb Code    20  stm32f10x_adc.o(i.ADC_GetResetCalibrationStatus)
    ADC_Init                                 0x080013fd   Thumb Code    70  stm32f10x_adc.o(i.ADC_Init)
    ADC_RegularChannelConfig                 0x0800144d   Thumb Code   184  stm32f10x_adc.o(i.ADC_RegularChannelConfig)
    ADC_ResetCalibration                     0x08001505   Thumb Code    10  stm32f10x_adc.o(i.ADC_ResetCalibration)
    ADC_SoftwareStartConvCmd                 0x0800150f   Thumb Code    22  stm32f10x_adc.o(i.ADC_SoftwareStartConvCmd)
    ADC_StartCalibration                     0x08001525   Thumb Code    10  stm32f10x_adc.o(i.ADC_StartCalibration)
    Adc2_Init                                0x08001531   Thumb Code   132  adc.o(i.Adc2_Init)
    Adc_Init                                 0x080015bd   Thumb Code   132  adc.o(i.Adc_Init)
    BASIC_TIM_Config                         0x08001649   Thumb Code    68  timer.o(i.BASIC_TIM_Config)
    BASIC_TIM_NVIC_Config                    0x08001691   Thumb Code    34  timer.o(i.BASIC_TIM_NVIC_Config)
    BusFault_Handler                         0x080016b3   Thumb Code     4  stm32f10x_it.o(i.BusFault_Handler)
    DebugMon_Handler                         0x080016b7   Thumb Code     2  stm32f10x_it.o(i.DebugMon_Handler)
    GPIO_Init                                0x080016b9   Thumb Code   278  stm32f10x_gpio.o(i.GPIO_Init)
    GPIO_PinRemapConfig                      0x080017d1   Thumb Code   138  stm32f10x_gpio.o(i.GPIO_PinRemapConfig)
    GPIO_ReadInputDataBit                    0x08001861   Thumb Code    18  stm32f10x_gpio.o(i.GPIO_ReadInputDataBit)
    GPIO_ResetBits                           0x08001873   Thumb Code     4  stm32f10x_gpio.o(i.GPIO_ResetBits)
    GPIO_SetBits                             0x08001877   Thumb Code     4  stm32f10x_gpio.o(i.GPIO_SetBits)
    Get_Adc                                  0x0800187d   Thumb Code    46  adc.o(i.Get_Adc)
    Get_Adc2                                 0x080018b1   Thumb Code    46  adc.o(i.Get_Adc2)
    Get_Adc2_Average                         0x080018e5   Thumb Code    46  adc.o(i.Get_Adc2_Average)
    Get_Adc_Average                          0x08001913   Thumb Code    46  adc.o(i.Get_Adc_Average)
    HardFault_Handler                        0x08001941   Thumb Code     4  stm32f10x_it.o(i.HardFault_Handler)
    IIC_Ack                                  0x08001945   Thumb Code    66  myiic.o(i.IIC_Ack)
    IIC_Init                                 0x08001995   Thumb Code    52  myiic.o(i.IIC_Init)
    IIC_NAck                                 0x080019d5   Thumb Code    66  myiic.o(i.IIC_NAck)
    IIC_Read_Byte                            0x08001a25   Thumb Code    98  myiic.o(i.IIC_Read_Byte)
    IIC_Send_Byte                            0x08001a95   Thumb Code    90  myiic.o(i.IIC_Send_Byte)
    IIC_Start                                0x08001afd   Thumb Code    64  myiic.o(i.IIC_Start)
    IIC_Stop                                 0x08001b49   Thumb Code    62  myiic.o(i.IIC_Stop)
    IIC_Wait_Ack                             0x08001b95   Thumb Code    86  myiic.o(i.IIC_Wait_Ack)
    KEY_Init                                 0x08001bf9   Thumb Code    82  key.o(i.KEY_Init)
    KEY_Scan                                 0x08001c59   Thumb Code   154  key.o(i.KEY_Scan)
    LCD_Clear                                0x08001d01   Thumb Code    64  lcd.o(i.LCD_Clear)
    LCD_Display_Dir                          0x08001d4d   Thumb Code   298  lcd.o(i.LCD_Display_Dir)
    LCD_Fast_DrawPoint                       0x08001e7d   Thumb Code   630  lcd.o(i.LCD_Fast_DrawPoint)
    LCD_Init                                 0x08002101   Thumb Code 10580  lcd.o(i.LCD_Init)
    LCD_Pow                                  0x08004a61   Thumb Code    22  lcd.o(i.LCD_Pow)
    LCD_RD_DATA                              0x08004a79   Thumb Code    86  lcd.o(i.LCD_RD_DATA)
    LCD_SSD_BackLightSet                     0x08004ad9   Thumb Code   198  lcd.o(i.LCD_SSD_BackLightSet)
    LCD_Scan_Dir                             0x08004bad   Thumb Code   916  lcd.o(i.LCD_Scan_Dir)
    LCD_SetCursor                            0x08004f4d   Thumb Code   720  lcd.o(i.LCD_SetCursor)
    LCD_ShowChar                             0x08005229   Thumb Code   272  lcd.o(i.LCD_ShowChar)
    LCD_ShowString                           0x08005351   Thumb Code   102  lcd.o(i.LCD_ShowString)
    LCD_ShowxNum                             0x080053b7   Thumb Code   190  lcd.o(i.LCD_ShowxNum)
    LCD_WR_DATAX                             0x08005475   Thumb Code    28  lcd.o(i.LCD_WR_DATAX)
    LCD_WR_REG                               0x08005499   Thumb Code    28  lcd.o(i.LCD_WR_REG)
    LCD_WriteRAM_Prepare                     0x080054bd   Thumb Code    12  lcd.o(i.LCD_WriteRAM_Prepare)
    LCD_WriteReg                             0x080054cd   Thumb Code    40  lcd.o(i.LCD_WriteReg)
    LED_Init                                 0x080054fd   Thumb Code    72  led.o(i.LED_Init)
    MemManage_Handler                        0x0800554d   Thumb Code     4  stm32f10x_it.o(i.MemManage_Handler)
    NMI_Handler                              0x08005551   Thumb Code     2  stm32f10x_it.o(i.NMI_Handler)
    NVIC_Init                                0x08005555   Thumb Code   100  misc.o(i.NVIC_Init)
    NVIC_PriorityGroupConfig                 0x080055c5   Thumb Code    10  misc.o(i.NVIC_PriorityGroupConfig)
    PendSV_Handler                           0x080055d9   Thumb Code     2  stm32f10x_it.o(i.PendSV_Handler)
    RCC_ADCCLKConfig                         0x080055dd   Thumb Code    18  stm32f10x_rcc.o(i.RCC_ADCCLKConfig)
    RCC_APB1PeriphClockCmd                   0x080055f5   Thumb Code    26  stm32f10x_rcc.o(i.RCC_APB1PeriphClockCmd)
    RCC_APB2PeriphClockCmd                   0x08005615   Thumb Code    26  stm32f10x_rcc.o(i.RCC_APB2PeriphClockCmd)
    RCC_APB2PeriphResetCmd                   0x08005635   Thumb Code    26  stm32f10x_rcc.o(i.RCC_APB2PeriphResetCmd)
    RCC_GetClocksFreq                        0x08005655   Thumb Code   192  stm32f10x_rcc.o(i.RCC_GetClocksFreq)
    SVC_Handler                              0x08005729   Thumb Code     2  stm32f10x_it.o(i.SVC_Handler)
    SysTick_CLKSourceConfig                  0x08005815   Thumb Code    40  misc.o(i.SysTick_CLKSourceConfig)
    SysTick_Handler                          0x0800583d   Thumb Code     2  stm32f10x_it.o(i.SysTick_Handler)
    SystemInit                               0x08005841   Thumb Code    78  system_stm32f10x.o(i.SystemInit)
    TIM3_IRQHandler                          0x080058a1   Thumb Code   106  timer.o(i.TIM3_IRQHandler)
    TIM3_Int_Init                            0x08005935   Thumb Code    90  timer.o(i.TIM3_Int_Init)
    TIM6_IRQHandler                          0x08005995   Thumb Code    32  timer.o(i.TIM6_IRQHandler)
    TIM_ClearFlag                            0x080059bd   Thumb Code     6  stm32f10x_tim.o(i.TIM_ClearFlag)
    TIM_ClearITPendingBit                    0x080059c3   Thumb Code     6  stm32f10x_tim.o(i.TIM_ClearITPendingBit)
    TIM_Cmd                                  0x080059c9   Thumb Code    24  stm32f10x_tim.o(i.TIM_Cmd)
    TIM_GetITStatus                          0x080059e1   Thumb Code    34  stm32f10x_tim.o(i.TIM_GetITStatus)
    TIM_ITConfig                             0x08005a03   Thumb Code    18  stm32f10x_tim.o(i.TIM_ITConfig)
    TIM_TimeBaseInit                         0x08005a15   Thumb Code   122  stm32f10x_tim.o(i.TIM_TimeBaseInit)
    USART1_IRQHandler                        0x08005ab9   Thumb Code   122  usart.o(i.USART1_IRQHandler)
    USART_Cmd                                0x08005b41   Thumb Code    24  stm32f10x_usart.o(i.USART_Cmd)
    USART_GetITStatus                        0x08005b59   Thumb Code    84  stm32f10x_usart.o(i.USART_GetITStatus)
    USART_ITConfig                           0x08005bad   Thumb Code    74  stm32f10x_usart.o(i.USART_ITConfig)
    USART_Init                               0x08005bf9   Thumb Code   210  stm32f10x_usart.o(i.USART_Init)
    USART_ReceiveData                        0x08005cd1   Thumb Code    10  stm32f10x_usart.o(i.USART_ReceiveData)
    UsageFault_Handler                       0x08005cdb   Thumb Code     4  stm32f10x_it.o(i.UsageFault_Handler)
    __ARM_fpclassify                         0x08005cdf   Thumb Code    40  fpclassify.o(i.__ARM_fpclassify)
    __kernel_poly                            0x08005d07   Thumb Code   170  poly.o(i.__kernel_poly)
    __mathlib_dbl_divzero                    0x08005db1   Thumb Code    12  dunder.o(i.__mathlib_dbl_divzero)
    __mathlib_dbl_infnan2                    0x08005dc1   Thumb Code     4  dunder.o(i.__mathlib_dbl_infnan2)
    __mathlib_dbl_invalid                    0x08005dc5   Thumb Code    12  dunder.o(i.__mathlib_dbl_invalid)
    __mathlib_dbl_overflow                   0x08005dd1   Thumb Code    14  dunder.o(i.__mathlib_dbl_overflow)
    __mathlib_dbl_underflow                  0x08005de1   Thumb Code    10  dunder.o(i.__mathlib_dbl_underflow)
    _sys_exit                                0x08005df1   Thumb Code     6  usart.o(i._sys_exit)
    bme280GetData                            0x08005df9   Thumb Code   160  bme280.o(i.bme280GetData)
    bme280Init                               0x08005ead   Thumb Code    18  bme280.o(i.bme280Init)
    calibration_H                            0x08005f3d   Thumb Code   140  bme280.o(i.calibration_H)
    calibration_P                            0x08005fe5   Thumb Code   184  bme280.o(i.calibration_P)
    calibration_T                            0x080060c5   Thumb Code    66  bme280.o(i.calibration_T)
    delay_init                               0x08006119   Thumb Code    50  delay.o(i.delay_init)
    delay_ms                                 0x0800615d   Thumb Code    72  delay.o(i.delay_ms)
    delay_us                                 0x080061a9   Thumb Code    72  delay.o(i.delay_us)
    fputc                                    0x080061f5   Thumb Code    24  usart.o(i.fputc)
    iicDevRead                               0x08006211   Thumb Code    96  myiic.o(i.iicDevRead)
    iicDevWriteByte                          0x08006271   Thumb Code    48  myiic.o(i.iicDevWriteByte)
    main                                     0x080062a1   Thumb Code  1698  main.o(i.main)
    opt_delay                                0x080069e1   Thumb Code    14  lcd.o(i.opt_delay)
    pow                                      0x080069f1   Thumb Code  2512  pow.o(i.pow)
    readData                                 0x080073c9   Thumb Code    84  bme280.o(i.readData)
    readTrim                                 0x08007429   Thumb Code   344  bme280.o(i.readTrim)
    relay1_init                              0x080075c9   Thumb Code    38  relay.o(i.relay1_init)
    relay1_off                               0x080075f5   Thumb Code    12  relay.o(i.relay1_off)
    relay1_on                                0x08007605   Thumb Code    12  relay.o(i.relay1_on)
    relay_init                               0x08007615   Thumb Code    38  relay.o(i.relay_init)
    relay_off                                0x08007641   Thumb Code    12  relay.o(i.relay_off)
    relay_on                                 0x08007651   Thumb Code    12  relay.o(i.relay_on)
    setup                                    0x08007661   Thumb Code    82  bme280.o(i.setup)
    sqrt                                     0x080076b3   Thumb Code    76  sqrt.o(i.sqrt)
    timing_deinit                            0x080076ff   Thumb Code    12  timer.o(i.timing_deinit)
    timing_init                              0x0800770d   Thumb Code    18  timer.o(i.timing_init)
    uart_init                                0x08007725   Thumb Code   152  usart.o(i.uart_init)
    writeReg                                 0x080077c5   Thumb Code    18  bme280.o(i.writeReg)
    _get_lc_numeric                          0x080077d9   Thumb Code    44  lc_numeric_c.o(locale$$code)
    __aeabi_d2f                              0x08007805   Thumb Code     0  d2f.o(x$fpl$d2f)
    _d2f                                     0x08007805   Thumb Code    98  d2f.o(x$fpl$d2f)
    __aeabi_dadd                             0x08007869   Thumb Code     0  daddsub_clz.o(x$fpl$dadd)
    _dadd                                    0x08007869   Thumb Code   332  daddsub_clz.o(x$fpl$dadd)
    __fpl_dcheck_NaN1                        0x080079b9   Thumb Code    10  dcheck1.o(x$fpl$dcheck1)
    __fpl_dcmp_Inf                           0x080079c9   Thumb Code    24  dcmpi.o(x$fpl$dcmpinf)
    __aeabi_ddiv                             0x080079e1   Thumb Code     0  ddiv.o(x$fpl$ddiv)
    _ddiv                                    0x080079e1   Thumb Code   552  ddiv.o(x$fpl$ddiv)
    __aeabi_d2uiz                            0x08007c91   Thumb Code     0  dfixu.o(x$fpl$dfixu)
    _dfixu                                   0x08007c91   Thumb Code    90  dfixu.o(x$fpl$dfixu)
    __aeabi_i2d                              0x08007ceb   Thumb Code     0  dflt_clz.o(x$fpl$dflt)
    _dflt                                    0x08007ceb   Thumb Code    46  dflt_clz.o(x$fpl$dflt)
    __aeabi_ui2d                             0x08007d19   Thumb Code     0  dflt_clz.o(x$fpl$dfltu)
    _dfltu                                   0x08007d19   Thumb Code    38  dflt_clz.o(x$fpl$dfltu)
    __aeabi_cdcmple                          0x08007d41   Thumb Code     0  dleqf.o(x$fpl$dleqf)
    _dcmple                                  0x08007d41   Thumb Code   120  dleqf.o(x$fpl$dleqf)
    __fpl_dcmple_InfNaN                      0x08007da3   Thumb Code     0  dleqf.o(x$fpl$dleqf)
    __aeabi_dmul                             0x08007db9   Thumb Code     0  dmul.o(x$fpl$dmul)
    _dmul                                    0x08007db9   Thumb Code   332  dmul.o(x$fpl$dmul)
    __fpl_dnaninf                            0x08007f0d   Thumb Code   156  dnaninf.o(x$fpl$dnaninf)
    __fpl_dretinf                            0x08007fa9   Thumb Code    12  dretinf.o(x$fpl$dretinf)
    __aeabi_cdrcmple                         0x08007fb5   Thumb Code     0  drleqf.o(x$fpl$drleqf)
    _drcmple                                 0x08007fb5   Thumb Code   108  drleqf.o(x$fpl$drleqf)
    __aeabi_drsub                            0x08008021   Thumb Code     0  daddsub_clz.o(x$fpl$drsb)
    _drsb                                    0x08008021   Thumb Code    22  daddsub_clz.o(x$fpl$drsb)
    _dsqrt                                   0x08008039   Thumb Code   456  dsqrt_noumaal.o(x$fpl$dsqrt)
    __aeabi_dsub                             0x08008205   Thumb Code     0  daddsub_clz.o(x$fpl$dsub)
    _dsub                                    0x08008205   Thumb Code   464  daddsub_clz.o(x$fpl$dsub)
    __aeabi_f2d                              0x080083d9   Thumb Code     0  f2d.o(x$fpl$f2d)
    _f2d                                     0x080083d9   Thumb Code    86  f2d.o(x$fpl$f2d)
    __fpl_fcmp_Inf                           0x0800842f   Thumb Code    24  fcmpi.o(x$fpl$fcmpinf)
    __aeabi_fdiv                             0x08008449   Thumb Code     0  fdiv.o(x$fpl$fdiv)
    _fdiv                                    0x08008449   Thumb Code   384  fdiv.o(x$fpl$fdiv)
    __aeabi_f2uiz                            0x080085cd   Thumb Code     0  ffixu.o(x$fpl$ffixu)
    _ffixu                                   0x080085cd   Thumb Code    62  ffixu.o(x$fpl$ffixu)
    __aeabi_ui2f                             0x0800860d   Thumb Code     0  fflt_clz.o(x$fpl$ffltu)
    _ffltu                                   0x0800860d   Thumb Code    38  fflt_clz.o(x$fpl$ffltu)
    __aeabi_cfcmple                          0x08008635   Thumb Code     0  fleqf.o(x$fpl$fleqf)
    _fcmple                                  0x08008635   Thumb Code   104  fleqf.o(x$fpl$fleqf)
    __fpl_fcmple_InfNaN                      0x08008687   Thumb Code     0  fleqf.o(x$fpl$fleqf)
    __fpl_fnaninf                            0x0800869d   Thumb Code   140  fnaninf.o(x$fpl$fnaninf)
    __fpl_fretinf                            0x08008729   Thumb Code    10  fretinf.o(x$fpl$fretinf)
    __aeabi_cfrcmple                         0x08008733   Thumb Code     0  frleqf.o(x$fpl$frleqf)
    _frcmple                                 0x08008733   Thumb Code    98  frleqf.o(x$fpl$frleqf)
    _printf_fp_dec                           0x08008795   Thumb Code     4  printf1.o(x$fpl$printf1)
    __fpl_return_NaN                         0x08008799   Thumb Code   100  retnan.o(x$fpl$retnan)
    __ARM_scalbn                             0x080087fd   Thumb Code    92  scalbn.o(x$fpl$scalbn)
    __fpl_cmpreturn                          0x08008859   Thumb Code    48  trapv.o(x$fpl$trapveneer)
    __I$use$fp                               0x08008888   Number         0  usenofp.o(x$fpl$usenofp)
    asc2_1206                                0x08008888   Data        1140  lcd.o(.constdata)
    asc2_1608                                0x08008cfc   Data        1520  lcd.o(.constdata)
    asc2_2412                                0x080092ec   Data        3420  lcd.o(.constdata)
    __mathlib_zero                           0x0800a0f8   Data           8  qnan.o(.constdata)
    Region$$Table$$Base                      0x0800a194   Number         0  anon$$obj.o(Region$$Table)
    Region$$Table$$Limit                     0x0800a1b4   Number         0  anon$$obj.o(Region$$Table)
    count                                    0x20000000   Data           2  main.o(.data)
    flag1                                    0x20000004   Data           4  main.o(.data)
    SystemCoreClock                          0x20000008   Data           4  system_stm32f10x.o(.data)
    AHBPrescTable                            0x2000000c   Data          16  system_stm32f10x.o(.data)
    __stdout                                 0x20000020   Data           4  usart.o(.data)
    USART_RX_STA                             0x20000024   Data           2  usart.o(.data)
    hum_raw                                  0x20000028   Data           4  bme280.o(.data)
    temp_raw                                 0x2000002c   Data           4  bme280.o(.data)
    pres_raw                                 0x20000030   Data           4  bme280.o(.data)
    t_fine                                   0x20000034   Data           4  bme280.o(.data)
    dig_T1                                   0x20000038   Data           2  bme280.o(.data)
    dig_T2                                   0x2000003a   Data           2  bme280.o(.data)
    dig_T3                                   0x2000003c   Data           2  bme280.o(.data)
    dig_P1                                   0x2000003e   Data           2  bme280.o(.data)
    dig_P2                                   0x20000040   Data           2  bme280.o(.data)
    dig_P3                                   0x20000042   Data           2  bme280.o(.data)
    dig_P4                                   0x20000044   Data           2  bme280.o(.data)
    dig_P5                                   0x20000046   Data           2  bme280.o(.data)
    dig_P6                                   0x20000048   Data           2  bme280.o(.data)
    dig_P7                                   0x2000004a   Data           2  bme280.o(.data)
    dig_P8                                   0x2000004c   Data           2  bme280.o(.data)
    dig_P9                                   0x2000004e   Data           2  bme280.o(.data)
    dig_H1                                   0x20000050   Data           1  bme280.o(.data)
    dig_H2                                   0x20000052   Data           2  bme280.o(.data)
    dig_H3                                   0x20000054   Data           1  bme280.o(.data)
    dig_H4                                   0x20000056   Data           2  bme280.o(.data)
    dig_H5                                   0x20000058   Data           2  bme280.o(.data)
    dig_H6                                   0x2000005a   Data           1  bme280.o(.data)
    POINT_COLOR                              0x2000005c   Data           2  lcd.o(.data)
    BACK_COLOR                               0x2000005e   Data           2  lcd.o(.data)
    eachcount                                0x20000060   Data           2  timer.o(.data)
    timing                                   0x20000062   Data           2  timer.o(.data)
    USART_RX_BUF                             0x20000078   Data         200  usart.o(.bss)
    lcddev                                   0x20000140   Data          14  lcd.o(.bss)
    __libspace_start                         0x20000150   Data          96  libspace.o(.bss)
    __temporary_stack_top$libspace           0x200001b0   Data           0  libspace.o(.bss)



==============================================================================

Memory Map of the image

  Image Entry point : 0x08000131

  Load Region LR_IROM1 (Base: 0x08000000, Size: 0x0000a248, Max: 0x00040000, ABSOLUTE)

    Execution Region ER_IROM1 (Exec base: 0x08000000, Load base: 0x08000000, Size: 0x0000a1d0, Max: 0x00040000, ABSOLUTE)

    Exec Addr    Load Addr    Size         Type   Attr      Idx    E Section Name        Object

    0x08000000   0x08000000   0x00000130   Data   RO         2769    RESET               startup_stm32f10x_hd.o
    0x08000130   0x08000130   0x00000008   Code   RO         2833  * !!!main             c_w.l(__main.o)
    0x08000138   0x08000138   0x00000034   Code   RO         3163    !!!scatter          c_w.l(__scatter.o)
    0x0800016c   0x0800016c   0x0000001a   Code   RO         3165    !!handler_copy      c_w.l(__scatter_copy.o)
    0x08000186   0x08000186   0x00000002   PAD
    0x08000188   0x08000188   0x0000001c   Code   RO         3167    !!handler_zi        c_w.l(__scatter_zi.o)
    0x080001a4   0x080001a4   0x00000000   Code   RO         2830    .ARM.Collect$$_printf_percent$$00000000  c_w.l(_printf_percent.o)
    0x080001a4   0x080001a4   0x00000006   Code   RO         2829    .ARM.Collect$$_printf_percent$$00000003  c_w.l(_printf_f.o)
    0x080001aa   0x080001aa   0x00000006   Code   RO         2828    .ARM.Collect$$_printf_percent$$00000009  c_w.l(_printf_d.o)
    0x080001b0   0x080001b0   0x00000006   Code   RO         2827    .ARM.Collect$$_printf_percent$$0000000C  c_w.l(_printf_x.o)
    0x080001b6   0x080001b6   0x00000004   Code   RO         2900    .ARM.Collect$$_printf_percent$$00000017  c_w.l(_printf_percent_end.o)
    0x080001ba   0x080001ba   0x00000002   Code   RO         3032    .ARM.Collect$$libinit$$00000000  c_w.l(libinit.o)
    0x080001bc   0x080001bc   0x00000000   Code   RO         3034    .ARM.Collect$$libinit$$00000002  c_w.l(libinit2.o)
    0x080001bc   0x080001bc   0x00000000   Code   RO         3036    .ARM.Collect$$libinit$$00000004  c_w.l(libinit2.o)
    0x080001bc   0x080001bc   0x00000000   Code   RO         3039    .ARM.Collect$$libinit$$0000000A  c_w.l(libinit2.o)
    0x080001bc   0x080001bc   0x00000000   Code   RO         3041    .ARM.Collect$$libinit$$0000000C  c_w.l(libinit2.o)
    0x080001bc   0x080001bc   0x00000000   Code   RO         3043    .ARM.Collect$$libinit$$0000000E  c_w.l(libinit2.o)
    0x080001bc   0x080001bc   0x00000006   Code   RO         3044    .ARM.Collect$$libinit$$0000000F  c_w.l(libinit2.o)
    0x080001c2   0x080001c2   0x00000000   Code   RO         3046    .ARM.Collect$$libinit$$00000011  c_w.l(libinit2.o)
    0x080001c2   0x080001c2   0x00000000   Code   RO         3048    .ARM.Collect$$libinit$$00000013  c_w.l(libinit2.o)
    0x080001c2   0x080001c2   0x00000000   Code   RO         3050    .ARM.Collect$$libinit$$00000015  c_w.l(libinit2.o)
    0x080001c2   0x080001c2   0x0000000a   Code   RO         3051    .ARM.Collect$$libinit$$00000016  c_w.l(libinit2.o)
    0x080001cc   0x080001cc   0x00000000   Code   RO         3052    .ARM.Collect$$libinit$$00000017  c_w.l(libinit2.o)
    0x080001cc   0x080001cc   0x00000000   Code   RO         3054    .ARM.Collect$$libinit$$00000019  c_w.l(libinit2.o)
    0x080001cc   0x080001cc   0x00000000   Code   RO         3056    .ARM.Collect$$libinit$$0000001B  c_w.l(libinit2.o)
    0x080001cc   0x080001cc   0x00000000   Code   RO         3058    .ARM.Collect$$libinit$$0000001D  c_w.l(libinit2.o)
    0x080001cc   0x080001cc   0x00000000   Code   RO         3060    .ARM.Collect$$libinit$$0000001F  c_w.l(libinit2.o)
    0x080001cc   0x080001cc   0x00000000   Code   RO         3062    .ARM.Collect$$libinit$$00000021  c_w.l(libinit2.o)
    0x080001cc   0x080001cc   0x00000000   Code   RO         3064    .ARM.Collect$$libinit$$00000023  c_w.l(libinit2.o)
    0x080001cc   0x080001cc   0x00000000   Code   RO         3066    .ARM.Collect$$libinit$$00000025  c_w.l(libinit2.o)
    0x080001cc   0x080001cc   0x00000000   Code   RO         3070    .ARM.Collect$$libinit$$0000002C  c_w.l(libinit2.o)
    0x080001cc   0x080001cc   0x00000000   Code   RO         3072    .ARM.Collect$$libinit$$0000002E  c_w.l(libinit2.o)
    0x080001cc   0x080001cc   0x00000000   Code   RO         3074    .ARM.Collect$$libinit$$00000030  c_w.l(libinit2.o)
    0x080001cc   0x080001cc   0x00000000   Code   RO         3076    .ARM.Collect$$libinit$$00000032  c_w.l(libinit2.o)
    0x080001cc   0x080001cc   0x00000002   Code   RO         3077    .ARM.Collect$$libinit$$00000033  c_w.l(libinit2.o)
    0x080001ce   0x080001ce   0x00000002   Code   RO         3111    .ARM.Collect$$libshutdown$$00000000  c_w.l(libshutdown.o)
    0x080001d0   0x080001d0   0x00000000   Code   RO         3120    .ARM.Collect$$libshutdown$$00000002  c_w.l(libshutdown2.o)
    0x080001d0   0x080001d0   0x00000000   Code   RO         3122    .ARM.Collect$$libshutdown$$00000004  c_w.l(libshutdown2.o)
    0x080001d0   0x080001d0   0x00000000   Code   RO         3124    .ARM.Collect$$libshutdown$$00000006  c_w.l(libshutdown2.o)
    0x080001d0   0x080001d0   0x00000000   Code   RO         3127    .ARM.Collect$$libshutdown$$00000009  c_w.l(libshutdown2.o)
    0x080001d0   0x080001d0   0x00000000   Code   RO         3130    .ARM.Collect$$libshutdown$$0000000C  c_w.l(libshutdown2.o)
    0x080001d0   0x080001d0   0x00000000   Code   RO         3132    .ARM.Collect$$libshutdown$$0000000E  c_w.l(libshutdown2.o)
    0x080001d0   0x080001d0   0x00000000   Code   RO         3135    .ARM.Collect$$libshutdown$$00000011  c_w.l(libshutdown2.o)
    0x080001d0   0x080001d0   0x00000002   Code   RO         3136    .ARM.Collect$$libshutdown$$00000012  c_w.l(libshutdown2.o)
    0x080001d2   0x080001d2   0x00000000   Code   RO         2891    .ARM.Collect$$rtentry$$00000000  c_w.l(__rtentry.o)
    0x080001d2   0x080001d2   0x00000000   Code   RO         2944    .ARM.Collect$$rtentry$$00000002  c_w.l(__rtentry2.o)
    0x080001d2   0x080001d2   0x00000006   Code   RO         2956    .ARM.Collect$$rtentry$$00000004  c_w.l(__rtentry4.o)
    0x080001d8   0x080001d8   0x00000000   Code   RO         2946    .ARM.Collect$$rtentry$$00000009  c_w.l(__rtentry2.o)
    0x080001d8   0x080001d8   0x00000004   Code   RO         2947    .ARM.Collect$$rtentry$$0000000A  c_w.l(__rtentry2.o)
    0x080001dc   0x080001dc   0x00000000   Code   RO         2949    .ARM.Collect$$rtentry$$0000000C  c_w.l(__rtentry2.o)
    0x080001dc   0x080001dc   0x00000008   Code   RO         2950    .ARM.Collect$$rtentry$$0000000D  c_w.l(__rtentry2.o)
    0x080001e4   0x080001e4   0x00000002   Code   RO         3082    .ARM.Collect$$rtexit$$00000000  c_w.l(rtexit.o)
    0x080001e6   0x080001e6   0x00000000   Code   RO         3091    .ARM.Collect$$rtexit$$00000002  c_w.l(rtexit2.o)
    0x080001e6   0x080001e6   0x00000004   Code   RO         3092    .ARM.Collect$$rtexit$$00000003  c_w.l(rtexit2.o)
    0x080001ea   0x080001ea   0x00000006   Code   RO         3093    .ARM.Collect$$rtexit$$00000004  c_w.l(rtexit2.o)
    0x080001f0   0x080001f0   0x00000040   Code   RO         2770    .text               startup_stm32f10x_hd.o
    0x08000230   0x08000230   0x00000002   Code   RO         2776    .text               c_w.l(use_no_semi_2.o)
    0x08000232   0x08000232   0x00000002   PAD
    0x08000234   0x08000234   0x00000018   Code   RO         2780    .text               c_w.l(noretval__2printf.o)
    0x0800024c   0x0800024c   0x00000068   Code   RO         2782    .text               c_w.l(__printf.o)
    0x080002b4   0x080002b4   0x00000078   Code   RO         2784    .text               c_w.l(_printf_dec.o)
    0x0800032c   0x0800032c   0x00000058   Code   RO         2789    .text               c_w.l(_printf_hex_int.o)
    0x08000384   0x08000384   0x00000006   Code   RO         2831    .text               c_w.l(heapauxi.o)
    0x0800038a   0x0800038a   0x00000002   Code   RO         2889    .text               c_w.l(use_no_semi.o)
    0x0800038c   0x0800038c   0x00000016   Code   RO         2892    .text               c_w.l(_rserrno.o)
    0x080003a2   0x080003a2   0x000000b2   Code   RO         2894    .text               c_w.l(_printf_intcommon.o)
    0x08000454   0x08000454   0x0000041e   Code   RO         2896    .text               c_w.l(_printf_fp_dec.o)
    0x08000872   0x08000872   0x00000002   PAD
    0x08000874   0x08000874   0x00000024   Code   RO         2898    .text               c_w.l(_printf_char_file.o)
    0x08000898   0x08000898   0x00000008   Code   RO         2961    .text               c_w.l(rt_locale_intlibspace.o)
    0x080008a0   0x080008a0   0x00000008   Code   RO         2966    .text               c_w.l(rt_errno_addr_intlibspace.o)
    0x080008a8   0x080008a8   0x0000008a   Code   RO         2968    .text               c_w.l(lludiv10.o)
    0x08000932   0x08000932   0x00000002   PAD
    0x08000934   0x08000934   0x00000030   Code   RO         2970    .text               c_w.l(_printf_char_common.o)
    0x08000964   0x08000964   0x00000080   Code   RO         2972    .text               c_w.l(_printf_fp_infnan.o)
    0x080009e4   0x080009e4   0x000000e4   Code   RO         2974    .text               c_w.l(bigflt0.o)
    0x08000ac8   0x08000ac8   0x00000008   Code   RO         2999    .text               c_w.l(ferror.o)
    0x08000ad0   0x08000ad0   0x00000008   Code   RO         3016    .text               c_w.l(libspace.o)
    0x08000ad8   0x08000ad8   0x0000004a   Code   RO         3019    .text               c_w.l(sys_stackheap_outer.o)
    0x08000b22   0x08000b22   0x00000012   Code   RO         3023    .text               c_w.l(exit.o)
    0x08000b34   0x08000b34   0x00000080   Code   RO         3025    .text               c_w.l(strcmpv7m.o)
    0x08000bb4   0x08000bb4   0x0000003e   Code   RO         2977    CL$$btod_d2e        c_w.l(btod.o)
    0x08000bf2   0x08000bf2   0x00000046   Code   RO         2979    CL$$btod_d2e_denorm_low  c_w.l(btod.o)
    0x08000c38   0x08000c38   0x00000060   Code   RO         2978    CL$$btod_d2e_norm_op1  c_w.l(btod.o)
    0x08000c98   0x08000c98   0x00000338   Code   RO         2987    CL$$btod_div_common  c_w.l(btod.o)
    0x08000fd0   0x08000fd0   0x000000dc   Code   RO         2984    CL$$btod_e2e        c_w.l(btod.o)
    0x080010ac   0x080010ac   0x0000002a   Code   RO         2981    CL$$btod_ediv       c_w.l(btod.o)
    0x080010d6   0x080010d6   0x0000002a   Code   RO         2980    CL$$btod_emul       c_w.l(btod.o)
    0x08001100   0x08001100   0x00000244   Code   RO         2986    CL$$btod_mult_common  c_w.l(btod.o)
    0x08001344   0x08001344   0x00000016   Code   RO          953    i.ADC_Cmd           stm32f10x_adc.o
    0x0800135a   0x0800135a   0x00000002   PAD
    0x0800135c   0x0800135c   0x0000005c   Code   RO          955    i.ADC_DeInit        stm32f10x_adc.o
    0x080013b8   0x080013b8   0x00000014   Code   RO          961    i.ADC_GetCalibrationStatus  stm32f10x_adc.o
    0x080013cc   0x080013cc   0x00000008   Code   RO          962    i.ADC_GetConversionValue  stm32f10x_adc.o
    0x080013d4   0x080013d4   0x00000012   Code   RO          964    i.ADC_GetFlagStatus  stm32f10x_adc.o
    0x080013e6   0x080013e6   0x00000014   Code   RO          967    i.ADC_GetResetCalibrationStatus  stm32f10x_adc.o
    0x080013fa   0x080013fa   0x00000002   PAD
    0x080013fc   0x080013fc   0x00000050   Code   RO          971    i.ADC_Init          stm32f10x_adc.o
    0x0800144c   0x0800144c   0x000000b8   Code   RO          975    i.ADC_RegularChannelConfig  stm32f10x_adc.o
    0x08001504   0x08001504   0x0000000a   Code   RO          976    i.ADC_ResetCalibration  stm32f10x_adc.o
    0x0800150e   0x0800150e   0x00000016   Code   RO          978    i.ADC_SoftwareStartConvCmd  stm32f10x_adc.o
    0x08001524   0x08001524   0x0000000a   Code   RO          980    i.ADC_StartCalibration  stm32f10x_adc.o
    0x0800152e   0x0800152e   0x00000002   PAD
    0x08001530   0x08001530   0x0000008c   Code   RO          814    i.Adc2_Init         adc.o
    0x080015bc   0x080015bc   0x0000008c   Code   RO          815    i.Adc_Init          adc.o
    0x08001648   0x08001648   0x00000048   Code   RO          856    i.BASIC_TIM_Config  timer.o
    0x08001690   0x08001690   0x00000022   Code   RO          857    i.BASIC_TIM_NVIC_Config  timer.o
    0x080016b2   0x080016b2   0x00000004   Code   RO          150    i.BusFault_Handler  stm32f10x_it.o
    0x080016b6   0x080016b6   0x00000002   Code   RO          151    i.DebugMon_Handler  stm32f10x_it.o
    0x080016b8   0x080016b8   0x00000116   Code   RO         1271    i.GPIO_Init         stm32f10x_gpio.o
    0x080017ce   0x080017ce   0x00000002   PAD
    0x080017d0   0x080017d0   0x00000090   Code   RO         1273    i.GPIO_PinRemapConfig  stm32f10x_gpio.o
    0x08001860   0x08001860   0x00000012   Code   RO         1275    i.GPIO_ReadInputDataBit  stm32f10x_gpio.o
    0x08001872   0x08001872   0x00000004   Code   RO         1278    i.GPIO_ResetBits    stm32f10x_gpio.o
    0x08001876   0x08001876   0x00000004   Code   RO         1279    i.GPIO_SetBits      stm32f10x_gpio.o
    0x0800187a   0x0800187a   0x00000002   PAD
    0x0800187c   0x0800187c   0x00000034   Code   RO          816    i.Get_Adc           adc.o
    0x080018b0   0x080018b0   0x00000034   Code   RO          817    i.Get_Adc2          adc.o
    0x080018e4   0x080018e4   0x0000002e   Code   RO          818    i.Get_Adc2_Average  adc.o
    0x08001912   0x08001912   0x0000002e   Code   RO          819    i.Get_Adc_Average   adc.o
    0x08001940   0x08001940   0x00000004   Code   RO          152    i.HardFault_Handler  stm32f10x_it.o
    0x08001944   0x08001944   0x00000050   Code   RO          411    i.IIC_Ack           myiic.o
    0x08001994   0x08001994   0x00000040   Code   RO          412    i.IIC_Init          myiic.o
    0x080019d4   0x080019d4   0x00000050   Code   RO          413    i.IIC_NAck          myiic.o
    0x08001a24   0x08001a24   0x00000070   Code   RO          414    i.IIC_Read_Byte     myiic.o
    0x08001a94   0x08001a94   0x00000068   Code   RO          415    i.IIC_Send_Byte     myiic.o
    0x08001afc   0x08001afc   0x0000004c   Code   RO          416    i.IIC_Start         myiic.o
    0x08001b48   0x08001b48   0x0000004c   Code   RO          417    i.IIC_Stop          myiic.o
    0x08001b94   0x08001b94   0x00000064   Code   RO          418    i.IIC_Wait_Ack      myiic.o
    0x08001bf8   0x08001bf8   0x00000060   Code   RO          585    i.KEY_Init          key.o
    0x08001c58   0x08001c58   0x000000a8   Code   RO          586    i.KEY_Scan          key.o
    0x08001d00   0x08001d00   0x0000004c   Code   RO          605    i.LCD_Clear         lcd.o
    0x08001d4c   0x08001d4c   0x00000130   Code   RO          609    i.LCD_Display_Dir   lcd.o
    0x08001e7c   0x08001e7c   0x00000284   Code   RO          614    i.LCD_Fast_DrawPoint  lcd.o
    0x08002100   0x08002100   0x00002960   Code   RO          616    i.LCD_Init          lcd.o
    0x08004a60   0x08004a60   0x00000016   Code   RO          617    i.LCD_Pow           lcd.o
    0x08004a76   0x08004a76   0x00000002   PAD
    0x08004a78   0x08004a78   0x00000060   Code   RO          618    i.LCD_RD_DATA       lcd.o
    0x08004ad8   0x08004ad8   0x000000d4   Code   RO          621    i.LCD_SSD_BackLightSet  lcd.o
    0x08004bac   0x08004bac   0x000003a0   Code   RO          622    i.LCD_Scan_Dir      lcd.o
    0x08004f4c   0x08004f4c   0x000002dc   Code   RO          623    i.LCD_SetCursor     lcd.o
    0x08005228   0x08005228   0x00000128   Code   RO          625    i.LCD_ShowChar      lcd.o
    0x08005350   0x08005350   0x00000066   Code   RO          627    i.LCD_ShowString    lcd.o
    0x080053b6   0x080053b6   0x000000be   Code   RO          628    i.LCD_ShowxNum      lcd.o
    0x08005474   0x08005474   0x00000024   Code   RO          629    i.LCD_WR_DATAX      lcd.o
    0x08005498   0x08005498   0x00000024   Code   RO          630    i.LCD_WR_REG        lcd.o
    0x080054bc   0x080054bc   0x00000010   Code   RO          632    i.LCD_WriteRAM_Prepare  lcd.o
    0x080054cc   0x080054cc   0x00000030   Code   RO          633    i.LCD_WriteReg      lcd.o
    0x080054fc   0x080054fc   0x00000050   Code   RO          573    i.LED_Init          led.o
    0x0800554c   0x0800554c   0x00000004   Code   RO          153    i.MemManage_Handler  stm32f10x_it.o
    0x08005550   0x08005550   0x00000002   Code   RO          154    i.NMI_Handler       stm32f10x_it.o
    0x08005552   0x08005552   0x00000002   PAD
    0x08005554   0x08005554   0x00000070   Code   RO          911    i.NVIC_Init         misc.o
    0x080055c4   0x080055c4   0x00000014   Code   RO          912    i.NVIC_PriorityGroupConfig  misc.o
    0x080055d8   0x080055d8   0x00000002   Code   RO          155    i.PendSV_Handler    stm32f10x_it.o
    0x080055da   0x080055da   0x00000002   PAD
    0x080055dc   0x080055dc   0x00000018   Code   RO         1439    i.RCC_ADCCLKConfig  stm32f10x_rcc.o
    0x080055f4   0x080055f4   0x00000020   Code   RO         1441    i.RCC_APB1PeriphClockCmd  stm32f10x_rcc.o
    0x08005614   0x08005614   0x00000020   Code   RO         1443    i.RCC_APB2PeriphClockCmd  stm32f10x_rcc.o
    0x08005634   0x08005634   0x00000020   Code   RO         1444    i.RCC_APB2PeriphResetCmd  stm32f10x_rcc.o
    0x08005654   0x08005654   0x000000d4   Code   RO         1451    i.RCC_GetClocksFreq  stm32f10x_rcc.o
    0x08005728   0x08005728   0x00000002   Code   RO          156    i.SVC_Handler       stm32f10x_it.o
    0x0800572a   0x0800572a   0x00000008   Code   RO          239    i.SetSysClock       system_stm32f10x.o
    0x08005732   0x08005732   0x00000002   PAD
    0x08005734   0x08005734   0x000000e0   Code   RO          240    i.SetSysClockTo72   system_stm32f10x.o
    0x08005814   0x08005814   0x00000028   Code   RO          915    i.SysTick_CLKSourceConfig  misc.o
    0x0800583c   0x0800583c   0x00000002   Code   RO          157    i.SysTick_Handler   stm32f10x_it.o
    0x0800583e   0x0800583e   0x00000002   PAD
    0x08005840   0x08005840   0x00000060   Code   RO          242    i.SystemInit        system_stm32f10x.o
    0x080058a0   0x080058a0   0x00000094   Code   RO          858    i.TIM3_IRQHandler   timer.o
    0x08005934   0x08005934   0x00000060   Code   RO          859    i.TIM3_Int_Init     timer.o
    0x08005994   0x08005994   0x00000028   Code   RO          860    i.TIM6_IRQHandler   timer.o
    0x080059bc   0x080059bc   0x00000006   Code   RO         1835    i.TIM_ClearFlag     stm32f10x_tim.o
    0x080059c2   0x080059c2   0x00000006   Code   RO         1836    i.TIM_ClearITPendingBit  stm32f10x_tim.o
    0x080059c8   0x080059c8   0x00000018   Code   RO         1841    i.TIM_Cmd           stm32f10x_tim.o
    0x080059e0   0x080059e0   0x00000022   Code   RO         1862    i.TIM_GetITStatus   stm32f10x_tim.o
    0x08005a02   0x08005a02   0x00000012   Code   RO         1866    i.TIM_ITConfig      stm32f10x_tim.o
    0x08005a14   0x08005a14   0x000000a4   Code   RO         1912    i.TIM_TimeBaseInit  stm32f10x_tim.o
    0x08005ab8   0x08005ab8   0x00000088   Code   RO          328    i.USART1_IRQHandler  usart.o
    0x08005b40   0x08005b40   0x00000018   Code   RO         2377    i.USART_Cmd         stm32f10x_usart.o
    0x08005b58   0x08005b58   0x00000054   Code   RO         2381    i.USART_GetITStatus  stm32f10x_usart.o
    0x08005bac   0x08005bac   0x0000004a   Code   RO         2383    i.USART_ITConfig    stm32f10x_usart.o
    0x08005bf6   0x08005bf6   0x00000002   PAD
    0x08005bf8   0x08005bf8   0x000000d8   Code   RO         2384    i.USART_Init        stm32f10x_usart.o
    0x08005cd0   0x08005cd0   0x0000000a   Code   RO         2391    i.USART_ReceiveData  stm32f10x_usart.o
    0x08005cda   0x08005cda   0x00000004   Code   RO          158    i.UsageFault_Handler  stm32f10x_it.o
    0x08005cde   0x08005cde   0x00000028   Code   RO         2930    i.__ARM_fpclassify  m_ws.l(fpclassify.o)
    0x08005d06   0x08005d06   0x000000aa   Code   RO         2932    i.__kernel_poly     m_ws.l(poly.o)
    0x08005db0   0x08005db0   0x00000010   Code   RO         2916    i.__mathlib_dbl_divzero  m_ws.l(dunder.o)
    0x08005dc0   0x08005dc0   0x00000004   Code   RO         2918    i.__mathlib_dbl_infnan2  m_ws.l(dunder.o)
    0x08005dc4   0x08005dc4   0x0000000c   Code   RO         2919    i.__mathlib_dbl_invalid  m_ws.l(dunder.o)
    0x08005dd0   0x08005dd0   0x0000000e   Code   RO         2920    i.__mathlib_dbl_overflow  m_ws.l(dunder.o)
    0x08005dde   0x08005dde   0x00000002   PAD
    0x08005de0   0x08005de0   0x00000010   Code   RO         2922    i.__mathlib_dbl_underflow  m_ws.l(dunder.o)
    0x08005df0   0x08005df0   0x00000006   Code   RO          329    i._sys_exit         usart.o
    0x08005df6   0x08005df6   0x00000002   PAD
    0x08005df8   0x08005df8   0x000000b4   Code   RO          501    i.bme280GetData     bme280.o
    0x08005eac   0x08005eac   0x00000012   Code   RO          502    i.bme280Init        bme280.o
    0x08005ebe   0x08005ebe   0x00000002   PAD
    0x08005ec0   0x08005ec0   0x0000007c   Code   RO          503    i.bme280PressureToAltitude  bme280.o
    0x08005f3c   0x08005f3c   0x000000a8   Code   RO          504    i.calibration_H     bme280.o
    0x08005fe4   0x08005fe4   0x000000e0   Code   RO          505    i.calibration_P     bme280.o
    0x080060c4   0x080060c4   0x00000054   Code   RO          506    i.calibration_T     bme280.o
    0x08006118   0x08006118   0x00000044   Code   RO          273    i.delay_init        delay.o
    0x0800615c   0x0800615c   0x0000004c   Code   RO          274    i.delay_ms          delay.o
    0x080061a8   0x080061a8   0x0000004c   Code   RO          275    i.delay_us          delay.o
    0x080061f4   0x080061f4   0x0000001c   Code   RO          330    i.fputc             usart.o
    0x08006210   0x08006210   0x00000060   Code   RO          419    i.iicDevRead        myiic.o
    0x08006270   0x08006270   0x00000030   Code   RO          424    i.iicDevWriteByte   myiic.o
    0x080062a0   0x080062a0   0x00000740   Code   RO            1    i.main              main.o
    0x080069e0   0x080069e0   0x0000000e   Code   RO          634    i.opt_delay         lcd.o
    0x080069ee   0x080069ee   0x00000002   PAD
    0x080069f0   0x080069f0   0x000009d8   Code   RO         2880    i.pow               m_ws.l(pow.o)
    0x080073c8   0x080073c8   0x00000060   Code   RO          507    i.readData          bme280.o
    0x08007428   0x08007428   0x000001a0   Code   RO          508    i.readTrim          bme280.o
    0x080075c8   0x080075c8   0x0000002c   Code   RO          369    i.relay1_init       relay.o
    0x080075f4   0x080075f4   0x00000010   Code   RO          370    i.relay1_off        relay.o
    0x08007604   0x08007604   0x00000010   Code   RO          371    i.relay1_on         relay.o
    0x08007614   0x08007614   0x0000002c   Code   RO          372    i.relay_init        relay.o
    0x08007640   0x08007640   0x00000010   Code   RO          373    i.relay_off         relay.o
    0x08007650   0x08007650   0x00000010   Code   RO          374    i.relay_on          relay.o
    0x08007660   0x08007660   0x00000052   Code   RO          509    i.setup             bme280.o
    0x080076b2   0x080076b2   0x0000004c   Code   RO         2936    i.sqrt              m_ws.l(sqrt.o)
    0x080076fe   0x080076fe   0x0000000c   Code   RO          861    i.timing_deinit     timer.o
    0x0800770a   0x0800770a   0x00000002   PAD
    0x0800770c   0x0800770c   0x00000018   Code   RO          862    i.timing_init       timer.o
    0x08007724   0x08007724   0x000000a0   Code   RO          331    i.uart_init         usart.o
    0x080077c4   0x080077c4   0x00000012   Code   RO          510    i.writeReg          bme280.o
    0x080077d6   0x080077d6   0x00000002   PAD
    0x080077d8   0x080077d8   0x0000002c   Code   RO         3004    locale$$code        c_w.l(lc_numeric_c.o)
    0x08007804   0x08007804   0x00000062   Code   RO         2835    x$fpl$d2f           fz_ws.l(d2f.o)
    0x08007866   0x08007866   0x00000002   PAD
    0x08007868   0x08007868   0x00000150   Code   RO         2837    x$fpl$dadd          fz_ws.l(daddsub_clz.o)
    0x080079b8   0x080079b8   0x00000010   Code   RO         3006    x$fpl$dcheck1       fz_ws.l(dcheck1.o)
    0x080079c8   0x080079c8   0x00000018   Code   RO         3078    x$fpl$dcmpinf       fz_ws.l(dcmpi.o)
    0x080079e0   0x080079e0   0x000002b0   Code   RO         2844    x$fpl$ddiv          fz_ws.l(ddiv.o)
    0x08007c90   0x08007c90   0x0000005a   Code   RO         2847    x$fpl$dfixu         fz_ws.l(dfixu.o)
    0x08007cea   0x08007cea   0x0000002e   Code   RO         2852    x$fpl$dflt          fz_ws.l(dflt_clz.o)
    0x08007d18   0x08007d18   0x00000026   Code   RO         2851    x$fpl$dfltu         fz_ws.l(dflt_clz.o)
    0x08007d3e   0x08007d3e   0x00000002   PAD
    0x08007d40   0x08007d40   0x00000078   Code   RO         3008    x$fpl$dleqf         fz_ws.l(dleqf.o)
    0x08007db8   0x08007db8   0x00000154   Code   RO         2857    x$fpl$dmul          fz_ws.l(dmul.o)
    0x08007f0c   0x08007f0c   0x0000009c   Code   RO         2901    x$fpl$dnaninf       fz_ws.l(dnaninf.o)
    0x08007fa8   0x08007fa8   0x0000000c   Code   RO         2903    x$fpl$dretinf       fz_ws.l(dretinf.o)
    0x08007fb4   0x08007fb4   0x0000006c   Code   RO         2905    x$fpl$drleqf        fz_ws.l(drleqf.o)
    0x08008020   0x08008020   0x00000016   Code   RO         2838    x$fpl$drsb          fz_ws.l(daddsub_clz.o)
    0x08008036   0x08008036   0x00000002   PAD
    0x08008038   0x08008038   0x000001cc   Code   RO         3010    x$fpl$dsqrt         fz_ws.l(dsqrt_noumaal.o)
    0x08008204   0x08008204   0x000001d4   Code   RO         2839    x$fpl$dsub          fz_ws.l(daddsub_clz.o)
    0x080083d8   0x080083d8   0x00000056   Code   RO         2859    x$fpl$f2d           fz_ws.l(f2d.o)
    0x0800842e   0x0800842e   0x00000018   Code   RO         3012    x$fpl$fcmpinf       fz_ws.l(fcmpi.o)
    0x08008446   0x08008446   0x00000002   PAD
    0x08008448   0x08008448   0x00000184   Code   RO         2862    x$fpl$fdiv          fz_ws.l(fdiv.o)
    0x080085cc   0x080085cc   0x0000003e   Code   RO         2865    x$fpl$ffixu         fz_ws.l(ffixu.o)
    0x0800860a   0x0800860a   0x00000002   PAD
    0x0800860c   0x0800860c   0x00000026   Code   RO         2869    x$fpl$ffltu         fz_ws.l(fflt_clz.o)
    0x08008632   0x08008632   0x00000002   PAD
    0x08008634   0x08008634   0x00000068   Code   RO         2907    x$fpl$fleqf         fz_ws.l(fleqf.o)
    0x0800869c   0x0800869c   0x0000008c   Code   RO         2909    x$fpl$fnaninf       fz_ws.l(fnaninf.o)
    0x08008728   0x08008728   0x0000000a   Code   RO         2911    x$fpl$fretinf       fz_ws.l(fretinf.o)
    0x08008732   0x08008732   0x00000062   Code   RO         2875    x$fpl$frleqf        fz_ws.l(frleqf.o)
    0x08008794   0x08008794   0x00000004   Code   RO         2877    x$fpl$printf1       fz_ws.l(printf1.o)
    0x08008798   0x08008798   0x00000064   Code   RO         3080    x$fpl$retnan        fz_ws.l(retnan.o)
    0x080087fc   0x080087fc   0x0000005c   Code   RO         2913    x$fpl$scalbn        fz_ws.l(scalbn.o)
    0x08008858   0x08008858   0x00000030   Code   RO         3088    x$fpl$trapveneer    fz_ws.l(trapv.o)
    0x08008888   0x08008888   0x00000000   Code   RO         2915    x$fpl$usenofp       fz_ws.l(usenofp.o)
    0x08008888   0x08008888   0x000017c0   Data   RO          636    .constdata          lcd.o
    0x0800a048   0x0800a048   0x00000028   Data   RO         2790    .constdata          c_w.l(_printf_hex_int.o)
    0x0800a070   0x0800a070   0x00000088   Data   RO         2881    .constdata          m_ws.l(pow.o)
    0x0800a0f8   0x0800a0f8   0x00000008   Data   RO         2934    .constdata          m_ws.l(qnan.o)
    0x0800a100   0x0800a100   0x00000094   Data   RO         2975    .constdata          c_w.l(bigflt0.o)
    0x0800a194   0x0800a194   0x00000020   Data   RO         3161    Region$$Table       anon$$obj.o
    0x0800a1b4   0x0800a1b4   0x0000001c   Data   RO         3003    locale$$data        c_w.l(lc_numeric_c.o)


    Execution Region RW_IRAM1 (Exec base: 0x20000000, Load base: 0x0800a1d0, Size: 0x000007b0, Max: 0x0000c000, ABSOLUTE)

    Exec Addr    Load Addr    Size         Type   Attr      Idx    E Section Name        Object

    0x20000000   0x0800a1d0   0x00000008   Data   RW            2    .data               main.o
    0x20000008   0x0800a1d8   0x00000014   Data   RW          243    .data               system_stm32f10x.o
    0x2000001c   0x0800a1ec   0x00000004   Data   RW          276    .data               delay.o
    0x20000020   0x0800a1f0   0x00000006   Data   RW          333    .data               usart.o
    0x20000026   0x0800a1f6   0x00000002   PAD
    0x20000028   0x0800a1f8   0x00000033   Data   RW          511    .data               bme280.o
    0x2000005b   0x0800a22b   0x00000001   Data   RW          587    .data               key.o
    0x2000005c   0x0800a22c   0x00000004   Data   RW          637    .data               lcd.o
    0x20000060   0x0800a230   0x00000004   Data   RW          863    .data               timer.o
    0x20000064   0x0800a234   0x00000014   Data   RW         1471    .data               stm32f10x_rcc.o
    0x20000078        -       0x000000c8   Zero   RW          332    .bss                usart.o
    0x20000140        -       0x0000000e   Zero   RW          635    .bss                lcd.o
    0x2000014e   0x0800a248   0x00000002   PAD
    0x20000150        -       0x00000060   Zero   RW         3017    .bss                c_w.l(libspace.o)
    0x200001b0        -       0x00000200   Zero   RW         2768    HEAP                startup_stm32f10x_hd.o
    0x200003b0        -       0x00000400   Zero   RW         2767    STACK               startup_stm32f10x_hd.o


==============================================================================

Image component sizes


      Code (inc. data)   RO Data    RW Data    ZI Data      Debug   Object Name

       476         28          0          0          0       3549   adc.o
      1410        216          0         51          0       7163   bme280.o
       220         26          0          4          0       1723   delay.o
       264         28          0          1          0       1166   key.o
     14344        212       6080          4         14      20843   lcd.o
        80          8          0          0          0        499   led.o
      1856        408          0          8          0     264993   main.o
       172         22          0          0          0       2057   misc.o
       836        108          0          0          0       5949   myiic.o
       152         28          0          0          0       2795   relay.o
        64         26        304          0       1536        800   startup_stm32f10x_hd.o
       486         24          0          0          0       8598   stm32f10x_adc.o
       448          6          0          0          0       4498   stm32f10x_gpio.o
        26          0          0          0          0       3702   stm32f10x_it.o
       332         44          0         20          0       5546   stm32f10x_rcc.o
       252         42          0          0          0       4086   stm32f10x_tim.o
       408          6          0          0          0       5002   stm32f10x_usart.o
         0          0          0          0          0         32   sys.o
       328         28          0         20          0       2085   system_stm32f10x.o
       426         66          0          4          0       3864   timer.o
       330         26          0          6        200       4156   usart.o

    ----------------------------------------------------------------------
     22942       1352       6416        120       1752     353106   Object Totals
         0          0         32          0          0          0   (incl. Generated)
        32          0          0          2          2          0   (incl. Padding)

    ----------------------------------------------------------------------

      Code (inc. data)   RO Data    RW Data    ZI Data      Debug   Library Member Name

         8          0          0          0          0         68   __main.o
       104          0          0          0          0         84   __printf.o
         0          0          0          0          0          0   __rtentry.o
        12          0          0          0          0          0   __rtentry2.o
         6          0          0          0          0          0   __rtentry4.o
        52          8          0          0          0          0   __scatter.o
        26          0          0          0          0          0   __scatter_copy.o
        28          0          0          0          0          0   __scatter_zi.o
        48          6          0          0          0         96   _printf_char_common.o
        36          4          0          0          0         80   _printf_char_file.o
         6          0          0          0          0          0   _printf_d.o
       120         16          0          0          0         92   _printf_dec.o
         6          0          0          0          0          0   _printf_f.o
      1054          0          0          0          0        216   _printf_fp_dec.o
       128         16          0          0          0         84   _printf_fp_infnan.o
        88          4         40          0          0         88   _printf_hex_int.o
       178          0          0          0          0         88   _printf_intcommon.o
         0          0          0          0          0          0   _printf_percent.o
         4          0          0          0          0          0   _printf_percent_end.o
         6          0          0          0          0          0   _printf_x.o
        22          0          0          0          0        100   _rserrno.o
       228          4        148          0          0         96   bigflt0.o
      1936        128          0          0          0        672   btod.o
        18          0          0          0          0         80   exit.o
         8          0          0          0          0         68   ferror.o
         6          0          0          0          0        152   heapauxi.o
        44         10         28          0          0         76   lc_numeric_c.o
         2          0          0          0          0          0   libinit.o
        18          0          0          0          0          0   libinit2.o
         2          0          0          0          0          0   libshutdown.o
         2          0          0          0          0          0   libshutdown2.o
         8          4          0          0         96         68   libspace.o
       138          0          0          0          0         80   lludiv10.o
        24          4          0          0          0         84   noretval__2printf.o
         8          4          0          0          0         68   rt_errno_addr_intlibspace.o
         8          4          0          0          0         68   rt_locale_intlibspace.o
         2          0          0          0          0          0   rtexit.o
        10          0          0          0          0          0   rtexit2.o
       128          0          0          0          0         68   strcmpv7m.o
        74          0          0          0          0         80   sys_stackheap_outer.o
         2          0          0          0          0         68   use_no_semi.o
         2          0          0          0          0         68   use_no_semi_2.o
        98          4          0          0          0         92   d2f.o
       826         16          0          0          0        348   daddsub_clz.o
        16          4          0          0          0         68   dcheck1.o
        24          0          0          0          0         68   dcmpi.o
       688        140          0          0          0        208   ddiv.o
        90          4          0          0          0         92   dfixu.o
        84          0          0          0          0        136   dflt_clz.o
       120          4          0          0          0         92   dleqf.o
       340         12          0          0          0        104   dmul.o
       156          4          0          0          0         92   dnaninf.o
        12          0          0          0          0         68   dretinf.o
       108          0          0          0          0         80   drleqf.o
       460         56          0          0          0        120   dsqrt_noumaal.o
        86          4          0          0          0         84   f2d.o
        24          0          0          0          0         68   fcmpi.o
       388         76          0          0          0         96   fdiv.o
        62          4          0          0          0         84   ffixu.o
        38          0          0          0          0         68   fflt_clz.o
       104          4          0          0          0         84   fleqf.o
       140          4          0          0          0         84   fnaninf.o
        10          0          0          0          0         68   fretinf.o
        98          0          0          0          0         68   frleqf.o
         4          0          0          0          0         68   printf1.o
       100          0          0          0          0         68   retnan.o
        92          0          0          0          0         68   scalbn.o
        48          0          0          0          0         68   trapv.o
         0          0          0          0          0          0   usenofp.o
        62         10          0          0          0        340   dunder.o
        40          0          0          0          0         68   fpclassify.o
       170          0          0          0          0         96   poly.o
      2520        190        136          0          0        324   pow.o
         0          0          8          0          0          0   qnan.o
        76          0          0          0          0         84   sqrt.o

    ----------------------------------------------------------------------
     11706        748        360          0         96       6248   Library Totals
        22          0          0          0          0          0   (incl. Padding)

    ----------------------------------------------------------------------

      Code (inc. data)   RO Data    RW Data    ZI Data      Debug   Library Name

      4600        212        216          0         96       2792   c_w.l
      4216        336          0          0          0       2544   fz_ws.l
      2868        200        144          0          0        912   m_ws.l

    ----------------------------------------------------------------------
     11706        748        360          0         96       6248   Library Totals

    ----------------------------------------------------------------------

==============================================================================


      Code (inc. data)   RO Data    RW Data    ZI Data      Debug   

     34648       2100       6776        120       1848     350146   Grand Totals
     34648       2100       6776        120       1848     350146   ELF Image Totals
     34648       2100       6776        120          0          0   ROM Totals

==============================================================================

    Total RO  Size (Code + RO Data)                41424 (  40.45kB)
    Total RW  Size (RW Data + ZI Data)              1968 (   1.92kB)
    Total ROM Size (Code + RO Data + RW Data)      41544 (  40.57kB)

==============================================================================

