Component: ARM Compiler 5.06 update 7 (build 960) Tool: armlink [4d3601]

==============================================================================

Section Cross References

    main.o(i.main) refers to _printf_percent.o(.ARM.Collect$$_printf_percent$$00000000) for _printf_percent
    main.o(i.main) refers to _printf_f.o(.ARM.Collect$$_printf_percent$$00000003) for _printf_f
    main.o(i.main) refers to printf1.o(x$fpl$printf1) for _printf_fp_dec
    main.o(i.main) refers to misc.o(i.NVIC_PriorityGroupConfig) for NVIC_PriorityGroupConfig
    main.o(i.main) refers to usart.o(i.uart_init) for uart_init
    main.o(i.main) refers to led.o(i.LED_Init) for LED_Init
    main.o(i.main) refers to relay.o(i.relay_init) for relay_init
    main.o(i.main) refers to relay.o(i.relay1_init) for relay1_init
    main.o(i.main) refers to key.o(i.KEY_Init) for KEY_Init
    main.o(i.main) refers to myiic.o(i.IIC_Init) for IIC_Init
    main.o(i.main) refers to delay.o(i.delay_init) for delay_init
    main.o(i.main) refers to bme280.o(i.bme280Init) for bme280Init
    main.o(i.main) refers to lcd.o(i.LCD_Init) for LCD_Init
    main.o(i.main) refers to adc.o(i.Adc_Init) for Adc_Init
    main.o(i.main) refers to adc.o(i.Adc2_Init) for Adc2_Init
    main.o(i.main) refers to lcd.o(i.LCD_Clear) for LCD_Clear
    main.o(i.main) refers to timer.o(i.TIM3_Int_Init) for TIM3_Int_Init
    main.o(i.main) refers to relay.o(i.TIM1_PWM_Init) for TIM1_PWM_Init
    main.o(i.main) refers to relay.o(i.ADC_init) for ADC_init
    main.o(i.main) refers to timer.o(i.BASIC_TIM_Config) for BASIC_TIM_Config
    main.o(i.main) refers to timer.o(i.BASIC_TIM_NVIC_Config) for BASIC_TIM_NVIC_Config
    main.o(i.main) refers to lcd.o(i.LCD_ShowString) for LCD_ShowString
    main.o(i.main) refers to bme280.o(i.bme280GetData) for bme280GetData
    main.o(i.main) refers to f2d.o(x$fpl$f2d) for __aeabi_f2d
    main.o(i.main) refers to noretval__2printf.o(.text) for __2printf
    main.o(i.main) refers to delay.o(i.delay_ms) for delay_ms
    main.o(i.main) refers to relay.o(i.init_controller) for init_controller
    main.o(i.main) refers to relay.o(i.Get_Adc_Average1) for Get_Adc_Average1
    main.o(i.main) refers to dflt_clz.o(x$fpl$dfltu) for __aeabi_ui2d
    main.o(i.main) refers to dmul.o(x$fpl$dmul) for __aeabi_dmul
    main.o(i.main) refers to ddiv.o(x$fpl$ddiv) for __aeabi_ddiv
    main.o(i.main) refers to d2f.o(x$fpl$d2f) for __aeabi_d2f
    main.o(i.main) refers to fmul.o(x$fpl$fmul) for __aeabi_fmul
    main.o(i.main) refers to faddsub_clz.o(x$fpl$fadd) for __aeabi_fadd
    main.o(i.main) refers to ffixu.o(x$fpl$ffixu) for __aeabi_f2uiz
    main.o(i.main) refers to relay.o(i.set_motorpwm) for set_motorpwm
    main.o(i.main) refers to dflt_clz.o(x$fpl$dflt) for __aeabi_i2d
    main.o(i.main) refers to dfixu.o(x$fpl$dfixu) for __aeabi_d2uiz
    main.o(i.main) refers to lcd.o(i.LCD_ShowxNum) for LCD_ShowxNum
    main.o(i.main) refers to lcd.o(.data) for POINT_COLOR
    system_stm32f10x.o(i.SetSysClock) refers to system_stm32f10x.o(i.SetSysClockTo72) for SetSysClockTo72
    system_stm32f10x.o(i.SystemCoreClockUpdate) refers to system_stm32f10x.o(.data) for SystemCoreClock
    system_stm32f10x.o(i.SystemInit) refers to system_stm32f10x.o(i.SetSysClock) for SetSysClock
    delay.o(i.delay_init) refers to misc.o(i.SysTick_CLKSourceConfig) for SysTick_CLKSourceConfig
    delay.o(i.delay_init) refers to system_stm32f10x.o(.data) for SystemCoreClock
    delay.o(i.delay_init) refers to delay.o(.data) for fac_us
    delay.o(i.delay_ms) refers to delay.o(.data) for fac_ms
    delay.o(i.delay_us) refers to delay.o(.data) for fac_us
    usart.o(i.USART1_IRQHandler) refers (Special) to use_no_semi_2.o(.text) for __use_no_semihosting
    usart.o(i.USART1_IRQHandler) refers to stm32f10x_usart.o(i.USART_GetITStatus) for USART_GetITStatus
    usart.o(i.USART1_IRQHandler) refers to stm32f10x_usart.o(i.USART_ReceiveData) for USART_ReceiveData
    usart.o(i.USART1_IRQHandler) refers to usart.o(.data) for USART_RX_STA
    usart.o(i.USART1_IRQHandler) refers to usart.o(.bss) for USART_RX_BUF
    usart.o(i._sys_exit) refers (Special) to use_no_semi_2.o(.text) for __use_no_semihosting
    usart.o(i.fputc) refers (Special) to use_no_semi_2.o(.text) for __use_no_semihosting
    usart.o(i.uart_init) refers (Special) to use_no_semi_2.o(.text) for __use_no_semihosting
    usart.o(i.uart_init) refers to stm32f10x_rcc.o(i.RCC_APB2PeriphClockCmd) for RCC_APB2PeriphClockCmd
    usart.o(i.uart_init) refers to stm32f10x_gpio.o(i.GPIO_Init) for GPIO_Init
    usart.o(i.uart_init) refers to misc.o(i.NVIC_Init) for NVIC_Init
    usart.o(i.uart_init) refers to stm32f10x_usart.o(i.USART_Init) for USART_Init
    usart.o(i.uart_init) refers to stm32f10x_usart.o(i.USART_ITConfig) for USART_ITConfig
    usart.o(i.uart_init) refers to stm32f10x_usart.o(i.USART_Cmd) for USART_Cmd
    usart.o(.bss) refers (Special) to use_no_semi_2.o(.text) for __use_no_semihosting
[...]
    i.SystemInit                             0x08005730   Section        0  system_stm32f10x.o(i.SystemInit)
    i.TIM1_PWM_Init                          0x08005790   Section        0  relay.o(i.TIM1_PWM_Init)
    i.TIM3_IRQHandler                        0x0800582c   Section        0  timer.o(i.TIM3_IRQHandler)
    i.TIM3_Int_Init                          0x080058c0   Section        0  timer.o(i.TIM3_Int_Init)
    i.TIM6_IRQHandler                        0x08005920   Section        0  timer.o(i.TIM6_IRQHandler)
    i.TIM_ClearFlag                          0x08005948   Section        0  stm32f10x_tim.o(i.TIM_ClearFlag)
    i.TIM_ClearITPendingBit                  0x0800594e   Section        0  stm32f10x_tim.o(i.TIM_ClearITPendingBit)
    i.TIM_Cmd                                0x08005954   Section        0  stm32f10x_tim.o(i.TIM_Cmd)
    i.TIM_CtrlPWMOutputs                     0x0800596c   Section        0  stm32f10x_tim.o(i.TIM_CtrlPWMOutputs)
    i.TIM_GetITStatus                        0x0800598a   Section        0  stm32f10x_tim.o(i.TIM_GetITStatus)
    i.TIM_ITConfig                           0x080059ac   Section        0  stm32f10x_tim.o(i.TIM_ITConfig)
    i.TIM_OC4Init                            0x080059c0   Section        0  stm32f10x_tim.o(i.TIM_OC4Init)
    i.TIM_OC4PreloadConfig                   0x08005a3c   Section        0  stm32f10x_tim.o(i.TIM_OC4PreloadConfig)
    i.TIM_SetCompare4                        0x08005a56   Section        0  stm32f10x_tim.o(i.TIM_SetCompare4)
    i.TIM_TimeBaseInit                       0x08005a5c   Section        0  stm32f10x_tim.o(i.TIM_TimeBaseInit)
    i.USART1_IRQHandler                      0x08005b00   Section        0  usart.o(i.USART1_IRQHandler)
    i.USART_Cmd                              0x08005b88   Section        0  stm32f10x_usart.o(i.USART_Cmd)
    i.USART_GetITStatus                      0x08005ba0   Section        0  stm32f10x_usart.o(i.USART_GetITStatus)
    i.USART_ITConfig                         0x08005bf4   Section        0  stm32f10x_usart.o(i.USART_ITConfig)
    i.USART_Init                             0x08005c40   Section        0  stm32f10x_usart.o(i.USART_Init)
    i.USART_ReceiveData                      0x08005d18   Section        0  stm32f10x_usart.o(i.USART_ReceiveData)
    i.UsageFault_Handler                     0x08005d22   Section        0  stm32f10x_it.o(i.UsageFault_Handler)
    i.__ARM_fpclassify                       0x08005d26   Section        0  fpclassify.o(i.__ARM_fpclassify)
    i.__kernel_poly                          0x08005d4e   Section        0  poly.o(i.__kernel_poly)
    i.__mathlib_dbl_divzero                  0x08005df8   Section        0  dunder.o(i.__mathlib_dbl_divzero)
    i.__mathlib_dbl_infnan2                  0x08005e08   Section        0  dunder.o(i.__mathlib_dbl_infnan2)
    i.__mathlib_dbl_invalid                  0x08005e0c   Section        0  dunder.o(i.__mathlib_dbl_invalid)
    i.__mathlib_dbl_overflow                 0x08005e18   Section        0  dunder.o(i.__mathlib_dbl_overflow)
    i.__mathlib_dbl_underflow                0x08005e28   Section        0  dunder.o(i.__mathlib_dbl_underflow)
    i._sys_exit                              0x08005e38   Section        0  usart.o(i._sys_exit)
    i.bme280GetData                          0x08005e40   Section        0  bme280.o(i.bme280GetData)
    i.bme280Init                             0x08005ef4   Section        0  bme280.o(i.bme280Init)
    i.bme280PressureToAltitude               0x08005f08   Section        0  bme280.o(i.bme280PressureToAltitude)
    bme280PressureToAltitude                 0x08005f09   Thumb Code    98  bme280.o(i.bme280PressureToAltitude)
    i.calibration_H                          0x08005f84   Section        0  bme280.o(i.calibration_H)
    i.calibration_P                          0x0800602c   Section        0  bme280.o(i.calibration_P)
    i.calibration_T                          0x0800610c   Section        0  bme280.o(i.calibration_T)
    i.delay_init                             0x08006160   Section        0  delay.o(i.delay_init)
    i.delay_ms                               0x080061a4   Section        0  delay.o(i.delay_ms)
    i.delay_us                               0x080061f0   Section        0  delay.o(i.delay_us)
    i.fputc                                  0x0800623c   Section        0  usart.o(i.fputc)
    i.iicDevRead                             0x08006258   Section        0  myiic.o(i.iicDevRead)
    i.iicDevWriteByte                        0x080062b8   Section        0  myiic.o(i.iicDevWriteByte)
    i.init_controller                        0x080062e8   Section        0  relay.o(i.init_controller)
    i.main                                   0x08006304   Section        0  main.o(i.main)
    i.opt_delay                              0x080064cc   Section        0  lcd.o(i.opt_delay)
    i.pow                                    0x080064dc   Section        0  pow.o(i.pow)
    i.readData                               0x08006eb4   Section        0  bme280.o(i.readData)
    i.readTrim                               0x08006f14   Section        0  bme280.o(i.readTrim)
    i.relay1_init                            0x080070b4   Section        0  relay.o(i.relay1_init)
    i.relay_init                             0x080070e0   Section        0  relay.o(i.relay_init)
    i.relay_off                              0x0800710c   Section        0  relay.o(i.relay_off)
    i.set_motorpwm                           0x0800711c   Section        0  relay.o(i.set_motorpwm)
    i.setup                                  0x08007130   Section        0  bme280.o(i.setup)
    i.sqrt                                   0x08007182   Section        0  sqrt.o(i.sqrt)
    i.uart_init                              0x080071d0   Section        0  usart.o(i.uart_init)
    i.writeReg                               0x08007270   Section        0  bme280.o(i.writeReg)
    locale$$code                             0x08007284   Section       44  lc_numeric_c.o(locale$$code)
    x$fpl$d2f                                0x080072b0   Section       98  d2f.o(x$fpl$d2f)
    x$fpl$dadd                               0x08007314   Section      336  daddsub_clz.o(x$fpl$dadd)
    _dadd1                                   0x08007325   Thumb Code     0  daddsub_clz.o(x$fpl$dadd)
    x$fpl$dcheck1                            0x08007464   Section       16  dcheck1.o(x$fpl$dcheck1)
    x$fpl$dcmpinf                            0x08007474   Section       24  dcmpi.o(x$fpl$dcmpinf)
    x$fpl$ddiv                               0x0800748c   Section      688  ddiv.o(x$fpl$ddiv)
    ddiv_entry                               0x08007493   Thumb Code     0  ddiv.o(x$fpl$ddiv)
    x$fpl$dfixu                              0x0800773c   Section       90  dfixu.o(x$fpl$dfixu)
    x$fpl$dflt                               0x08007796   Section       46  dflt_clz.o(x$fpl$dflt)
    x$fpl$dfltu                              0x080077c4   Section       38  dflt_clz.o(x$fpl$dfltu)
    x$fpl$dleqf                              0x080077ec   Section      120  dleqf.o(x$fpl$dleqf)
    x$fpl$dmul                               0x08007864   Section      340  dmul.o(x$fpl$dmul)
    x$fpl$dnaninf                            0x080079b8   Section      156  dnaninf.o(x$fpl$dnaninf)
    x$fpl$dretinf                            0x08007a54   Section       12  dretinf.o(x$fpl$dretinf)
    x$fpl$drleqf                             0x08007a60   Section      108  drleqf.o(x$fpl$drleqf)
    x$fpl$drsb                               0x08007acc   Section       22  daddsub_clz.o(x$fpl$drsb)
    x$fpl$dsqrt                              0x08007ae4   Section      460  dsqrt_noumaal.o(x$fpl$dsqrt)
    x$fpl$dsub                               0x08007cb0   Section      468  daddsub_clz.o(x$fpl$dsub)
    _dsub1                                   0x08007cc1   Thumb Code     0  daddsub_clz.o(x$fpl$dsub)
    x$fpl$f2d                                0x08007e84   Section       86  f2d.o(x$fpl$f2d)
    x$fpl$fadd                               0x08007edc   Section      196  faddsub_clz.o(x$fpl$fadd)
    _fadd1                                   0x08007eeb   Thumb Code     0  faddsub_clz.o(x$fpl$fadd)
    x$fpl$fcmpinf                            0x08007fa0   Section       24  fcmpi.o(x$fpl$fcmpinf)
    x$fpl$fdiv                               0x08007fb8   Section      388  fdiv.o(x$fpl$fdiv)
    _fdiv1                                   0x08007fb9   Thumb Code     0  fdiv.o(x$fpl$fdiv)
    x$fpl$ffixu                              0x0800813c   Section       62  ffixu.o(x$fpl$ffixu)
    x$fpl$fleqf                              0x0800817c   Section      104  fleqf.o(x$fpl$fleqf)
    x$fpl$fmul                               0x080081e4   Section      258  fmul.o(x$fpl$fmul)
    x$fpl$fnaninf                            0x080082e6   Section      140  fnaninf.o(x$fpl$fnaninf)
    x$fpl$fretinf                            0x08008372   Section       10  fretinf.o(x$fpl$fretinf)
    x$fpl$frleqf                             0x0800837c   Section       98  frleqf.o(x$fpl$frleqf)
    x$fpl$fsub                               0x080083e0   Section      234  faddsub_clz.o(x$fpl$fsub)
    _fsub1                                   0x080083ef   Thumb Code     0  faddsub_clz.o(x$fpl$fsub)
    x$fpl$printf1                            0x080084ca   Section        4  printf1.o(x$fpl$printf1)
    x$fpl$retnan                             0x080084ce   Section      100  retnan.o(x$fpl$retnan)
    x$fpl$scalbn                             0x08008532   Section       92  scalbn.o(x$fpl$scalbn)
    x$fpl$trapveneer                         0x0800858e   Section       48  trapv.o(x$fpl$trapveneer)
    .constdata                               0x080085be   Section     6080  lcd.o(.constdata)
    x$fpl$usenofp                            0x080085be   Section        0  usenofp.o(x$fpl$usenofp)
    .constdata                               0x08009d7e   Section       40  _printf_hex_int.o(.constdata)
    uc_hextab                                0x08009d7e   Data          20  _printf_hex_int.o(.constdata)
    lc_hextab                                0x08009d92   Data          20  _printf_hex_int.o(.constdata)
    .constdata                               0x08009da8   Section      136  pow.o(.constdata)
    bp                                       0x08009da8   Data          16  pow.o(.constdata)
    dp_h                                     0x08009db8   Data          16  pow.o(.constdata)
    dp_l                                     0x08009dc8   Data          16  pow.o(.constdata)
    L                                        0x08009dd8   Data          48  pow.o(.constdata)
    P                                        0x08009e08   Data          40  pow.o(.constdata)
    .constdata                               0x08009e30   Section        8  qnan.o(.constdata)
    .constdata                               0x08009e38   Section      148  bigflt0.o(.constdata)
    tenpwrs_x                                0x08009e38   Data          60  bigflt0.o(.constdata)
    tenpwrs_i                                0x08009e74   Data          64  bigflt0.o(.constdata)
    locale$$data                             0x08009eec   Section       28  lc_numeric_c.o(locale$$data)
    __lcnum_c_name                           0x08009ef0   Data           2  lc_numeric_c.o(locale$$data)
    __lcnum_c_start                          0x08009ef8   Data           0  lc_numeric_c.o(locale$$data)
    __lcnum_c_point                          0x08009f04   Data           0  lc_numeric_c.o(locale$$data)
    __lcnum_c_thousands                      0x08009f06   Data           0  lc_numeric_c.o(locale$$data)
    __lcnum_c_grouping                       0x08009f07   Data           0  lc_numeric_c.o(locale$$data)
    __lcnum_c_end                            0x08009f08   Data           0  lc_numeric_c.o(locale$$data)
    .data                                    0x20000000   Section        8  main.o(.data)
    .data                                    0x20000008   Section       20  system_stm32f10x.o(.data)
    .data                                    0x2000001c   Section        4  delay.o(.data)
    fac_us                                   0x2000001c   Data           1  delay.o(.data)
    fac_ms                                   0x2000001e   Data           2  delay.o(.data)
    .data                                    0x20000020   Section        6  usart.o(.data)
    .data                                    0x20000028   Section       51  bme280.o(.data)
    .data                                    0x2000005c   Section        4  lcd.o(.data)
    .data                                    0x20000060   Section        4  timer.o(.data)
    .data                                    0x20000064   Section       20  stm32f10x_rcc.o(.data)
    APBAHBPrescTable                         0x20000064   Data          16  stm32f10x_rcc.o(.data)
    ADCPrescTable                            0x20000074   Data           4  stm32f10x_rcc.o(.data)
    .bss                                     0x20000078   Section      200  usart.o(.bss)
    .bss                                     0x20000140   Section       14  lcd.o(.bss)
    .bss                                     0x20000150   Section       96  libspace.o(.bss)
    HEAP                                     0x200001b0   Section      512  startup_stm32f10x_hd.o(HEAP)
    Heap_Mem                                 0x200001b0   Data         512  startup_stm32f10x_hd.o(HEAP)
    STACK                                    0x200003b0   Section     1024  startup_stm32f10x_hd.o(STACK)
    Stack_Mem                                0x200003b0   Data        1024  startup_stm32f10x_hd.o(STACK)
    __initial_sp                             0x200007b0   Data           0  startup_stm32f10x_hd.o(STACK)

    Global Symbols

    Symbol Name                              Value     Ov Type        Size  Object(Section)

    BuildAttributes$$THM_ISAv4$P$D$K$B$S$PE$A:L22UL41UL21$X:L11$S22US41US21$IEEE1$IW$USESV6$~STKCKD$USESV7$~SHL$OTIME$ROPI$IEEEX$EBA8$UX$STANDARDLIB$REQ8$PRES8$EABIv2 0x00000000   Number         0  anon$$obj.o ABSOLUTE
    __ARM_use_no_argv                        0x00000000   Number         0  main.o ABSOLUTE
    __ARM_exceptions_init                     - Undefined Weak Reference
    __alloca_initialize                       - Undefined Weak Reference
    __arm_fini_                               - Undefined Weak Reference
    __arm_preinit_                            - Undefined Weak Reference
    __cpp_initialize__aeabi_                  - Undefined Weak Reference
    __cxa_finalize                            - Undefined Weak Reference
    __sigvec_lookup                           - Undefined Weak Reference
    _atexit_init                              - Undefined Weak Reference
    _call_atexit_fns                          - Undefined Weak Reference
    _clock_init                               - Undefined Weak Reference
    _fp_trap_init                             - Undefined Weak Reference
    _fp_trap_shutdown                         - Undefined Weak Reference
    _get_lc_collate                           - Undefined Weak Reference
    _get_lc_ctype                             - Undefined Weak Reference
    _get_lc_monetary                          - Undefined Weak Reference
    _get_lc_time                              - Undefined Weak Reference
    _getenv_init                              - Undefined Weak Reference
    _handle_redirection                       - Undefined Weak Reference
    _init_alloc                               - Undefined Weak Reference
    _init_user_alloc                          - Undefined Weak Reference
    _initio                                   - Undefined Weak Reference
    _mutex_acquire                            - Undefined Weak Reference
    _mutex_release                            - Undefined Weak Reference
    _printf_post_padding                      - Undefined Weak Reference
    _printf_pre_padding                       - Undefined Weak Reference
    _printf_truncate_unsigned                 - Undefined Weak Reference
    _rand_init                                - Undefined Weak Reference
    _signal_finish                            - Undefined Weak Reference
    _signal_init                              - Undefined Weak Reference
    _terminate_alloc                          - Undefined Weak Reference
    _terminate_user_alloc                     - Undefined Weak Reference
    _terminateio                              - Undefined Weak Reference
    __Vectors_Size                           0x00000130   Number         0  startup_stm32f10x_hd.o ABSOLUTE
    __Vectors                                0x08000000   Data           4  startup_stm32f10x_hd.o(RESET)
    __Vectors_End                            0x08000130   Data           0  startup_stm32f10x_hd.o(RESET)
    __main                                   0x08000131   Thumb Code     8  __main.o(!!!main)
    __scatterload                            0x08000139   Thumb Code     0  __scatter.o(!!!scatter)
    __scatterload_rt2                        0x08000139   Thumb Code    44  __scatter.o(!!!scatter)
    __scatterload_rt2_thumb_only             0x08000139   Thumb Code     0  __scatter.o(!!!scatter)
    __scatterload_null                       0x08000147   Thumb Code     0  __scatter.o(!!!scatter)
    __scatterload_copy                       0x0800016d   Thumb Code    26  __scatter_copy.o(!!handler_copy)
    __scatterload_zeroinit                   0x08000189   Thumb Code    28  __scatter_zi.o(!!handler_zi)
    _printf_f                                0x080001a5   Thumb Code     0  _printf_f.o(.ARM.Collect$$_printf_percent$$00000003)
    _printf_percent                          0x080001a5   Thumb Code     0  _printf_percent.o(.ARM.Collect$$_printf_percent$$00000000)
    _printf_x                                0x080001ab   Thumb Code     0  _printf_x.o(.ARM.Collect$$_printf_percent$$0000000C)
    _printf_percent_end                      0x080001b1   Thumb Code     0  _printf_percent_end.o(.ARM.Collect$$_printf_percent$$00000017)
    __rt_lib_init                            0x080001b5   Thumb Code     0  libinit.o(.ARM.Collect$$libinit$$00000000)
    __rt_lib_init_fp_1                       0x080001b7   Thumb Code     0  libinit2.o(.ARM.Collect$$libinit$$00000002)
    __rt_lib_init_heap_1                     0x080001b7   Thumb Code     0  libinit2.o(.ARM.Collect$$libinit$$0000000A)
    __rt_lib_init_lc_common                  0x080001b7   Thumb Code     0  libinit2.o(.ARM.Collect$$libinit$$0000000F)
    __rt_lib_init_preinit_1                  0x080001b7   Thumb Code     0  libinit2.o(.ARM.Collect$$libinit$$00000004)
    __rt_lib_init_rand_1                     0x080001b7   Thumb Code     0  libinit2.o(.ARM.Collect$$libinit$$0000000E)
    __rt_lib_init_user_alloc_1               0x080001b7   Thumb Code     0  libinit2.o(.ARM.Collect$$libinit$$0000000C)
    __rt_lib_init_lc_collate_1               0x080001bd   Thumb Code     0  libinit2.o(.ARM.Collect$$libinit$$00000011)
    __rt_lib_init_lc_ctype_1                 0x080001bd   Thumb Code     0  libinit2.o(.ARM.Collect$$libinit$$00000013)
    __rt_lib_init_lc_monetary_1              0x080001bd   Thumb Code     0  libinit2.o(.ARM.Collect$$libinit$$00000015)
    __rt_lib_init_lc_numeric_2               0x080001bd   Thumb Code     0  libinit2.o(.ARM.Collect$$libinit$$00000016)
    __rt_lib_init_alloca_1                   0x080001c7   Thumb Code     0  libinit2.o(.ARM.Collect$$libinit$$0000002E)
    __rt_lib_init_argv_1                     0x080001c7   Thumb Code     0  libinit2.o(.ARM.Collect$$libinit$$0000002C)
    __rt_lib_init_atexit_1                   0x080001c7   Thumb Code     0  libinit2.o(.ARM.Collect$$libinit$$0000001B)
    __rt_lib_init_clock_1                    0x080001c7   Thumb Code     0  libinit2.o(.ARM.Collect$$libinit$$00000021)
    __rt_lib_init_cpp_1                      0x080001c7   Thumb Code     0  libinit2.o(.ARM.Collect$$libinit$$00000032)
    __rt_lib_init_exceptions_1               0x080001c7   Thumb Code     0  libinit2.o(.ARM.Collect$$libinit$$00000030)
    __rt_lib_init_fp_trap_1                  0x080001c7   Thumb Code     0  libinit2.o(.ARM.Collect$$libinit$$0000001F)
    __rt_lib_init_getenv_1                   0x080001c7   Thumb Code     0  libinit2.o(.ARM.Collect$$libinit$$00000023)
    __rt_lib_init_lc_numeric_1               0x080001c7   Thumb Code     0  libinit2.o(.ARM.Collect$$libinit$$00000017)
    __rt_lib_init_lc_time_1                  0x080001c7   Thumb Code     0  libinit2.o(.ARM.Collect$$libinit$$00000019)
    __rt_lib_init_return                     0x080001c7   Thumb Code     0  libinit2.o(.ARM.Collect$$libinit$$00000033)
    __rt_lib_init_signal_1                   0x080001c7   Thumb Code     0  libinit2.o(.ARM.Collect$$libinit$$0000001D)
    __rt_lib_init_stdio_1                    0x080001c7   Thumb Code     0  libinit2.o(.ARM.Collect$$libinit$$00000025)
    __rt_lib_shutdown                        0x080001c9   Thumb Code     0  libshutdown.o(.ARM.Collect$$libshutdown$$00000000)
    __rt_lib_shutdown_cpp_1                  0x080001cb   Thumb Code     0  libshutdown2.o(.ARM.Collect$$libshutdown$$00000004)
    __rt_lib_shutdown_fini_1                 0x080001cb   Thumb Code     0  libshutdown2.o(.ARM.Collect$$libshutdown$$00000002)
    __rt_lib_shutdown_fp_trap_1              0x080001cb   Thumb Code     0  libshutdown2.o(.ARM.Collect$$libshutdown$$00000009)
    __rt_lib_shutdown_heap_1                 0x080001cb   Thumb Code     0  libshutdown2.o(.ARM.Collect$$libshutdown$$00000011)
    __rt_lib_shutdown_return                 0x080001cb   Thumb Code     0  libshutdown2.o(.ARM.Collect$$libshutdown$$00000012)
    __rt_lib_shutdown_signal_1               0x080001cb   Thumb Code     0  libshutdown2.o(.ARM.Collect$$libshutdown$$0000000C)
    __rt_lib_shutdown_stdio_1                0x080001cb   Thumb Code     0  libshutdown2.o(.ARM.Collect$$libshutdown$$00000006)
    __rt_lib_shutdown_user_alloc_1           0x080001cb   Thumb Code     0  libshutdown2.o(.ARM.Collect$$libshutdown$$0000000E)
    __rt_entry                               0x080001cd   Thumb Code     0  __rtentry.o(.ARM.Collect$$rtentry$$00000000)
    __rt_entry_presh_1                       0x080001cd   Thumb Code     0  __rtentry2.o(.ARM.Collect$$rtentry$$00000002)
    __rt_entry_sh                            0x080001cd   Thumb Code     0  __rtentry4.o(.ARM.Collect$$rtentry$$00000004)
    __rt_entry_li                            0x080001d3   Thumb Code     0  __rtentry2.o(.ARM.Collect$$rtentry$$0000000A)
    __rt_entry_postsh_1                      0x080001d3   Thumb Code     0  __rtentry2.o(.ARM.Collect$$rtentry$$00000009)
    __rt_entry_main                          0x080001d7   Thumb Code     0  __rtentry2.o(.ARM.Collect$$rtentry$$0000000D)
    __rt_entry_postli_1                      0x080001d7   Thumb Code     0  __rtentry2.o(.ARM.Collect$$rtentry$$0000000C)
    __rt_exit                                0x080001df   Thumb Code     0  rtexit.o(.ARM.Collect$$rtexit$$00000000)
    __rt_exit_ls                             0x080001e1   Thumb Code     0  rtexit2.o(.ARM.Collect$$rtexit$$00000003)
    __rt_exit_prels_1                        0x080001e1   Thumb Code     0  rtexit2.o(.ARM.Collect$$rtexit$$00000002)
    __rt_exit_exit                           0x080001e5   Thumb Code     0  rtexit2.o(.ARM.Collect$$rtexit$$00000004)
    Reset_Handler                            0x080001ed   Thumb Code     8  startup_stm32f10x_hd.o(.text)
    ADC1_2_IRQHandler                        0x08000207   Thumb Code     0  startup_stm32f10x_hd.o(.text)
    ADC3_IRQHandler                          0x08000207   Thumb Code     0  startup_stm32f10x_hd.o(.text)
    CAN1_RX1_IRQHandler                      0x08000207   Thumb Code     0  startup_stm32f10x_hd.o(.text)
    CAN1_SCE_IRQHandler                      0x08000207   Thumb Code     0  startup_stm32f10x_hd.o(.text)
    DMA1_Channel1_IRQHandler                 0x08000207   Thumb Code     0  startup_stm32f10x_hd.o(.text)
    DMA1_Channel2_IRQHandler                 0x08000207   Thumb Code     0  startup_stm32f10x_hd.o(.text)
    DMA1_Channel3_IRQHandler                 0x08000207   Thumb Code     0  startup_stm32f10x_hd.o(.text)
    DMA1_Channel4_IRQHandler                 0x08000207   Thumb Code     0  startup_stm32f10x_hd.o(.text)
    DMA1_Channel5_IRQHandler                 0x08000207   Thumb Code     0  startup_stm32f10x_hd.o(.text)
    DMA1_Channel6_IRQHandler                 0x08000207   Thumb Code     0  startup_stm32f10x_hd.o(.text)
    DMA1_Channel7_IRQHandler                 0x08000207   Thumb Code     0  startup_stm32f10x_hd.o(.text)
    DMA2_Channel1_IRQHandler                 0x08000207   Thumb Code     0  startup_stm32f10x_hd.o(.text)
    DMA2_Channel2_IRQHandler                 0x08000207   Thumb Code     0  startup_stm32f10x_hd.o(.text)
    DMA2_Channel3_IRQHandler                 0x08000207   Thumb Code     0  startup_stm32f10x_hd.o(.text)
    DMA2_Channel4_5_IRQHandler               0x08000207   Thumb Code     0  startup_stm32f10x_hd.o(.text)
    EXTI0_IRQHandler                         0x08000207   Thumb Code     0  startup_stm32f10x_hd.o(.text)
    EXTI15_10_IRQHandler                     0x08000207   Thumb Code     0  startup_stm32f10x_hd.o(.text)
    EXTI1_IRQHandler                         0x08000207   Thumb Code     0  startup_stm32f10x_hd.o(.text)
    EXTI2_IRQHandler                         0x08000207   Thumb Code     0  startup_stm32f10x_hd.o(.text)
    EXTI3_IRQHandler                         0x08000207   Thumb Code     0  startup_stm32f10x_hd.o(.text)
    EXTI4_IRQHandler                         0x08000207   Thumb Code     0  startup_stm32f10x_hd.o(.text)
    EXTI9_5_IRQHandler                       0x08000207   Thumb Code     0  startup_stm32f10x_hd.o(.text)
    FLASH_IRQHandler                         0x08000207   Thumb Code     0  startup_stm32f10x_hd.o(.text)
    FSMC_IRQHandler                          0x08000207   Thumb Code     0  startup_stm32f10x_hd.o(.text)
    I2C1_ER_IRQHandler                       0x08000207   Thumb Code     0  startup_stm32f10x_hd.o(.text)
    I2C1_EV_IRQHandler                       0x08000207   Thumb Code     0  startup_stm32f10x_hd.o(.text)
    I2C2_ER_IRQHandler                       0x08000207   Thumb Code     0  startup_stm32f10x_hd.o(.text)
    I2C2_EV_IRQHandler                       0x08000207   Thumb Code     0  startup_stm32f10x_hd.o(.text)
    PVD_IRQHandler                           0x08000207   Thumb Code     0  startup_stm32f10x_hd.o(.text)
    RCC_IRQHandler                           0x08000207   Thumb Code     0  startup_stm32f10x_hd.o(.text)
    RTCAlarm_IRQHandler                      0x08000207   Thumb Code     0  startup_stm32f10x_hd.o(.text)
    RTC_IRQHandler                           0x08000207   Thumb Code     0  startup_stm32f10x_hd.o(.text)
    SDIO_IRQHandler                          0x08000207   Thumb Code     0  startup_stm32f10x_hd.o(.text)
    SPI1_IRQHandler                          0x08000207   Thumb Code     0  startup_stm32f10x_hd.o(.text)
    SPI2_IRQHandler                          0x08000207   Thumb Code     0  startup_stm32f10x_hd.o(.text)
    SPI3_IRQHandler                          0x08000207   Thumb Code     0  startup_stm32f10x_hd.o(.text)
    TAMPER_IRQHandler                        0x08000207   Thumb Code     0  startup_stm32f10x_hd.o(.text)
    TIM1_BRK_IRQHandler                      0x08000207   Thumb Code     0  startup_stm32f10x_hd.o(.text)
    TIM1_CC_IRQHandler                       0x08000207   Thumb Code     0  startup_stm32f10x_hd.o(.text)
    TIM1_TRG_COM_IRQHandler                  0x08000207   Thumb Code     0  startup_stm32f10x_hd.o(.text)
    TIM1_UP_IRQHandler                       0x08000207   Thumb Code     0  startup_stm32f10x_hd.o(.text)
    TIM2_IRQHandler                          0x08000207   Thumb Code     0  startup_stm32f10x_hd.o(.text)
    TIM4_IRQHandler                          0x08000207   Thumb Code     0  startup_stm32f10x_hd.o(.text)
    TIM5_IRQHandler                          0x08000207   Thumb Code     0  startup_stm32f10x_hd.o(.text)
    TIM7_IRQHandler                          0x08000207   Thumb Code     0  startup_stm32f10x_hd.o(.text)
    TIM8_BRK_IRQHandler                      0x08000207   Thumb Code     0  startup_stm32f10x_hd.o(.text)
    TIM8_CC_IRQHandler                       0x08000207   Thumb Code     0  startup_stm32f10x_hd.o(.text)
    TIM8_TRG_COM_IRQHandler                  0x08000207   Thumb Code     0  startup_stm32f10x_hd.o(.text)
    TIM8_UP_IRQHandler                       0x08000207   Thumb Code     0  startup_stm32f10x_hd.o(.text)
    UART4_IRQHandler                         0x08000207   Thumb Code     0  startup_stm32f10x_hd.o(.text)
    UART5_IRQHandler                         0x08000207   Thumb Code     0  startup_stm32f10x_hd.o(.text)
    USART2_IRQHandler                        0x08000207   Thumb Code     0  startup_stm32f10x_hd.o(.text)
    USART3_IRQHandler                        0x08000207   Thumb Code     0  startup_stm32f10x_hd.o(.text)
    USBWakeUp_IRQHandler                     0x08000207   Thumb Code     0  startup_stm32f10x_hd.o(.text)
    USB_HP_CAN1_TX_IRQHandler                0x08000207   Thumb Code     0  startup_stm32f10x_hd.o(.text)
    USB_LP_CAN1_RX0_IRQHandler               0x08000207   Thumb Code     0  startup_stm32f10x_hd.o(.text)
    WWDG_IRQHandler                          0x08000207   Thumb Code     0  startup_stm32f10x_hd.o(.text)
    __user_initial_stackheap                 0x08000209   Thumb Code     0  startup_stm32f10x_hd.o(.text)
    __use_no_semihosting                     0x0800022d   Thumb Code     2  use_no_semi_2.o(.text)
    __2printf                                0x08000231   Thumb Code    20  noretval__2printf.o(.text)
    __printf                                 0x08000249   Thumb Code   104  __printf.o(.text)
    _printf_int_hex                          0x080002b1   Thumb Code    84  _printf_hex_int.o(.text)
    _printf_longlong_hex                     0x080002b1   Thumb Code     0  _printf_hex_int.o(.text)
    __use_two_region_memory                  0x08000309   Thumb Code     2  heapauxi.o(.text)
    __rt_heap_escrow$2region                 0x0800030b   Thumb Code     2  heapauxi.o(.text)
    __rt_heap_expand$2region                 0x0800030d   Thumb Code     2  heapauxi.o(.text)
    __I$use$semihosting                      0x0800030f   Thumb Code     0  use_no_semi.o(.text)
    __use_no_semihosting_swi                 0x0800030f   Thumb Code     2  use_no_semi.o(.text)
    __read_errno                             0x08000311   Thumb Code    10  _rserrno.o(.text)
    __set_errno                              0x0800031b   Thumb Code    12  _rserrno.o(.text)
    _printf_int_common                       0x08000327   Thumb Code   178  _printf_intcommon.o(.text)
    __lib_sel_fp_printf                      0x080003d9   Thumb Code     2  _printf_fp_dec.o(.text)
    _printf_fp_dec_real                      0x0800058b   Thumb Code   620  _printf_fp_dec.o(.text)
    _printf_char_file                        0x080007f9   Thumb Code    32  _printf_char_file.o(.text)
    __rt_locale                              0x0800081d   Thumb Code     8  rt_locale_intlibspace.o(.text)
    __aeabi_errno_addr                       0x08000825   Thumb Code     8  rt_errno_addr_intlibspace.o(.text)
    __errno$intlibspace                      0x08000825   Thumb Code     0  rt_errno_addr_intlibspace.o(.text)
    __rt_errno_addr$intlibspace              0x08000825   Thumb Code     0  rt_errno_addr_intlibspace.o(.text)
    _ll_udiv10                               0x0800082d   Thumb Code   138  lludiv10.o(.text)
    _printf_char_common                      0x080008c3   Thumb Code    32  _printf_char_common.o(.text)
    _printf_fp_infnan                        0x080008e9   Thumb Code   112  _printf_fp_infnan.o(.text)
    _btod_etento                             0x08000969   Thumb Code   224  bigflt0.o(.text)
    ferror                                   0x08000a4d   Thumb Code     8  ferror.o(.text)
    __user_libspace                          0x08000a55   Thumb Code     8  libspace.o(.text)
    __user_perproc_libspace                  0x08000a55   Thumb Code     0  libspace.o(.text)
    __user_perthread_libspace                0x08000a55   Thumb Code     0  libspace.o(.text)
    __user_setup_stackheap                   0x08000a5d   Thumb Code    74  sys_stackheap_outer.o(.text)
    exit                                     0x08000aa7   Thumb Code    18  exit.o(.text)
    strcmp                                   0x08000ab9   Thumb Code   128  strcmpv7m.o(.text)
    _btod_d2e                                0x08000b39   Thumb Code    62  btod.o(CL$$btod_d2e)
    _d2e_denorm_low                          0x08000b77   Thumb Code    70  btod.o(CL$$btod_d2e_denorm_low)
    _d2e_norm_op1                            0x08000bbd   Thumb Code    96  btod.o(CL$$btod_d2e_norm_op1)
    __btod_div_common                        0x08000c1d   Thumb Code   696  btod.o(CL$$btod_div_common)
    _e2e                                     0x08000f55   Thumb Code   220  btod.o(CL$$btod_e2e)
    _btod_ediv                               0x08001031   Thumb Code    42  btod.o(CL$$btod_ediv)
    _btod_emul                               0x0800105b   Thumb Code    42  btod.o(CL$$btod_emul)
    __btod_mult_common                       0x08001085   Thumb Code   580  btod.o(CL$$btod_mult_common)
    ADC_Cmd                                  0x080012c9   Thumb Code    22  stm32f10x_adc.o(i.ADC_Cmd)
    ADC_DeInit                               0x080012e1   Thumb Code    78  stm32f10x_adc.o(i.ADC_DeInit)
    ADC_GetCalibrationStatus                 0x0800133d   Thumb Code    20  stm32f10x_adc.o(i.ADC_GetCalibrationStatus)
    ADC_GetConversionValue                   0x08001351   Thumb Code     8  stm32f10x_adc.o(i.ADC_GetConversionValue)
    ADC_GetFlagStatus                        0x08001359   Thumb Code    18  stm32f10x_adc.o(i.ADC_GetFlagStatus)
    ADC_GetResetCalibrationStatus            0x0800136b   Thumb Code    20  stm32f10x_adc.o(i.ADC_GetResetCalibrationStatus)
    ADC_Init                                 0x08001381   Thumb Code    70  stm32f10x_adc.o(i.ADC_Init)
    ADC_RegularChannelConfig                 0x080013d1   Thumb Code   184  stm32f10x_adc.o(i.ADC_RegularChannelConfig)
    ADC_ResetCalibration                     0x08001489   Thumb Code    10  stm32f10x_adc.o(i.ADC_ResetCalibration)
    ADC_SoftwareStartConvCmd                 0x08001493   Thumb Code    22  stm32f10x_adc.o(i.ADC_SoftwareStartConvCmd)
    ADC_StartCalibration                     0x080014a9   Thumb Code    10  stm32f10x_adc.o(i.ADC_StartCalibration)
    ADC_init                                 0x080014b5   Thumb Code   132  relay.o(i.ADC_init)
    Adc2_Init                                0x08001541   Thumb Code   132  adc.o(i.Adc2_Init)
    Adc_Init                                 0x080015cd   Thumb Code   132  adc.o(i.Adc_Init)
    BASIC_TIM_Config                         0x08001659   Thumb Code    68  timer.o(i.BASIC_TIM_Config)
    BASIC_TIM_NVIC_Config                    0x080016a1   Thumb Code    34  timer.o(i.BASIC_TIM_NVIC_Config)
    BusFault_Handler                         0x080016c3   Thumb Code     4  stm32f10x_it.o(i.BusFault_Handler)
    DebugMon_Handler                         0x080016c7   Thumb Code     2  stm32f10x_it.o(i.DebugMon_Handler)
    GPIO_Init                                0x080016c9   Thumb Code   278  stm32f10x_gpio.o(i.GPIO_Init)
    GPIO_PinRemapConfig                      0x080017e1   Thumb Code   138  stm32f10x_gpio.o(i.GPIO_PinRemapConfig)
    GPIO_SetBits                             0x08001871   Thumb Code     4  stm32f10x_gpio.o(i.GPIO_SetBits)
    Get_Adc1                                 0x08001875   Thumb Code    46  relay.o(i.Get_Adc1)
    Get_Adc_Average1                         0x080018a9   Thumb Code    46  relay.o(i.Get_Adc_Average1)
    HardFault_Handler                        0x080018d7   Thumb Code     4  stm32f10x_it.o(i.HardFault_Handler)
    IIC_Ack                                  0x080018dd   Thumb Code    66  myiic.o(i.IIC_Ack)
    IIC_Init                                 0x0800192d   Thumb Code    52  myiic.o(i.IIC_Init)
    IIC_NAck                                 0x0800196d   Thumb Code    66  myiic.o(i.IIC_NAck)
    IIC_Read_Byte                            0x080019bd   Thumb Code    98  myiic.o(i.IIC_Read_Byte)
    IIC_Send_Byte                            0x08001a2d   Thumb Code    90  myiic.o(i.IIC_Send_Byte)
    IIC_Start                                0x08001a95   Thumb Code    64  myiic.o(i.IIC_Start)
    IIC_Stop                                 0x08001ae1   Thumb Code    62  myiic.o(i.IIC_Stop)
    IIC_Wait_Ack                             0x08001b2d   Thumb Code    86  myiic.o(i.IIC_Wait_Ack)
    KEY_Init                                 0x08001b91   Thumb Code    82  key.o(i.KEY_Init)
    LCD_Clear                                0x08001bf1   Thumb Code    64  lcd.o(i.LCD_Clear)
    LCD_Display_Dir                          0x08001c3d   Thumb Code   298  lcd.o(i.LCD_Display_Dir)
    LCD_Fast_DrawPoint                       0x08001d6d   Thumb Code   630  lcd.o(i.LCD_Fast_DrawPoint)
    LCD_Init                                 0x08001ff1   Thumb Code 10580  lcd.o(i.LCD_Init)
    LCD_Pow                                  0x08004951   Thumb Code    22  lcd.o(i.LCD_Pow)
    LCD_RD_DATA                              0x08004969   Thumb Code    86  lcd.o(i.LCD_RD_DATA)
    LCD_SSD_BackLightSet                     0x080049c9   Thumb Code   198  lcd.o(i.LCD_SSD_BackLightSet)
    LCD_Scan_Dir                             0x08004a9d   Thumb Code   916  lcd.o(i.LCD_Scan_Dir)
    LCD_SetCursor                            0x08004e3d   Thumb Code   720  lcd.o(i.LCD_SetCursor)
    LCD_ShowChar                             0x08005119   Thumb Code   272  lcd.o(i.LCD_ShowChar)
    LCD_ShowString                           0x08005241   Thumb Code   102  lcd.o(i.LCD_ShowString)
    LCD_ShowxNum                             0x080052a7   Thumb Code   190  lcd.o(i.LCD_ShowxNum)
    LCD_WR_DATAX                             0x08005365   Thumb Code    28  lcd.o(i.LCD_WR_DATAX)
    LCD_WR_REG                               0x08005389   Thumb Code    28  lcd.o(i.LCD_WR_REG)
    LCD_WriteRAM_Prepare                     0x080053ad   Thumb Code    12  lcd.o(i.LCD_WriteRAM_Prepare)
    LCD_WriteReg                             0x080053bd   Thumb Code    40  lcd.o(i.LCD_WriteReg)
    LED_Init                                 0x080053ed   Thumb Code    72  led.o(i.LED_Init)
    MemManage_Handler                        0x0800543d   Thumb Code     4  stm32f10x_it.o(i.MemManage_Handler)
    NMI_Handler                              0x08005441   Thumb Code     2  stm32f10x_it.o(i.NMI_Handler)
    NVIC_Init                                0x08005445   Thumb Code   100  misc.o(i.NVIC_Init)
    NVIC_PriorityGroupConfig                 0x080054b5   Thumb Code    10  misc.o(i.NVIC_PriorityGroupConfig)
    PendSV_Handler                           0x080054c9   Thumb Code     2  stm32f10x_it.o(i.PendSV_Handler)
    RCC_ADCCLKConfig                         0x080054cd   Thumb Code    18  stm32f10x_rcc.o(i.RCC_ADCCLKConfig)
    RCC_APB1PeriphClockCmd                   0x080054e5   Thumb Code    26  stm32f10x_rcc.o(i.RCC_APB1PeriphClockCmd)
    RCC_APB2PeriphClockCmd                   0x08005505   Thumb Code    26  stm32f10x_rcc.o(i.RCC_APB2PeriphClockCmd)
    RCC_APB2PeriphResetCmd                   0x08005525   Thumb Code    26  stm32f10x_rcc.o(i.RCC_APB2PeriphResetCmd)
    RCC_GetClocksFreq                        0x08005545   Thumb Code   192  stm32f10x_rcc.o(i.RCC_GetClocksFreq)
    SVC_Handler                              0x08005619   Thumb Code     2  stm32f10x_it.o(i.SVC_Handler)
    SysTick_CLKSourceConfig                  0x08005705   Thumb Code    40  misc.o(i.SysTick_CLKSourceConfig)
    SysTick_Handler                          0x0800572d   Thumb Code     2  stm32f10x_it.o(i.SysTick_Handler)
    SystemInit                               0x08005731   Thumb Code    78  system_stm32f10x.o(i.SystemInit)
    TIM1_PWM_Init                            0x08005791   Thumb Code   148  relay.o(i.TIM1_PWM_Init)
    TIM3_IRQHandler                          0x0800582d   Thumb Code   106  timer.o(i.TIM3_IRQHandler)
    TIM3_Int_Init                            0x080058c1   Thumb Code    90  timer.o(i.TIM3_Int_Init)
    TIM6_IRQHandler                          0x08005921   Thumb Code    32  timer.o(i.TIM6_IRQHandler)
    TIM_ClearFlag                            0x08005949   Thumb Code     6  stm32f10x_tim.o(i.TIM_ClearFlag)
    TIM_ClearITPendingBit                    0x0800594f   Thumb Code     6  stm32f10x_tim.o(i.TIM_ClearITPendingBit)
    TIM_Cmd                                  0x08005955   Thumb Code    24  stm32f10x_tim.o(i.TIM_Cmd)
    TIM_CtrlPWMOutputs                       0x0800596d   Thumb Code    30  stm32f10x_tim.o(i.TIM_CtrlPWMOutputs)
    TIM_GetITStatus                          0x0800598b   Thumb Code    34  stm32f10x_tim.o(i.TIM_GetITStatus)
    TIM_ITConfig                             0x080059ad   Thumb Code    18  stm32f10x_tim.o(i.TIM_ITConfig)
    TIM_OC4Init                              0x080059c1   Thumb Code   114  stm32f10x_tim.o(i.TIM_OC4Init)
    TIM_OC4PreloadConfig                     0x08005a3d   Thumb Code    26  stm32f10x_tim.o(i.TIM_OC4PreloadConfig)
    TIM_SetCompare4                          0x08005a57   Thumb Code     6  stm32f10x_tim.o(i.TIM_SetCompare4)
    TIM_TimeBaseInit                         0x08005a5d   Thumb Code   122  stm32f10x_tim.o(i.TIM_TimeBaseInit)
    USART1_IRQHandler                        0x08005b01   Thumb Code   122  usart.o(i.USART1_IRQHandler)
    USART_Cmd                                0x08005b89   Thumb Code    24  stm32f10x_usart.o(i.USART_Cmd)
    USART_GetITStatus                        0x08005ba1   Thumb Code    84  stm32f10x_usart.o(i.USART_GetITStatus)
    USART_ITConfig                           0x08005bf5   Thumb Code    74  stm32f10x_usart.o(i.USART_ITConfig)
    USART_Init                               0x08005c41   Thumb Code   210  stm32f10x_usart.o(i.USART_Init)
    USART_ReceiveData                        0x08005d19   Thumb Code    10  stm32f10x_usart.o(i.USART_ReceiveData)
    UsageFault_Handler                       0x08005d23   Thumb Code     4  stm32f10x_it.o(i.UsageFault_Handler)
    __ARM_fpclassify                         0x08005d27   Thumb Code    40  fpclassify.o(i.__ARM_fpclassify)
    __kernel_poly                            0x08005d4f   Thumb Code   170  poly.o(i.__kernel_poly)
    __mathlib_dbl_divzero                    0x08005df9   Thumb Code    12  dunder.o(i.__mathlib_dbl_divzero)
    __mathlib_dbl_infnan2                    0x08005e09   Thumb Code     4  dunder.o(i.__mathlib_dbl_infnan2)
    __mathlib_dbl_invalid                    0x08005e0d   Thumb Code    12  dunder.o(i.__mathlib_dbl_invalid)
    __mathlib_dbl_overflow                   0x08005e19   Thumb Code    14  dunder.o(i.__mathlib_dbl_overflow)
    __mathlib_dbl_underflow                  0x08005e29   Thumb Code    10  dunder.o(i.__mathlib_dbl_underflow)
    _sys_exit                                0x08005e39   Thumb Code     6  usart.o(i._sys_exit)
    bme280GetData                            0x08005e41   Thumb Code   160  bme280.o(i.bme280GetData)
    bme280Init                               0x08005ef5   Thumb Code    18  bme280.o(i.bme280Init)
    calibration_H                            0x08005f85   Thumb Code   140  bme280.o(i.calibration_H)
    calibration_P                            0x0800602d   Thumb Code   184  bme280.o(i.calibration_P)
    calibration_T                            0x0800610d   Thumb Code    66  bme280.o(i.calibration_T)
    delay_init                               0x08006161   Thumb Code    50  delay.o(i.delay_init)
    delay_ms                                 0x080061a5   Thumb Code    72  delay.o(i.delay_ms)
    delay_us                                 0x080061f1   Thumb Code    72  delay.o(i.delay_us)
    fputc                                    0x0800623d   Thumb Code    24  usart.o(i.fputc)
    iicDevRead                               0x08006259   Thumb Code    96  myiic.o(i.iicDevRead)
    iicDevWriteByte                          0x080062b9   Thumb Code    48  myiic.o(i.iicDevWriteByte)
    init_controller                          0x080062e9   Thumb Code    22  relay.o(i.init_controller)
    main                                     0x08006305   Thumb Code   372  main.o(i.main)
    opt_delay                                0x080064cd   Thumb Code    14  lcd.o(i.opt_delay)
    pow                                      0x080064dd   Thumb Code  2512  pow.o(i.pow)
    readData                                 0x08006eb5   Thumb Code    84  bme280.o(i.readData)
    readTrim                                 0x08006f15   Thumb Code   344  bme280.o(i.readTrim)
    relay1_init                              0x080070b5   Thumb Code    38  relay.o(i.relay1_init)
    relay_init                               0x080070e1   Thumb Code    38  relay.o(i.relay_init)
    relay_off                                0x0800710d   Thumb Code    12  relay.o(i.relay_off)
    set_motorpwm                             0x0800711d   Thumb Code    14  relay.o(i.set_motorpwm)
    setup                                    0x08007131   Thumb Code    82  bme280.o(i.setup)
    sqrt                                     0x08007183   Thumb Code    76  sqrt.o(i.sqrt)
    uart_init                                0x080071d1   Thumb Code   152  usart.o(i.uart_init)
    writeReg                                 0x08007271   Thumb Code    18  bme280.o(i.writeReg)
    _get_lc_numeric                          0x08007285   Thumb Code    44  lc_numeric_c.o(locale$$code)
    __aeabi_d2f                              0x080072b1   Thumb Code     0  d2f.o(x$fpl$d2f)
    _d2f                                     0x080072b1   Thumb Code    98  d2f.o(x$fpl$d2f)
    __aeabi_dadd                             0x08007315   Thumb Code     0  daddsub_clz.o(x$fpl$dadd)
    _dadd                                    0x08007315   Thumb Code   332  daddsub_clz.o(x$fpl$dadd)
    __fpl_dcheck_NaN1                        0x08007465   Thumb Code    10  dcheck1.o(x$fpl$dcheck1)
    __fpl_dcmp_Inf                           0x08007475   Thumb Code    24  dcmpi.o(x$fpl$dcmpinf)
    __aeabi_ddiv                             0x0800748d   Thumb Code     0  ddiv.o(x$fpl$ddiv)
    _ddiv                                    0x0800748d   Thumb Code   552  ddiv.o(x$fpl$ddiv)
    __aeabi_d2uiz                            0x0800773d   Thumb Code     0  dfixu.o(x$fpl$dfixu)
    _dfixu                                   0x0800773d   Thumb Code    90  dfixu.o(x$fpl$dfixu)
    __aeabi_i2d                              0x08007797   Thumb Code     0  dflt_clz.o(x$fpl$dflt)
    _dflt                                    0x08007797   Thumb Code    46  dflt_clz.o(x$fpl$dflt)
    __aeabi_ui2d                             0x080077c5   Thumb Code     0  dflt_clz.o(x$fpl$dfltu)
    _dfltu                                   0x080077c5   Thumb Code    38  dflt_clz.o(x$fpl$dfltu)
    __aeabi_cdcmple                          0x080077ed   Thumb Code     0  dleqf.o(x$fpl$dleqf)
    _dcmple                                  0x080077ed   Thumb Code   120  dleqf.o(x$fpl$dleqf)
    __fpl_dcmple_InfNaN                      0x0800784f   Thumb Code     0  dleqf.o(x$fpl$dleqf)
    __aeabi_dmul                             0x08007865   Thumb Code     0  dmul.o(x$fpl$dmul)
    _dmul                                    0x08007865   Thumb Code   332  dmul.o(x$fpl$dmul)
    __fpl_dnaninf                            0x080079b9   Thumb Code   156  dnaninf.o(x$fpl$dnaninf)
    __fpl_dretinf                            0x08007a55   Thumb Code    12  dretinf.o(x$fpl$dretinf)
    __aeabi_cdrcmple                         0x08007a61   Thumb Code     0  drleqf.o(x$fpl$drleqf)
    _drcmple                                 0x08007a61   Thumb Code   108  drleqf.o(x$fpl$drleqf)
    __aeabi_drsub                            0x08007acd   Thumb Code     0  daddsub_clz.o(x$fpl$drsb)
    _drsb                                    0x08007acd   Thumb Code    22  daddsub_clz.o(x$fpl$drsb)
    _dsqrt                                   0x08007ae5   Thumb Code   456  dsqrt_noumaal.o(x$fpl$dsqrt)
    __aeabi_dsub                             0x08007cb1   Thumb Code     0  daddsub_clz.o(x$fpl$dsub)
    _dsub                                    0x08007cb1   Thumb Code   464  daddsub_clz.o(x$fpl$dsub)
    __aeabi_f2d                              0x08007e85   Thumb Code     0  f2d.o(x$fpl$f2d)
    _f2d                                     0x08007e85   Thumb Code    86  f2d.o(x$fpl$f2d)
    __aeabi_fadd                             0x08007edd   Thumb Code     0  faddsub_clz.o(x$fpl$fadd)
    _fadd                                    0x08007edd   Thumb Code   196  faddsub_clz.o(x$fpl$fadd)
    __fpl_fcmp_Inf                           0x08007fa1   Thumb Code    24  fcmpi.o(x$fpl$fcmpinf)
    __aeabi_fdiv                             0x08007fb9   Thumb Code     0  fdiv.o(x$fpl$fdiv)
    _fdiv                                    0x08007fb9   Thumb Code   384  fdiv.o(x$fpl$fdiv)
    __aeabi_f2uiz                            0x0800813d   Thumb Code     0  ffixu.o(x$fpl$ffixu)
    _ffixu                                   0x0800813d   Thumb Code    62  ffixu.o(x$fpl$ffixu)
    __aeabi_cfcmple                          0x0800817d   Thumb Code     0  fleqf.o(x$fpl$fleqf)
    _fcmple                                  0x0800817d   Thumb Code   104  fleqf.o(x$fpl$fleqf)
    __fpl_fcmple_InfNaN                      0x080081cf   Thumb Code     0  fleqf.o(x$fpl$fleqf)
    __aeabi_fmul                             0x080081e5   Thumb Code     0  fmul.o(x$fpl$fmul)
    _fmul                                    0x080081e5   Thumb Code   258  fmul.o(x$fpl$fmul)
    __fpl_fnaninf                            0x080082e7   Thumb Code   140  fnaninf.o(x$fpl$fnaninf)
    __fpl_fretinf                            0x08008373   Thumb Code    10  fretinf.o(x$fpl$fretinf)
    __aeabi_cfrcmple                         0x0800837d   Thumb Code     0  frleqf.o(x$fpl$frleqf)
    _frcmple                                 0x0800837d   Thumb Code    98  frleqf.o(x$fpl$frleqf)
    __aeabi_fsub                             0x080083e1   Thumb Code     0  faddsub_clz.o(x$fpl$fsub)
    _fsub                                    0x080083e1   Thumb Code   234  faddsub_clz.o(x$fpl$fsub)
    _printf_fp_dec                           0x080084cb   Thumb Code     4  printf1.o(x$fpl$printf1)
    __fpl_return_NaN                         0x080084cf   Thumb Code   100  retnan.o(x$fpl$retnan)
    __ARM_scalbn                             0x08008533   Thumb Code    92  scalbn.o(x$fpl$scalbn)
    __fpl_cmpreturn                          0x0800858f   Thumb Code    48  trapv.o(x$fpl$trapveneer)
    __I$use$fp                               0x080085be   Number         0  usenofp.o(x$fpl$usenofp)
    asc2_1206                                0x080085be   Data        1140  lcd.o(.constdata)
    asc2_1608                                0x08008a32   Data        1520  lcd.o(.constdata)
    asc2_2412                                0x08009022   Data        3420  lcd.o(.constdata)
    __mathlib_zero                           0x08009e30   Data           8  qnan.o(.constdata)
    Region$$Table$$Base                      0x08009ecc   Number         0  anon$$obj.o(Region$$Table)
    Region$$Table$$Limit                     0x08009eec   Number         0  anon$$obj.o(Region$$Table)
    count                                    0x20000000   Data           2  main.o(.data)
    flag1                                    0x20000004   Data           4  main.o(.data)
    SystemCoreClock                          0x20000008   Data           4  system_stm32f10x.o(.data)
    AHBPrescTable                            0x2000000c   Data          16  system_stm32f10x.o(.data)
    __stdout                                 0x20000020   Data           4  usart.o(.data)
    USART_RX_STA                             0x20000024   Data           2  usart.o(.data)
    hum_raw                                  0x20000028   Data           4  bme280.o(.data)
    temp_raw                                 0x2000002c   Data           4  bme280.o(.data)
    pres_raw                                 0x20000030   Data           4  bme280.o(.data)
    t_fine                                   0x20000034   Data           4  bme280.o(.data)
    dig_T1                                   0x20000038   Data           2  bme280.o(.data)
    dig_T2                                   0x2000003a   Data           2  bme280.o(.data)
    dig_T3                                   0x2000003c   Data           2  bme280.o(.data)
    dig_P1                                   0x2000003e   Data           2  bme280.o(.data)
    dig_P2                                   0x20000040   Data           2  bme280.o(.data)
    dig_P3                                   0x20000042   Data           2  bme280.o(.data)
    dig_P4                                   0x20000044   Data           2  bme280.o(.data)
    dig_P5                                   0x20000046   Data           2  bme280.o(.data)
    dig_P6                                   0x20000048   Data           2  bme280.o(.data)
    dig_P7                                   0x2000004a   Data           2  bme280.o(.data)
    dig_P8                                   0x2000004c   Data           2  bme280.o(.data)
    dig_P9                                   0x2000004e   Data           2  bme280.o(.data)
    dig_H1                                   0x20000050   Data           1  bme280.o(.data)
    dig_H2                                   0x20000052   Data           2  bme280.o(.data)
    dig_H3                                   0x20000054   Data           1  bme280.o(.data)
    dig_H4                                   0x20000056   Data           2  bme280.o(.data)
    dig_H5                                   0x20000058   Data           2  bme280.o(.data)
    dig_H6                                   0x2000005a   Data           1  bme280.o(.data)
    POINT_COLOR                              0x2000005c   Data           2  lcd.o(.data)
    BACK_COLOR                               0x2000005e   Data           2  lcd.o(.data)
    eachcount                                0x20000060   Data           2  timer.o(.data)
    timing                                   0x20000062   Data           2  timer.o(.data)
    USART_RX_BUF                             0x20000078   Data         200  usart.o(.bss)
    lcddev                                   0x20000140   Data          14  lcd.o(.bss)
    __libspace_start                         0x20000150   Data          96  libspace.o(.bss)
    __temporary_stack_top$libspace           0x200001b0   Data           0  libspace.o(.bss)



==============================================================================

Memory Map of the image

  Image Entry point : 0x08000131

  Load Region LR_IROM1 (Base: 0x08000000, Size: 0x00009f80, Max: 0x00040000, ABSOLUTE)

    Execution Region ER_IROM1 (Exec base: 0x08000000, Load base: 0x08000000, Size: 0x00009f08, Max: 0x00040000, ABSOLUTE)

    Exec Addr    Load Addr    Size         Type   Attr      Idx    E Section Name        Object

    0x08000000   0x08000000   0x00000130   Data   RO         2805    RESET               startup_stm32f10x_hd.o
    0x08000130   0x08000130   0x00000008   Code   RO         2866  * !!!main             c_w.l(__main.o)
    0x08000138   0x08000138   0x00000034   Code   RO         3198    !!!scatter          c_w.l(__scatter.o)
    0x0800016c   0x0800016c   0x0000001a   Code   RO         3200    !!handler_copy      c_w.l(__scatter_copy.o)
    0x08000186   0x08000186   0x00000002   PAD
    0x08000188   0x08000188   0x0000001c   Code   RO         3202    !!handler_zi        c_w.l(__scatter_zi.o)
    0x080001a4   0x080001a4   0x00000000   Code   RO         2863    .ARM.Collect$$_printf_percent$$00000000  c_w.l(_printf_percent.o)
    0x080001a4   0x080001a4   0x00000006   Code   RO         2862    .ARM.Collect$$_printf_percent$$00000003  c_w.l(_printf_f.o)
    0x080001aa   0x080001aa   0x00000006   Code   RO         2861    .ARM.Collect$$_printf_percent$$0000000C  c_w.l(_printf_x.o)
    0x080001b0   0x080001b0   0x00000004   Code   RO         2935    .ARM.Collect$$_printf_percent$$00000017  c_w.l(_printf_percent_end.o)
    0x080001b4   0x080001b4   0x00000002   Code   RO         3067    .ARM.Collect$$libinit$$00000000  c_w.l(libinit.o)
    0x080001b6   0x080001b6   0x00000000   Code   RO         3069    .ARM.Collect$$libinit$$00000002  c_w.l(libinit2.o)
    0x080001b6   0x080001b6   0x00000000   Code   RO         3071    .ARM.Collect$$libinit$$00000004  c_w.l(libinit2.o)
    0x080001b6   0x080001b6   0x00000000   Code   RO         3074    .ARM.Collect$$libinit$$0000000A  c_w.l(libinit2.o)
    0x080001b6   0x080001b6   0x00000000   Code   RO         3076    .ARM.Collect$$libinit$$0000000C  c_w.l(libinit2.o)
    0x080001b6   0x080001b6   0x00000000   Code   RO         3078    .ARM.Collect$$libinit$$0000000E  c_w.l(libinit2.o)
    0x080001b6   0x080001b6   0x00000006   Code   RO         3079    .ARM.Collect$$libinit$$0000000F  c_w.l(libinit2.o)
    0x080001bc   0x080001bc   0x00000000   Code   RO         3081    .ARM.Collect$$libinit$$00000011  c_w.l(libinit2.o)
    0x080001bc   0x080001bc   0x00000000   Code   RO         3083    .ARM.Collect$$libinit$$00000013  c_w.l(libinit2.o)
    0x080001bc   0x080001bc   0x00000000   Code   RO         3085    .ARM.Collect$$libinit$$00000015  c_w.l(libinit2.o)
    0x080001bc   0x080001bc   0x0000000a   Code   RO         3086    .ARM.Collect$$libinit$$00000016  c_w.l(libinit2.o)
    0x080001c6   0x080001c6   0x00000000   Code   RO         3087    .ARM.Collect$$libinit$$00000017  c_w.l(libinit2.o)
    0x080001c6   0x080001c6   0x00000000   Code   RO         3089    .ARM.Collect$$libinit$$00000019  c_w.l(libinit2.o)
    0x080001c6   0x080001c6   0x00000000   Code   RO         3091    .ARM.Collect$$libinit$$0000001B  c_w.l(libinit2.o)
    0x080001c6   0x080001c6   0x00000000   Code   RO         3093    .ARM.Collect$$libinit$$0000001D  c_w.l(libinit2.o)
    0x080001c6   0x080001c6   0x00000000   Code   RO         3095    .ARM.Collect$$libinit$$0000001F  c_w.l(libinit2.o)
    0x080001c6   0x080001c6   0x00000000   Code   RO         3097    .ARM.Collect$$libinit$$00000021  c_w.l(libinit2.o)
    0x080001c6   0x080001c6   0x00000000   Code   RO         3099    .ARM.Collect$$libinit$$00000023  c_w.l(libinit2.o)
    0x080001c6   0x080001c6   0x00000000   Code   RO         3101    .ARM.Collect$$libinit$$00000025  c_w.l(libinit2.o)
    0x080001c6   0x080001c6   0x00000000   Code   RO         3105    .ARM.Collect$$libinit$$0000002C  c_w.l(libinit2.o)
    0x080001c6   0x080001c6   0x00000000   Code   RO         3107    .ARM.Collect$$libinit$$0000002E  c_w.l(libinit2.o)
    0x080001c6   0x080001c6   0x00000000   Code   RO         3109    .ARM.Collect$$libinit$$00000030  c_w.l(libinit2.o)
    0x080001c6   0x080001c6   0x00000000   Code   RO         3111    .ARM.Collect$$libinit$$00000032  c_w.l(libinit2.o)
    0x080001c6   0x080001c6   0x00000002   Code   RO         3112    .ARM.Collect$$libinit$$00000033  c_w.l(libinit2.o)
    0x080001c8   0x080001c8   0x00000002   Code   RO         3146    .ARM.Collect$$libshutdown$$00000000  c_w.l(libshutdown.o)
    0x080001ca   0x080001ca   0x00000000   Code   RO         3155    .ARM.Collect$$libshutdown$$00000002  c_w.l(libshutdown2.o)
    0x080001ca   0x080001ca   0x00000000   Code   RO         3157    .ARM.Collect$$libshutdown$$00000004  c_w.l(libshutdown2.o)
    0x080001ca   0x080001ca   0x00000000   Code   RO         3159    .ARM.Collect$$libshutdown$$00000006  c_w.l(libshutdown2.o)
    0x080001ca   0x080001ca   0x00000000   Code   RO         3162    .ARM.Collect$$libshutdown$$00000009  c_w.l(libshutdown2.o)
    0x080001ca   0x080001ca   0x00000000   Code   RO         3165    .ARM.Collect$$libshutdown$$0000000C  c_w.l(libshutdown2.o)
    0x080001ca   0x080001ca   0x00000000   Code   RO         3167    .ARM.Collect$$libshutdown$$0000000E  c_w.l(libshutdown2.o)
    0x080001ca   0x080001ca   0x00000000   Code   RO         3170    .ARM.Collect$$libshutdown$$00000011  c_w.l(libshutdown2.o)
    0x080001ca   0x080001ca   0x00000002   Code   RO         3171    .ARM.Collect$$libshutdown$$00000012  c_w.l(libshutdown2.o)
    0x080001cc   0x080001cc   0x00000000   Code   RO         2926    .ARM.Collect$$rtentry$$00000000  c_w.l(__rtentry.o)
    0x080001cc   0x080001cc   0x00000000   Code   RO         2979    .ARM.Collect$$rtentry$$00000002  c_w.l(__rtentry2.o)
    0x080001cc   0x080001cc   0x00000006   Code   RO         2991    .ARM.Collect$$rtentry$$00000004  c_w.l(__rtentry4.o)
    0x080001d2   0x080001d2   0x00000000   Code   RO         2981    .ARM.Collect$$rtentry$$00000009  c_w.l(__rtentry2.o)
    0x080001d2   0x080001d2   0x00000004   Code   RO         2982    .ARM.Collect$$rtentry$$0000000A  c_w.l(__rtentry2.o)
    0x080001d6   0x080001d6   0x00000000   Code   RO         2984    .ARM.Collect$$rtentry$$0000000C  c_w.l(__rtentry2.o)
    0x080001d6   0x080001d6   0x00000008   Code   RO         2985    .ARM.Collect$$rtentry$$0000000D  c_w.l(__rtentry2.o)
    0x080001de   0x080001de   0x00000002   Code   RO         3117    .ARM.Collect$$rtexit$$00000000  c_w.l(rtexit.o)
    0x080001e0   0x080001e0   0x00000000   Code   RO         3126    .ARM.Collect$$rtexit$$00000002  c_w.l(rtexit2.o)
    0x080001e0   0x080001e0   0x00000004   Code   RO         3127    .ARM.Collect$$rtexit$$00000003  c_w.l(rtexit2.o)
    0x080001e4   0x080001e4   0x00000006   Code   RO         3128    .ARM.Collect$$rtexit$$00000004  c_w.l(rtexit2.o)
    0x080001ea   0x080001ea   0x00000002   PAD
    0x080001ec   0x080001ec   0x00000040   Code   RO         2806    .text               startup_stm32f10x_hd.o
    0x0800022c   0x0800022c   0x00000002   Code   RO         2812    .text               c_w.l(use_no_semi_2.o)
    0x0800022e   0x0800022e   0x00000002   PAD
    0x08000230   0x08000230   0x00000018   Code   RO         2816    .text               c_w.l(noretval__2printf.o)
    0x08000248   0x08000248   0x00000068   Code   RO         2818    .text               c_w.l(__printf.o)
    0x080002b0   0x080002b0   0x00000058   Code   RO         2823    .text               c_w.l(_printf_hex_int.o)
    0x08000308   0x08000308   0x00000006   Code   RO         2864    .text               c_w.l(heapauxi.o)
    0x0800030e   0x0800030e   0x00000002   Code   RO         2924    .text               c_w.l(use_no_semi.o)
    0x08000310   0x08000310   0x00000016   Code   RO         2927    .text               c_w.l(_rserrno.o)
    0x08000326   0x08000326   0x000000b2   Code   RO         2929    .text               c_w.l(_printf_intcommon.o)
    0x080003d8   0x080003d8   0x0000041e   Code   RO         2931    .text               c_w.l(_printf_fp_dec.o)
    0x080007f6   0x080007f6   0x00000002   PAD
    0x080007f8   0x080007f8   0x00000024   Code   RO         2933    .text               c_w.l(_printf_char_file.o)
    0x0800081c   0x0800081c   0x00000008   Code   RO         2996    .text               c_w.l(rt_locale_intlibspace.o)
    0x08000824   0x08000824   0x00000008   Code   RO         3001    .text               c_w.l(rt_errno_addr_intlibspace.o)
    0x0800082c   0x0800082c   0x0000008a   Code   RO         3003    .text               c_w.l(lludiv10.o)
    0x080008b6   0x080008b6   0x00000002   PAD
    0x080008b8   0x080008b8   0x00000030   Code   RO         3005    .text               c_w.l(_printf_char_common.o)
    0x080008e8   0x080008e8   0x00000080   Code   RO         3007    .text               c_w.l(_printf_fp_infnan.o)
    0x08000968   0x08000968   0x000000e4   Code   RO         3009    .text               c_w.l(bigflt0.o)
    0x08000a4c   0x08000a4c   0x00000008   Code   RO         3034    .text               c_w.l(ferror.o)
    0x08000a54   0x08000a54   0x00000008   Code   RO         3051    .text               c_w.l(libspace.o)
    0x08000a5c   0x08000a5c   0x0000004a   Code   RO         3054    .text               c_w.l(sys_stackheap_outer.o)
    0x08000aa6   0x08000aa6   0x00000012   Code   RO         3058    .text               c_w.l(exit.o)
    0x08000ab8   0x08000ab8   0x00000080   Code   RO         3060    .text               c_w.l(strcmpv7m.o)
    0x08000b38   0x08000b38   0x0000003e   Code   RO         3012    CL$$btod_d2e        c_w.l(btod.o)
    0x08000b76   0x08000b76   0x00000046   Code   RO         3014    CL$$btod_d2e_denorm_low  c_w.l(btod.o)
    0x08000bbc   0x08000bbc   0x00000060   Code   RO         3013    CL$$btod_d2e_norm_op1  c_w.l(btod.o)
    0x08000c1c   0x08000c1c   0x00000338   Code   RO         3022    CL$$btod_div_common  c_w.l(btod.o)
    0x08000f54   0x08000f54   0x000000dc   Code   RO         3019    CL$$btod_e2e        c_w.l(btod.o)
    0x08001030   0x08001030   0x0000002a   Code   RO         3016    CL$$btod_ediv       c_w.l(btod.o)
    0x0800105a   0x0800105a   0x0000002a   Code   RO         3015    CL$$btod_emul       c_w.l(btod.o)
    0x08001084   0x08001084   0x00000244   Code   RO         3021    CL$$btod_mult_common  c_w.l(btod.o)
    0x080012c8   0x080012c8   0x00000016   Code   RO          989    i.ADC_Cmd           stm32f10x_adc.o
    0x080012de   0x080012de   0x00000002   PAD
    0x080012e0   0x080012e0   0x0000005c   Code   RO          991    i.ADC_DeInit        stm32f10x_adc.o
    0x0800133c   0x0800133c   0x00000014   Code   RO          997    i.ADC_GetCalibrationStatus  stm32f10x_adc.o
    0x08001350   0x08001350   0x00000008   Code   RO          998    i.ADC_GetConversionValue  stm32f10x_adc.o
    0x08001358   0x08001358   0x00000012   Code   RO         1000    i.ADC_GetFlagStatus  stm32f10x_adc.o
    0x0800136a   0x0800136a   0x00000014   Code   RO         1003    i.ADC_GetResetCalibrationStatus  stm32f10x_adc.o
    0x0800137e   0x0800137e   0x00000002   PAD
    0x08001380   0x08001380   0x00000050   Code   RO         1007    i.ADC_Init          stm32f10x_adc.o
    0x080013d0   0x080013d0   0x000000b8   Code   RO         1011    i.ADC_RegularChannelConfig  stm32f10x_adc.o
    0x08001488   0x08001488   0x0000000a   Code   RO         1012    i.ADC_ResetCalibration  stm32f10x_adc.o
    0x08001492   0x08001492   0x00000016   Code   RO         1014    i.ADC_SoftwareStartConvCmd  stm32f10x_adc.o
    0x080014a8   0x080014a8   0x0000000a   Code   RO         1016    i.ADC_StartCalibration  stm32f10x_adc.o
    0x080014b2   0x080014b2   0x00000002   PAD
    0x080014b4   0x080014b4   0x0000008c   Code   RO          369    i.ADC_init          relay.o
    0x08001540   0x08001540   0x0000008c   Code   RO          850    i.Adc2_Init         adc.o
    0x080015cc   0x080015cc   0x0000008c   Code   RO          851    i.Adc_Init          adc.o
    0x08001658   0x08001658   0x00000048   Code   RO          892    i.BASIC_TIM_Config  timer.o
    0x080016a0   0x080016a0   0x00000022   Code   RO          893    i.BASIC_TIM_NVIC_Config  timer.o
    0x080016c2   0x080016c2   0x00000004   Code   RO          150    i.BusFault_Handler  stm32f10x_it.o
    0x080016c6   0x080016c6   0x00000002   Code   RO          151    i.DebugMon_Handler  stm32f10x_it.o
    0x080016c8   0x080016c8   0x00000116   Code   RO         1307    i.GPIO_Init         stm32f10x_gpio.o
    0x080017de   0x080017de   0x00000002   PAD
    0x080017e0   0x080017e0   0x00000090   Code   RO         1309    i.GPIO_PinRemapConfig  stm32f10x_gpio.o
    0x08001870   0x08001870   0x00000004   Code   RO         1315    i.GPIO_SetBits      stm32f10x_gpio.o
    0x08001874   0x08001874   0x00000034   Code   RO          370    i.Get_Adc1          relay.o
    0x080018a8   0x080018a8   0x0000002e   Code   RO          371    i.Get_Adc_Average1  relay.o
    0x080018d6   0x080018d6   0x00000004   Code   RO          152    i.HardFault_Handler  stm32f10x_it.o
    0x080018da   0x080018da   0x00000002   PAD
    0x080018dc   0x080018dc   0x00000050   Code   RO          447    i.IIC_Ack           myiic.o
    0x0800192c   0x0800192c   0x00000040   Code   RO          448    i.IIC_Init          myiic.o
    0x0800196c   0x0800196c   0x00000050   Code   RO          449    i.IIC_NAck          myiic.o
    0x080019bc   0x080019bc   0x00000070   Code   RO          450    i.IIC_Read_Byte     myiic.o
    0x08001a2c   0x08001a2c   0x00000068   Code   RO          451    i.IIC_Send_Byte     myiic.o
    0x08001a94   0x08001a94   0x0000004c   Code   RO          452    i.IIC_Start         myiic.o
    0x08001ae0   0x08001ae0   0x0000004c   Code   RO          453    i.IIC_Stop          myiic.o
    0x08001b2c   0x08001b2c   0x00000064   Code   RO          454    i.IIC_Wait_Ack      myiic.o
    0x08001b90   0x08001b90   0x00000060   Code   RO          621    i.KEY_Init          key.o
    0x08001bf0   0x08001bf0   0x0000004c   Code   RO          641    i.LCD_Clear         lcd.o
    0x08001c3c   0x08001c3c   0x00000130   Code   RO          645    i.LCD_Display_Dir   lcd.o
    0x08001d6c   0x08001d6c   0x00000284   Code   RO          650    i.LCD_Fast_DrawPoint  lcd.o
    0x08001ff0   0x08001ff0   0x00002960   Code   RO          652    i.LCD_Init          lcd.o
    0x08004950   0x08004950   0x00000016   Code   RO          653    i.LCD_Pow           lcd.o
    0x08004966   0x08004966   0x00000002   PAD
    0x08004968   0x08004968   0x00000060   Code   RO          654    i.LCD_RD_DATA       lcd.o
    0x080049c8   0x080049c8   0x000000d4   Code   RO          657    i.LCD_SSD_BackLightSet  lcd.o
    0x08004a9c   0x08004a9c   0x000003a0   Code   RO          658    i.LCD_Scan_Dir      lcd.o
    0x08004e3c   0x08004e3c   0x000002dc   Code   RO          659    i.LCD_SetCursor     lcd.o
    0x08005118   0x08005118   0x00000128   Code   RO          661    i.LCD_ShowChar      lcd.o
    0x08005240   0x08005240   0x00000066   Code   RO          663    i.LCD_ShowString    lcd.o
    0x080052a6   0x080052a6   0x000000be   Code   RO          664    i.LCD_ShowxNum      lcd.o
    0x08005364   0x08005364   0x00000024   Code   RO          665    i.LCD_WR_DATAX      lcd.o
    0x08005388   0x08005388   0x00000024   Code   RO          666    i.LCD_WR_REG        lcd.o
    0x080053ac   0x080053ac   0x00000010   Code   RO          668    i.LCD_WriteRAM_Prepare  lcd.o
    0x080053bc   0x080053bc   0x00000030   Code   RO          669    i.LCD_WriteReg      lcd.o
    0x080053ec   0x080053ec   0x00000050   Code   RO          609    i.LED_Init          led.o
    0x0800543c   0x0800543c   0x00000004   Code   RO          153    i.MemManage_Handler  stm32f10x_it.o
    0x08005440   0x08005440   0x00000002   Code   RO          154    i.NMI_Handler       stm32f10x_it.o
    0x08005442   0x08005442   0x00000002   PAD
    0x08005444   0x08005444   0x00000070   Code   RO          947    i.NVIC_Init         misc.o
    0x080054b4   0x080054b4   0x00000014   Code   RO          948    i.NVIC_PriorityGroupConfig  misc.o
    0x080054c8   0x080054c8   0x00000002   Code   RO          155    i.PendSV_Handler    stm32f10x_it.o
    0x080054ca   0x080054ca   0x00000002   PAD
    0x080054cc   0x080054cc   0x00000018   Code   RO         1475    i.RCC_ADCCLKConfig  stm32f10x_rcc.o
    0x080054e4   0x080054e4   0x00000020   Code   RO         1477    i.RCC_APB1PeriphClockCmd  stm32f10x_rcc.o
    0x08005504   0x08005504   0x00000020   Code   RO         1479    i.RCC_APB2PeriphClockCmd  stm32f10x_rcc.o
    0x08005524   0x08005524   0x00000020   Code   RO         1480    i.RCC_APB2PeriphResetCmd  stm32f10x_rcc.o
    0x08005544   0x08005544   0x000000d4   Code   RO         1487    i.RCC_GetClocksFreq  stm32f10x_rcc.o
    0x08005618   0x08005618   0x00000002   Code   RO          156    i.SVC_Handler       stm32f10x_it.o
    0x0800561a   0x0800561a   0x00000008   Code   RO          239    i.SetSysClock       system_stm32f10x.o
    0x08005622   0x08005622   0x00000002   PAD
    0x08005624   0x08005624   0x000000e0   Code   RO          240    i.SetSysClockTo72   system_stm32f10x.o
    0x08005704   0x08005704   0x00000028   Code   RO          951    i.SysTick_CLKSourceConfig  misc.o
    0x0800572c   0x0800572c   0x00000002   Code   RO          157    i.SysTick_Handler   stm32f10x_it.o
    0x0800572e   0x0800572e   0x00000002   PAD
    0x08005730   0x08005730   0x00000060   Code   RO          242    i.SystemInit        system_stm32f10x.o
    0x08005790   0x08005790   0x0000009c   Code   RO          372    i.TIM1_PWM_Init     relay.o
    0x0800582c   0x0800582c   0x00000094   Code   RO          894    i.TIM3_IRQHandler   timer.o
    0x080058c0   0x080058c0   0x00000060   Code   RO          895    i.TIM3_Int_Init     timer.o
    0x08005920   0x08005920   0x00000028   Code   RO          896    i.TIM6_IRQHandler   timer.o
    0x08005948   0x08005948   0x00000006   Code   RO         1871    i.TIM_ClearFlag     stm32f10x_tim.o
    0x0800594e   0x0800594e   0x00000006   Code   RO         1872    i.TIM_ClearITPendingBit  stm32f10x_tim.o
    0x08005954   0x08005954   0x00000018   Code   RO         1877    i.TIM_Cmd           stm32f10x_tim.o
    0x0800596c   0x0800596c   0x0000001e   Code   RO         1879    i.TIM_CtrlPWMOutputs  stm32f10x_tim.o
    0x0800598a   0x0800598a   0x00000022   Code   RO         1898    i.TIM_GetITStatus   stm32f10x_tim.o
    0x080059ac   0x080059ac   0x00000012   Code   RO         1902    i.TIM_ITConfig      stm32f10x_tim.o
    0x080059be   0x080059be   0x00000002   PAD
    0x080059c0   0x080059c0   0x0000007c   Code   RO         1921    i.TIM_OC4Init       stm32f10x_tim.o
    0x08005a3c   0x08005a3c   0x0000001a   Code   RO         1923    i.TIM_OC4PreloadConfig  stm32f10x_tim.o
    0x08005a56   0x08005a56   0x00000006   Code   RO         1941    i.TIM_SetCompare4   stm32f10x_tim.o
    0x08005a5c   0x08005a5c   0x000000a4   Code   RO         1948    i.TIM_TimeBaseInit  stm32f10x_tim.o
    0x08005b00   0x08005b00   0x00000088   Code   RO          328    i.USART1_IRQHandler  usart.o
    0x08005b88   0x08005b88   0x00000018   Code   RO         2413    i.USART_Cmd         stm32f10x_usart.o
    0x08005ba0   0x08005ba0   0x00000054   Code   RO         2417    i.USART_GetITStatus  stm32f10x_usart.o
    0x08005bf4   0x08005bf4   0x0000004a   Code   RO         2419    i.USART_ITConfig    stm32f10x_usart.o
    0x08005c3e   0x08005c3e   0x00000002   PAD
    0x08005c40   0x08005c40   0x000000d8   Code   RO         2420    i.USART_Init        stm32f10x_usart.o
    0x08005d18   0x08005d18   0x0000000a   Code   RO         2427    i.USART_ReceiveData  stm32f10x_usart.o
    0x08005d22   0x08005d22   0x00000004   Code   RO          158    i.UsageFault_Handler  stm32f10x_it.o
    0x08005d26   0x08005d26   0x00000028   Code   RO         2965    i.__ARM_fpclassify  m_ws.l(fpclassify.o)
    0x08005d4e   0x08005d4e   0x000000aa   Code   RO         2967    i.__kernel_poly     m_ws.l(poly.o)
    0x08005df8   0x08005df8   0x00000010   Code   RO         2951    i.__mathlib_dbl_divzero  m_ws.l(dunder.o)
    0x08005e08   0x08005e08   0x00000004   Code   RO         2953    i.__mathlib_dbl_infnan2  m_ws.l(dunder.o)
    0x08005e0c   0x08005e0c   0x0000000c   Code   RO         2954    i.__mathlib_dbl_invalid  m_ws.l(dunder.o)
    0x08005e18   0x08005e18   0x0000000e   Code   RO         2955    i.__mathlib_dbl_overflow  m_ws.l(dunder.o)
    0x08005e26   0x08005e26   0x00000002   PAD
    0x08005e28   0x08005e28   0x00000010   Code   RO         2957    i.__mathlib_dbl_underflow  m_ws.l(dunder.o)
    0x08005e38   0x08005e38   0x00000006   Code   RO          329    i._sys_exit         usart.o
    0x08005e3e   0x08005e3e   0x00000002   PAD
    0x08005e40   0x08005e40   0x000000b4   Code   RO          537    i.bme280GetData     bme280.o
    0x08005ef4   0x08005ef4   0x00000012   Code   RO          538    i.bme280Init        bme280.o
    0x08005f06   0x08005f06   0x00000002   PAD
    0x08005f08   0x08005f08   0x0000007c   Code   RO          539    i.bme280PressureToAltitude  bme280.o
    0x08005f84   0x08005f84   0x000000a8   Code   RO          540    i.calibration_H     bme280.o
    0x0800602c   0x0800602c   0x000000e0   Code   RO          541    i.calibration_P     bme280.o
    0x0800610c   0x0800610c   0x00000054   Code   RO          542    i.calibration_T     bme280.o
    0x08006160   0x08006160   0x00000044   Code   RO          273    i.delay_init        delay.o
    0x080061a4   0x080061a4   0x0000004c   Code   RO          274    i.delay_ms          delay.o
    0x080061f0   0x080061f0   0x0000004c   Code   RO          275    i.delay_us          delay.o
    0x0800623c   0x0800623c   0x0000001c   Code   RO          330    i.fputc             usart.o
    0x08006258   0x08006258   0x00000060   Code   RO          455    i.iicDevRead        myiic.o
    0x080062b8   0x080062b8   0x00000030   Code   RO          460    i.iicDevWriteByte   myiic.o
    0x080062e8   0x080062e8   0x0000001c   Code   RO          373    i.init_controller   relay.o
    0x08006304   0x08006304   0x000001c8   Code   RO            1    i.main              main.o
    0x080064cc   0x080064cc   0x0000000e   Code   RO          670    i.opt_delay         lcd.o
    0x080064da   0x080064da   0x00000002   PAD
    0x080064dc   0x080064dc   0x000009d8   Code   RO         2915    i.pow               m_ws.l(pow.o)
    0x08006eb4   0x08006eb4   0x00000060   Code   RO          543    i.readData          bme280.o
    0x08006f14   0x08006f14   0x000001a0   Code   RO          544    i.readTrim          bme280.o
    0x080070b4   0x080070b4   0x0000002c   Code   RO          374    i.relay1_init       relay.o
    0x080070e0   0x080070e0   0x0000002c   Code   RO          377    i.relay_init        relay.o
    0x0800710c   0x0800710c   0x00000010   Code   RO          378    i.relay_off         relay.o
    0x0800711c   0x0800711c   0x00000014   Code   RO          380    i.set_motorpwm      relay.o
    0x08007130   0x08007130   0x00000052   Code   RO          545    i.setup             bme280.o
    0x08007182   0x08007182   0x0000004c   Code   RO         2971    i.sqrt              m_ws.l(sqrt.o)
    0x080071ce   0x080071ce   0x00000002   PAD
    0x080071d0   0x080071d0   0x000000a0   Code   RO          331    i.uart_init         usart.o
    0x08007270   0x08007270   0x00000012   Code   RO          546    i.writeReg          bme280.o
    0x08007282   0x08007282   0x00000002   PAD
    0x08007284   0x08007284   0x0000002c   Code   RO         3039    locale$$code        c_w.l(lc_numeric_c.o)
    0x080072b0   0x080072b0   0x00000062   Code   RO         2868    x$fpl$d2f           fz_ws.l(d2f.o)
    0x08007312   0x08007312   0x00000002   PAD
    0x08007314   0x08007314   0x00000150   Code   RO         2870    x$fpl$dadd          fz_ws.l(daddsub_clz.o)
    0x08007464   0x08007464   0x00000010   Code   RO         3041    x$fpl$dcheck1       fz_ws.l(dcheck1.o)
    0x08007474   0x08007474   0x00000018   Code   RO         3113    x$fpl$dcmpinf       fz_ws.l(dcmpi.o)
    0x0800748c   0x0800748c   0x000002b0   Code   RO         2877    x$fpl$ddiv          fz_ws.l(ddiv.o)
    0x0800773c   0x0800773c   0x0000005a   Code   RO         2880    x$fpl$dfixu         fz_ws.l(dfixu.o)
    0x08007796   0x08007796   0x0000002e   Code   RO         2885    x$fpl$dflt          fz_ws.l(dflt_clz.o)
    0x080077c4   0x080077c4   0x00000026   Code   RO         2884    x$fpl$dfltu         fz_ws.l(dflt_clz.o)
    0x080077ea   0x080077ea   0x00000002   PAD
    0x080077ec   0x080077ec   0x00000078   Code   RO         3043    x$fpl$dleqf         fz_ws.l(dleqf.o)
    0x08007864   0x08007864   0x00000154   Code   RO         2890    x$fpl$dmul          fz_ws.l(dmul.o)
    0x080079b8   0x080079b8   0x0000009c   Code   RO         2936    x$fpl$dnaninf       fz_ws.l(dnaninf.o)
    0x08007a54   0x08007a54   0x0000000c   Code   RO         2938    x$fpl$dretinf       fz_ws.l(dretinf.o)
    0x08007a60   0x08007a60   0x0000006c   Code   RO         2940    x$fpl$drleqf        fz_ws.l(drleqf.o)
    0x08007acc   0x08007acc   0x00000016   Code   RO         2871    x$fpl$drsb          fz_ws.l(daddsub_clz.o)
    0x08007ae2   0x08007ae2   0x00000002   PAD
    0x08007ae4   0x08007ae4   0x000001cc   Code   RO         3045    x$fpl$dsqrt         fz_ws.l(dsqrt_noumaal.o)
    0x08007cb0   0x08007cb0   0x000001d4   Code   RO         2872    x$fpl$dsub          fz_ws.l(daddsub_clz.o)
    0x08007e84   0x08007e84   0x00000056   Code   RO         2892    x$fpl$f2d           fz_ws.l(f2d.o)
    0x08007eda   0x08007eda   0x00000002   PAD
    0x08007edc   0x08007edc   0x000000c4   Code   RO         2894    x$fpl$fadd          fz_ws.l(faddsub_clz.o)
    0x08007fa0   0x08007fa0   0x00000018   Code   RO         3047    x$fpl$fcmpinf       fz_ws.l(fcmpi.o)
    0x08007fb8   0x08007fb8   0x00000184   Code   RO         2901    x$fpl$fdiv          fz_ws.l(fdiv.o)
    0x0800813c   0x0800813c   0x0000003e   Code   RO         2904    x$fpl$ffixu         fz_ws.l(ffixu.o)
    0x0800817a   0x0800817a   0x00000002   PAD
    0x0800817c   0x0800817c   0x00000068   Code   RO         2942    x$fpl$fleqf         fz_ws.l(fleqf.o)
    0x080081e4   0x080081e4   0x00000102   Code   RO         2908    x$fpl$fmul          fz_ws.l(fmul.o)
    0x080082e6   0x080082e6   0x0000008c   Code   RO         2944    x$fpl$fnaninf       fz_ws.l(fnaninf.o)
    0x08008372   0x08008372   0x0000000a   Code   RO         2946    x$fpl$fretinf       fz_ws.l(fretinf.o)
    0x0800837c   0x0800837c   0x00000062   Code   RO         2910    x$fpl$frleqf        fz_ws.l(frleqf.o)
    0x080083de   0x080083de   0x00000002   PAD
    0x080083e0   0x080083e0   0x000000ea   Code   RO         2896    x$fpl$fsub          fz_ws.l(faddsub_clz.o)
    0x080084ca   0x080084ca   0x00000004   Code   RO         2912    x$fpl$printf1       fz_ws.l(printf1.o)
    0x080084ce   0x080084ce   0x00000064   Code   RO         3115    x$fpl$retnan        fz_ws.l(retnan.o)
    0x08008532   0x08008532   0x0000005c   Code   RO         2948    x$fpl$scalbn        fz_ws.l(scalbn.o)
    0x0800858e   0x0800858e   0x00000030   Code   RO         3123    x$fpl$trapveneer    fz_ws.l(trapv.o)
    0x080085be   0x080085be   0x00000000   Code   RO         2950    x$fpl$usenofp       fz_ws.l(usenofp.o)
    0x080085be   0x080085be   0x000017c0   Data   RO          672    .constdata          lcd.o
    0x08009d7e   0x08009d7e   0x00000028   Data   RO         2824    .constdata          c_w.l(_printf_hex_int.o)
    0x08009da6   0x08009da6   0x00000002   PAD
    0x08009da8   0x08009da8   0x00000088   Data   RO         2916    .constdata          m_ws.l(pow.o)
    0x08009e30   0x08009e30   0x00000008   Data   RO         2969    .constdata          m_ws.l(qnan.o)
    0x08009e38   0x08009e38   0x00000094   Data   RO         3010    .constdata          c_w.l(bigflt0.o)
    0x08009ecc   0x08009ecc   0x00000020   Data   RO         3196    Region$$Table       anon$$obj.o
    0x08009eec   0x08009eec   0x0000001c   Data   RO         3038    locale$$data        c_w.l(lc_numeric_c.o)


    Execution Region RW_IRAM1 (Exec base: 0x20000000, Load base: 0x08009f08, Size: 0x000007b0, Max: 0x0000c000, ABSOLUTE)

    Exec Addr    Load Addr    Size         Type   Attr      Idx    E Section Name        Object

    0x20000000   0x08009f08   0x00000008   Data   RW            2    .data               main.o
    0x20000008   0x08009f10   0x00000014   Data   RW          243    .data               system_stm32f10x.o
    0x2000001c   0x08009f24   0x00000004   Data   RW          276    .data               delay.o
    0x20000020   0x08009f28   0x00000006   Data   RW          333    .data               usart.o
    0x20000026   0x08009f2e   0x00000002   PAD
    0x20000028   0x08009f30   0x00000033   Data   RW          547    .data               bme280.o
    0x2000005b   0x08009f63   0x00000001   PAD
    0x2000005c   0x08009f64   0x00000004   Data   RW          673    .data               lcd.o
    0x20000060   0x08009f68   0x00000004   Data   RW          899    .data               timer.o
    0x20000064   0x08009f6c   0x00000014   Data   RW         1507    .data               stm32f10x_rcc.o
    0x20000078        -       0x000000c8   Zero   RW          332    .bss                usart.o
    0x20000140        -       0x0000000e   Zero   RW          671    .bss                lcd.o
    0x2000014e   0x08009f80   0x00000002   PAD
    0x20000150        -       0x00000060   Zero   RW         3052    .bss                c_w.l(libspace.o)
    0x200001b0        -       0x00000200   Zero   RW         2804    HEAP                startup_stm32f10x_hd.o
    0x200003b0        -       0x00000400   Zero   RW         2803    STACK               startup_stm32f10x_hd.o


==============================================================================

Image component sizes


      Code (inc. data)   RO Data    RW Data    ZI Data      Debug   Object Name

       280         16          0          0          0       1195   adc.o
      1410        216          0         51          0       7087   bme280.o
       220         26          0          4          0       1691   delay.o
        96         14          0          0          0        511   key.o
     14344        212       6080          4         14      20691   lcd.o
        80          8          0          0          0        495   led.o
       456         84          0          8          0     264469   main.o
       172         22          0          0          0       2029   misc.o
       836        108          0          0          0       5869   myiic.o
       546         50          0          0          0       4905   relay.o
        64         26        304          0       1536        792   startup_stm32f10x_hd.o
       486         24          0          0          0       8518   stm32f10x_adc.o
       426          6          0          0          0       3305   stm32f10x_gpio.o
        26          0          0          0          0       3642   stm32f10x_it.o
       332         44          0         20          0       5510   stm32f10x_rcc.o
       438         52          0          0          0       6374   stm32f10x_tim.o
       408          6          0          0          0       4958   stm32f10x_usart.o
         0          0          0          0          0         32   sys.o
       328         28          0         20          0       2057   system_stm32f10x.o
       390         60          0          4          0       2906   timer.o
       330         26          0          6        200       4116   usart.o

    ----------------------------------------------------------------------
     21700       1028       6416        120       1752     351152   Object Totals
         0          0         32          0          0          0   (incl. Generated)
        32          0          0          3          2          0   (incl. Padding)

    ----------------------------------------------------------------------

      Code (inc. data)   RO Data    RW Data    ZI Data      Debug   Library Member Name

         8          0          0          0          0         68   __main.o
       104          0          0          0          0         84   __printf.o
         0          0          0          0          0          0   __rtentry.o
        12          0          0          0          0          0   __rtentry2.o
         6          0          0          0          0          0   __rtentry4.o
        52          8          0          0          0          0   __scatter.o
        26          0          0          0          0          0   __scatter_copy.o
        28          0          0          0          0          0   __scatter_zi.o
        48          6          0          0          0         96   _printf_char_common.o
        36          4          0          0          0         80   _printf_char_file.o
         6          0          0          0          0          0   _printf_f.o
      1054          0          0          0          0        216   _printf_fp_dec.o
       128         16          0          0          0         84   _printf_fp_infnan.o
        88          4         40          0          0         88   _printf_hex_int.o
       178          0          0          0          0         88   _printf_intcommon.o
         0          0          0          0          0          0   _printf_percent.o
         4          0          0          0          0          0   _printf_percent_end.o
         6          0          0          0          0          0   _printf_x.o
        22          0          0          0          0        100   _rserrno.o
       228          4        148          0          0         96   bigflt0.o
      1936        128          0          0          0        672   btod.o
        18          0          0          0          0         80   exit.o
         8          0          0          0          0         68   ferror.o
         6          0          0          0          0        152   heapauxi.o
        44         10         28          0          0         76   lc_numeric_c.o
         2          0          0          0          0          0   libinit.o
        18          0          0          0          0          0   libinit2.o
         2          0          0          0          0          0   libshutdown.o
         2          0          0          0          0          0   libshutdown2.o
         8          4          0          0         96         68   libspace.o
       138          0          0          0          0         80   lludiv10.o
        24          4          0          0          0         84   noretval__2printf.o
         8          4          0          0          0         68   rt_errno_addr_intlibspace.o
         8          4          0          0          0         68   rt_locale_intlibspace.o
         2          0          0          0          0          0   rtexit.o
        10          0          0          0          0          0   rtexit2.o
       128          0          0          0          0         68   strcmpv7m.o
        74          0          0          0          0         80   sys_stackheap_outer.o
         2          0          0          0          0         68   use_no_semi.o
         2          0          0          0          0         68   use_no_semi_2.o
        98          4          0          0          0         92   d2f.o
       826         16          0          0          0        348   daddsub_clz.o
        16          4          0          0          0         68   dcheck1.o
        24          0          0          0          0         68   dcmpi.o
       688        140          0          0          0        208   ddiv.o
        90          4          0          0          0         92   dfixu.o
        84          0          0          0          0        136   dflt_clz.o
       120          4          0          0          0         92   dleqf.o
       340         12          0          0          0        104   dmul.o
       156          4          0          0          0         92   dnaninf.o
        12          0          0          0          0         68   dretinf.o
       108          0          0          0          0         80   drleqf.o
       460         56          0          0          0        120   dsqrt_noumaal.o
        86          4          0          0          0         84   f2d.o
       430          8          0          0          0        168   faddsub_clz.o
        24          0          0          0          0         68   fcmpi.o
       388         76          0          0          0         96   fdiv.o
        62          4          0          0          0         84   ffixu.o
       104          4          0          0          0         84   fleqf.o
       258          4          0          0          0         84   fmul.o
       140          4          0          0          0         84   fnaninf.o
        10          0          0          0          0         68   fretinf.o
        98          0          0          0          0         68   frleqf.o
         4          0          0          0          0         68   printf1.o
       100          0          0          0          0         68   retnan.o
        92          0          0          0          0         68   scalbn.o
        48          0          0          0          0         68   trapv.o
         0          0          0          0          0          0   usenofp.o
        62         10          0          0          0        340   dunder.o
        40          0          0          0          0         68   fpclassify.o
       170          0          0          0          0         96   poly.o
      2520        190        136          0          0        324   pow.o
         0          0          8          0          0          0   qnan.o
        76          0          0          0          0         84   sqrt.o

    ----------------------------------------------------------------------
     12234        744        362          0         96       6340   Library Totals
        26          0          2          0          0          0   (incl. Padding)

    ----------------------------------------------------------------------

      Code (inc. data)   RO Data    RW Data    ZI Data      Debug   Library Name

      4474        196        216          0         96       2700   c_w.l
      4866        348          0          0          0       2728   fz_ws.l
      2868        200        144          0          0        912   m_ws.l

    ----------------------------------------------------------------------
     12234        744        362          0         96       6340   Library Totals

    ----------------------------------------------------------------------

==============================================================================


      Code (inc. data)   RO Data    RW Data    ZI Data      Debug   

     33934       1772       6778        120       1848     348336   Grand Totals
     33934       1772       6778        120       1848     348336   ELF Image Totals
     33934       1772       6778        120          0          0   ROM Totals

==============================================================================

    Total RO  Size (Code + RO Data)                40712 (  39.76kB)
    Total RW  Size (RW Data + ZI Data)              1968 (   1.92kB)
    Total ROM Size (Code + RO Data + RW Data)      40832 (  39.88kB)

==============================================================================

