<html>
<body>
<pre>
<h1>礦ision Build Log</h1>
<h2>Tool Versions:</h2>
IDE-Version: μVision V5.36.0.0
Copyright (C) 2021 ARM Ltd and ARM Germany GmbH. All rights reserved.
License Information: 1231 8613790018875, 123, LIC=9WSKC-7GTBA-TGA7T-RWTZM-6NJ0H-MFA8M
 
Tool Versions:
Toolchain:       MDK-ARM Plus  Version: 5.36.0.0
Toolchain Path:  D:\keil\32\stm32\ARM\ARMCC\Bin
C Compiler:      Armcc.exe V5.06 update 7 (build 960)
Assembler:       Armasm.exe V5.06 update 7 (build 960)
Linker/Locator:  ArmLink.exe V5.06 update 7 (build 960)
Library Manager: ArmAr.exe V5.06 update 7 (build 960)
Hex Converter:   FromElf.exe V5.06 update 7 (build 960)
CPU DLL:         SARMCM3.DLL V5.36.0.0
Dialog DLL:      DARMSTM.DLL V1.68.0.0
Target DLL:      STLink\ST-LINKIII-KEIL_SWO.dll V3.0.9.0
Dialog DLL:      TARMSTM.DLL V1.66.0.0
 
<h2>Project:</h2>
C:\Users\86137\OneDrive\桌面\外包\新版本\refull_check\USER\Pressure.uvprojx
Project File Date:  11/13/2022

<h2>Output:</h2>
*** Using Compiler 'V5.06 update 7 (build 960)', folder: 'D:\keil\32\stm32\ARM\ARMCC\Bin'
Rebuild target 'Pressure'
compiling system_stm32f10x.c...
compiling delay.c...
compiling usart.c...
compiling key.c...
compiling stm32f10x_it.c...
compiling led.c...
compiling relay.c...
compiling myiic.c...
compiling bme280.c...
compiling main.c...
..\HARDWARE\TIMER\timer.h(32): warning:  #1295-D: Deprecated declaration timing_init - give arg types
  void timing_init();
..\HARDWARE\TIMER\timer.h(33): warning:  #1295-D: Deprecated declaration timing_deinit - give arg types
  void timing_deinit();
main.c(28): warning:  #177-D: variable "gata_start"  was declared but never referenced
  	float gata_start;
main.c: 3 warnings, 0 errors
compiling sys.c...
compiling lcd.c...
compiling adc.c...
compiling timer.c...
..\HARDWARE\TIMER\timer.h(32): warning:  #1295-D: Deprecated declaration timing_init - give arg types
  void timing_init();
..\HARDWARE\TIMER\timer.h(33): warning:  #1295-D: Deprecated declaration timing_deinit - give arg types
  void timing_deinit();
..\HARDWARE\TIMER\timer.c(66): warning:  #223-D: function "LCD_ShowString" declared implicitly
  			LCD_ShowString(30,270,200,16,16,"Time Over");
..\HARDWARE\TIMER\timer.c: 3 warnings, 0 errors
compiling misc.c...
compiling stm32f10x_crc.c...
compiling stm32f10x_pwr.c...
compiling stm32f10x_adc.c...
compiling stm32f10x_exti.c...
compiling stm32f10x_gpio.c...
compiling stm32f10x_sdio.c...
compiling stm32f10x_rcc.c...
assembling startup_stm32f10x_hd.s...
compiling stm32f10x_tim.c...
compiling core_cm3.c...
compiling stm32f10x_usart.c...
compiling stm32f10x_i2c.c...
linking...
Program Size: Code=36266 RO-data=6782 RW-data=120 ZI-data=1848  
FromELF: creating hex file...
"..\OBJ\PM.axf" - 0 Error(s), 6 Warning(s).

<h2>Software Packages used:</h2>

Package Vendor: Keil
                http://www.keil.com/pack/Keil.STM32F1xx_DFP.2.4.0.pack
                Keil.STM32F1xx_DFP.2.4.0
                STMicroelectronics STM32F1 Series Device Support, Drivers and Examples

<h2>Collection of Component include folders:</h2>
  D:\keil\32\stm32\ARM\PACK\Keil\STM32F1xx_DFP\2.4.0\Device\Include

<h2>Collection of Component Files used:</h2>
Build Time Elapsed:  00:00:03
</pre>
</body>
</html>
