Component: ARM Compiler 5.06 update 7 (build 960) Tool: armlink [4d3601]

==============================================================================

Section Cross References

    main.o(i.main) refers to _printf_percent.o(.ARM.Collect$$_printf_percent$$00000000) for _printf_percent
    main.o(i.main) refers to _printf_f.o(.ARM.Collect$$_printf_percent$$00000003) for _printf_f
    main.o(i.main) refers to printf1.o(x$fpl$printf1) for _printf_fp_dec
    main.o(i.main) refers to _printf_d.o(.ARM.Collect$$_printf_percent$$00000009) for _printf_d
    main.o(i.main) refers to _printf_dec.o(.text) for _printf_int_dec
    main.o(i.main) refers to misc.o(i.NVIC_PriorityGroupConfig) for NVIC_PriorityGroupConfig
    main.o(i.main) refers to usart.o(i.uart_init) for uart_init
    main.o(i.main) refers to led.o(i.LED_Init) for LED_Init
    main.o(i.main) refers to relay.o(i.relay_init) for relay_init
    main.o(i.main) refers to relay.o(i.relay1_init) for relay1_init
    main.o(i.main) refers to key.o(i.KEY_Init) for KEY_Init
    main.o(i.main) refers to myiic.o(i.IIC_Init) for IIC_Init
    main.o(i.main) refers to delay.o(i.delay_init) for delay_init
    main.o(i.main) refers to bme280.o(i.bme280Init) for bme280Init
    main.o(i.main) refers to lcd.o(i.LCD_Init) for LCD_Init
    main.o(i.main) refers to adc.o(i.Adc_Init) for Adc_Init
    main.o(i.main) refers to adc.o(i.Adc2_Init) for Adc2_Init
    main.o(i.main) refers to lcd.o(i.LCD_Clear) for LCD_Clear
    main.o(i.main) refers to timer.o(i.TIM3_Int_Init) for TIM3_Int_Init
    main.o(i.main) refers to relay.o(i.TIM1_PWM_Init) for TIM1_PWM_Init
    main.o(i.main) refers to relay.o(i.ADC_init) for ADC_init
    main.o(i.main) refers to timer.o(i.BASIC_TIM_Config) for BASIC_TIM_Config
    main.o(i.main) refers to timer.o(i.BASIC_TIM_NVIC_Config) for BASIC_TIM_NVIC_Config
    main.o(i.main) refers to lcd.o(i.LCD_ShowString) for LCD_ShowString
    main.o(i.main) refers to bme280.o(i.bme280GetData) for bme280GetData
    main.o(i.main) refers to f2d.o(x$fpl$f2d) for __aeabi_f2d
    main.o(i.main) refers to noretval__2printf.o(.text) for __2printf
    main.o(i.main) refers to delay.o(i.delay_ms) for delay_ms
    main.o(i.main) refers to relay.o(i.init_controller) for init_controller
    main.o(i.main) refers to relay.o(i.Get_Adc_Average1) for Get_Adc_Average1
    main.o(i.main) refers to dflt_clz.o(x$fpl$dfltu) for __aeabi_ui2d
    main.o(i.main) refers to dmul.o(x$fpl$dmul) for __aeabi_dmul
    main.o(i.main) refers to ddiv.o(x$fpl$ddiv) for __aeabi_ddiv
    main.o(i.main) refers to d2f.o(x$fpl$d2f) for __aeabi_d2f
    main.o(i.main) refers to fmul.o(x$fpl$fmul) for __aeabi_fmul
    main.o(i.main) refers to faddsub_clz.o(x$fpl$fadd) for __aeabi_fadd
    main.o(i.main) refers to ffixu.o(x$fpl$ffixu) for __aeabi_f2uiz
    main.o(i.main) refers to adc.o(i.Get_Adc_Average) for Get_Adc_Average
    main.o(i.main) refers to fflt_clz.o(x$fpl$ffltu) for __aeabi_ui2f
    main.o(i.main) refers to daddsub_clz.o(x$fpl$dsub) for __aeabi_dsub
    main.o(i.main) refers to daddsub_clz.o(x$fpl$dadd) for __aeabi_dadd
    main.o(i.main) refers to adc.o(i.Get_Adc2_Average) for Get_Adc2_Average
    main.o(i.main) refers to dfixu.o(x$fpl$dfixu) for __aeabi_d2uiz
    main.o(i.main) refers to dflt_clz.o(x$fpl$dflt) for __aeabi_i2d
    main.o(i.main) refers to lcd.o(i.LCD_ShowxNum) for LCD_ShowxNum
    main.o(i.main) refers to key.o(i.KEY_Scan) for KEY_Scan
    main.o(i.main) refers to frleqf.o(x$fpl$frleqf) for __aeabi_cfrcmple
    main.o(i.main) refers to relay.o(i.set_motorpwm) for set_motorpwm
    main.o(i.main) refers to timer.o(i.timing_init) for timing_init
    main.o(i.main) refers to timer.o(i.timing_deinit) for timing_deinit
    main.o(i.main) refers to lcd.o(.data) for POINT_COLOR
    main.o(i.main) refers to main.o(.data) for count
    main.o(i.main) refers to timer.o(.data) for timing
    main.o(i.main) refers to relay.o(i.relay1_off) for relay1_off
    main.o(i.main) refers to relay.o(i.relay1_on) for relay1_on
    system_stm32f10x.o(i.SetSysClock) refers to system_stm32f10x.o(i.SetSysClockTo72) for SetSysClockTo72
    system_stm32f10x.o(i.SystemCoreClockUpdate) refers to system_stm32f10x.o(.data) for SystemCoreClock
    system_stm32f10x.o(i.SystemInit) refers to system_stm32f10x.o(i.SetSysClock) for SetSysClock
    delay.o(i.delay_init) refers to misc.o(i.SysTick_CLKSourceConfig) for SysTick_CLKSourceConfig
    delay.o(i.delay_init) refers to system_stm32f10x.o(.data) for SystemCoreClock
    delay.o(i.delay_init) refers to delay.o(.data) for fac_us
    delay.o(i.delay_ms) refers to delay.o(.data) for fac_ms
    delay.o(i.delay_us) refers to delay.o(.data) for fac_us
    usart.o(i.USART1_IRQHandler) refers (Special) to use_no_semi_2.o(.text) for __use_no_semihosting
    usart.o(i.USART1_IRQHandler) refers to stm32f10x_usart.o(i.USART_GetITStatus) for USART_GetITStatus
    usart.o(i.USART1_IRQHandler) refers to stm32f10x_usart.o(i.USART_ReceiveData) for USART_ReceiveData
[...]
    i.delay_init                             0x08006360   Section        0  delay.o(i.delay_init)
    i.delay_ms                               0x080063a4   Section        0  delay.o(i.delay_ms)
    i.delay_us                               0x080063f0   Section        0  delay.o(i.delay_us)
    i.fputc                                  0x0800643c   Section        0  usart.o(i.fputc)
    i.iicDevRead                             0x08006458   Section        0  myiic.o(i.iicDevRead)
    i.iicDevWriteByte                        0x080064b8   Section        0  myiic.o(i.iicDevWriteByte)
    i.init_controller                        0x080064e8   Section        0  relay.o(i.init_controller)
    i.main                                   0x08006504   Section        0  main.o(i.main)
    i.opt_delay                              0x08006d7c   Section        0  lcd.o(i.opt_delay)
    i.pow                                    0x08006d8c   Section        0  pow.o(i.pow)
    i.readData                               0x08007764   Section        0  bme280.o(i.readData)
    i.readTrim                               0x080077c4   Section        0  bme280.o(i.readTrim)
    i.relay1_init                            0x08007964   Section        0  relay.o(i.relay1_init)
    i.relay1_off                             0x08007990   Section        0  relay.o(i.relay1_off)
    i.relay1_on                              0x080079a0   Section        0  relay.o(i.relay1_on)
    i.relay_init                             0x080079b0   Section        0  relay.o(i.relay_init)
    i.relay_off                              0x080079dc   Section        0  relay.o(i.relay_off)
    i.set_motorpwm                           0x080079ec   Section        0  relay.o(i.set_motorpwm)
    i.setup                                  0x08007a00   Section        0  bme280.o(i.setup)
    i.sqrt                                   0x08007a52   Section        0  sqrt.o(i.sqrt)
    i.timing_deinit                          0x08007a9e   Section        0  timer.o(i.timing_deinit)
    i.timing_init                            0x08007aac   Section        0  timer.o(i.timing_init)
    i.uart_init                              0x08007ac4   Section        0  usart.o(i.uart_init)
    i.writeReg                               0x08007b64   Section        0  bme280.o(i.writeReg)
    locale$$code                             0x08007b78   Section       44  lc_numeric_c.o(locale$$code)
    x$fpl$d2f                                0x08007ba4   Section       98  d2f.o(x$fpl$d2f)
    x$fpl$dadd                               0x08007c08   Section      336  daddsub_clz.o(x$fpl$dadd)
    _dadd1                                   0x08007c19   Thumb Code     0  daddsub_clz.o(x$fpl$dadd)
    x$fpl$dcheck1                            0x08007d58   Section       16  dcheck1.o(x$fpl$dcheck1)
    x$fpl$dcmpinf                            0x08007d68   Section       24  dcmpi.o(x$fpl$dcmpinf)
    x$fpl$ddiv                               0x08007d80   Section      688  ddiv.o(x$fpl$ddiv)
    ddiv_entry                               0x08007d87   Thumb Code     0  ddiv.o(x$fpl$ddiv)
    x$fpl$dfixu                              0x08008030   Section       90  dfixu.o(x$fpl$dfixu)
    x$fpl$dflt                               0x0800808a   Section       46  dflt_clz.o(x$fpl$dflt)
    x$fpl$dfltu                              0x080080b8   Section       38  dflt_clz.o(x$fpl$dfltu)
    x$fpl$dleqf                              0x080080e0   Section      120  dleqf.o(x$fpl$dleqf)
    x$fpl$dmul                               0x08008158   Section      340  dmul.o(x$fpl$dmul)
    x$fpl$dnaninf                            0x080082ac   Section      156  dnaninf.o(x$fpl$dnaninf)
    x$fpl$dretinf                            0x08008348   Section       12  dretinf.o(x$fpl$dretinf)
    x$fpl$drleqf                             0x08008354   Section      108  drleqf.o(x$fpl$drleqf)
    x$fpl$drsb                               0x080083c0   Section       22  daddsub_clz.o(x$fpl$drsb)
    x$fpl$dsqrt                              0x080083d8   Section      460  dsqrt_noumaal.o(x$fpl$dsqrt)
    x$fpl$dsub                               0x080085a4   Section      468  daddsub_clz.o(x$fpl$dsub)
    _dsub1                                   0x080085b5   Thumb Code     0  daddsub_clz.o(x$fpl$dsub)
    x$fpl$f2d                                0x08008778   Section       86  f2d.o(x$fpl$f2d)
    x$fpl$fadd                               0x080087d0   Section      196  faddsub_clz.o(x$fpl$fadd)
    _fadd1                                   0x080087df   Thumb Code     0  faddsub_clz.o(x$fpl$fadd)
    x$fpl$fcmpinf                            0x08008894   Section       24  fcmpi.o(x$fpl$fcmpinf)
    x$fpl$fdiv                               0x080088ac   Section      388  fdiv.o(x$fpl$fdiv)
    _fdiv1                                   0x080088ad   Thumb Code     0  fdiv.o(x$fpl$fdiv)
    x$fpl$ffixu                              0x08008a30   Section       62  ffixu.o(x$fpl$ffixu)
    x$fpl$ffltu                              0x08008a70   Section       38  fflt_clz.o(x$fpl$ffltu)
    x$fpl$fleqf                              0x08008a98   Section      104  fleqf.o(x$fpl$fleqf)
    x$fpl$fmul                               0x08008b00   Section      258  fmul.o(x$fpl$fmul)
    x$fpl$fnaninf                            0x08008c02   Section      140  fnaninf.o(x$fpl$fnaninf)
    x$fpl$fretinf                            0x08008c8e   Section       10  fretinf.o(x$fpl$fretinf)
    x$fpl$frleqf                             0x08008c98   Section       98  frleqf.o(x$fpl$frleqf)
    x$fpl$fsub                               0x08008cfc   Section      234  faddsub_clz.o(x$fpl$fsub)
    _fsub1                                   0x08008d0b   Thumb Code     0  faddsub_clz.o(x$fpl$fsub)
    x$fpl$printf1                            0x08008de6   Section        4  printf1.o(x$fpl$printf1)
    x$fpl$retnan                             0x08008dea   Section      100  retnan.o(x$fpl$retnan)
    x$fpl$scalbn                             0x08008e4e   Section       92  scalbn.o(x$fpl$scalbn)
    x$fpl$trapveneer                         0x08008eaa   Section       48  trapv.o(x$fpl$trapveneer)
    .constdata                               0x08008eda   Section     6080  lcd.o(.constdata)
    x$fpl$usenofp                            0x08008eda   Section        0  usenofp.o(x$fpl$usenofp)
    .constdata                               0x0800a69a   Section       40  _printf_hex_int.o(.constdata)
    uc_hextab                                0x0800a69a   Data          20  _printf_hex_int.o(.constdata)
    lc_hextab                                0x0800a6ae   Data          20  _printf_hex_int.o(.constdata)
    .constdata                               0x0800a6c8   Section      136  pow.o(.constdata)
    bp                                       0x0800a6c8   Data          16  pow.o(.constdata)
    dp_h                                     0x0800a6d8   Data          16  pow.o(.constdata)
    dp_l                                     0x0800a6e8   Data          16  pow.o(.constdata)
    L                                        0x0800a6f8   Data          48  pow.o(.constdata)
    P                                        0x0800a728   Data          40  pow.o(.constdata)
    .constdata                               0x0800a750   Section        8  qnan.o(.constdata)
    .constdata                               0x0800a758   Section      148  bigflt0.o(.constdata)
    tenpwrs_x                                0x0800a758   Data          60  bigflt0.o(.constdata)
    tenpwrs_i                                0x0800a794   Data          64  bigflt0.o(.constdata)
    locale$$data                             0x0800a80c   Section       28  lc_numeric_c.o(locale$$data)
    __lcnum_c_name                           0x0800a810   Data           2  lc_numeric_c.o(locale$$data)
    __lcnum_c_start                          0x0800a818   Data           0  lc_numeric_c.o(locale$$data)
    __lcnum_c_point                          0x0800a824   Data           0  lc_numeric_c.o(locale$$data)
    __lcnum_c_thousands                      0x0800a826   Data           0  lc_numeric_c.o(locale$$data)
    __lcnum_c_grouping                       0x0800a827   Data           0  lc_numeric_c.o(locale$$data)
    __lcnum_c_end                            0x0800a828   Data           0  lc_numeric_c.o(locale$$data)
    .data                                    0x20000000   Section        8  main.o(.data)
    .data                                    0x20000008   Section       20  system_stm32f10x.o(.data)
    .data                                    0x2000001c   Section        4  delay.o(.data)
    fac_us                                   0x2000001c   Data           1  delay.o(.data)
    fac_ms                                   0x2000001e   Data           2  delay.o(.data)
    .data                                    0x20000020   Section        6  usart.o(.data)
    .data                                    0x20000028   Section       51  bme280.o(.data)
    .data                                    0x2000005b   Section        1  key.o(.data)
    key_up                                   0x2000005b   Data           1  key.o(.data)
    .data                                    0x2000005c   Section        4  lcd.o(.data)
    .data                                    0x20000060   Section        4  timer.o(.data)
    .data                                    0x20000064   Section       20  stm32f10x_rcc.o(.data)
    APBAHBPrescTable                         0x20000064   Data          16  stm32f10x_rcc.o(.data)
    ADCPrescTable                            0x20000074   Data           4  stm32f10x_rcc.o(.data)
    .bss                                     0x20000078   Section      200  usart.o(.bss)
    .bss                                     0x20000140   Section       14  lcd.o(.bss)
    .bss                                     0x20000150   Section       96  libspace.o(.bss)
    HEAP                                     0x200001b0   Section      512  startup_stm32f10x_hd.o(HEAP)
    Heap_Mem                                 0x200001b0   Data         512  startup_stm32f10x_hd.o(HEAP)
    STACK                                    0x200003b0   Section     1024  startup_stm32f10x_hd.o(STACK)
    Stack_Mem                                0x200003b0   Data        1024  startup_stm32f10x_hd.o(STACK)
    __initial_sp                             0x200007b0   Data           0  startup_stm32f10x_hd.o(STACK)

    Global Symbols

    Symbol Name                              Value     Ov Type        Size  Object(Section)

    BuildAttributes$$THM_ISAv4$P$D$K$B$S$PE$A:L22UL41UL21$X:L11$S22US41US21$IEEE1$IW$USESV6$~STKCKD$USESV7$~SHL$OTIME$ROPI$IEEEX$EBA8$UX$STANDARDLIB$REQ8$PRES8$EABIv2 0x00000000   Number         0  anon$$obj.o ABSOLUTE
    __ARM_use_no_argv                        0x00000000   Number         0  main.o ABSOLUTE
    __ARM_exceptions_init                     - Undefined Weak Reference
    __alloca_initialize                       - Undefined Weak Reference
    __arm_fini_                               - Undefined Weak Reference
    __arm_preinit_                            - Undefined Weak Reference
    __cpp_initialize__aeabi_                  - Undefined Weak Reference
    __cxa_finalize                            - Undefined Weak Reference
    __sigvec_lookup                           - Undefined Weak Reference
    _atexit_init                              - Undefined Weak Reference
    _call_atexit_fns                          - Undefined Weak Reference
    _clock_init                               - Undefined Weak Reference
    _fp_trap_init                             - Undefined Weak Reference
    _fp_trap_shutdown                         - Undefined Weak Reference
    _get_lc_collate                           - Undefined Weak Reference
    _get_lc_ctype                             - Undefined Weak Reference
    _get_lc_monetary                          - Undefined Weak Reference
    _get_lc_time                              - Undefined Weak Reference
    _getenv_init                              - Undefined Weak Reference
    _handle_redirection                       - Undefined Weak Reference
    _init_alloc                               - Undefined Weak Reference
    _init_user_alloc                          - Undefined Weak Reference
    _initio                                   - Undefined Weak Reference
    _mutex_acquire                            - Undefined Weak Reference
    _mutex_release                            - Undefined Weak Reference
    _printf_post_padding                      - Undefined Weak Reference
    _printf_pre_padding                       - Undefined Weak Reference
    _printf_truncate_signed                   - Undefined Weak Reference
    _printf_truncate_unsigned                 - Undefined Weak Reference
    _rand_init                                - Undefined Weak Reference
    _signal_finish                            - Undefined Weak Reference
    _signal_init                              - Undefined Weak Reference
    _terminate_alloc                          - Undefined Weak Reference
    _terminate_user_alloc                     - Undefined Weak Reference
    _terminateio                              - Undefined Weak Reference
    __Vectors_Size                           0x00000130   Number         0  startup_stm32f10x_hd.o ABSOLUTE
    __Vectors                                0x08000000   Data           4  startup_stm32f10x_hd.o(RESET)
    __Vectors_End                            0x08000130   Data           0  startup_stm32f10x_hd.o(RESET)
    __main                                   0x08000131   Thumb Code     8  __main.o(!!!main)
    __scatterload                            0x08000139   Thumb Code     0  __scatter.o(!!!scatter)
    __scatterload_rt2                        0x08000139   Thumb Code    44  __scatter.o(!!!scatter)
    __scatterload_rt2_thumb_only             0x08000139   Thumb Code     0  __scatter.o(!!!scatter)
    __scatterload_null                       0x08000147   Thumb Code     0  __scatter.o(!!!scatter)
    __scatterload_copy                       0x0800016d   Thumb Code    26  __scatter_copy.o(!!handler_copy)
    __scatterload_zeroinit                   0x08000189   Thumb Code    28  __scatter_zi.o(!!handler_zi)
    _printf_f                                0x080001a5   Thumb Code     0  _printf_f.o(.ARM.Collect$$_printf_percent$$00000003)
    _printf_percent                          0x080001a5   Thumb Code     0  _printf_percent.o(.ARM.Collect$$_printf_percent$$00000000)
    _printf_d                                0x080001ab   Thumb Code     0  _printf_d.o(.ARM.Collect$$_printf_percent$$00000009)
    _printf_x                                0x080001b1   Thumb Code     0  _printf_x.o(.ARM.Collect$$_printf_percent$$0000000C)
    _printf_percent_end                      0x080001b7   Thumb Code     0  _printf_percent_end.o(.ARM.Collect$$_printf_percent$$00000017)
    __rt_lib_init                            0x080001bb   Thumb Code     0  libinit.o(.ARM.Collect$$libinit$$00000000)
    __rt_lib_init_fp_1                       0x080001bd   Thumb Code     0  libinit2.o(.ARM.Collect$$libinit$$00000002)
    __rt_lib_init_heap_1                     0x080001bd   Thumb Code     0  libinit2.o(.ARM.Collect$$libinit$$0000000A)
    __rt_lib_init_lc_common                  0x080001bd   Thumb Code     0  libinit2.o(.ARM.Collect$$libinit$$0000000F)
    __rt_lib_init_preinit_1                  0x080001bd   Thumb Code     0  libinit2.o(.ARM.Collect$$libinit$$00000004)
    __rt_lib_init_rand_1                     0x080001bd   Thumb Code     0  libinit2.o(.ARM.Collect$$libinit$$0000000E)
    __rt_lib_init_user_alloc_1               0x080001bd   Thumb Code     0  libinit2.o(.ARM.Collect$$libinit$$0000000C)
    __rt_lib_init_lc_collate_1               0x080001c3   Thumb Code     0  libinit2.o(.ARM.Collect$$libinit$$00000011)
    __rt_lib_init_lc_ctype_1                 0x080001c3   Thumb Code     0  libinit2.o(.ARM.Collect$$libinit$$00000013)
    __rt_lib_init_lc_monetary_1              0x080001c3   Thumb Code     0  libinit2.o(.ARM.Collect$$libinit$$00000015)
    __rt_lib_init_lc_numeric_2               0x080001c3   Thumb Code     0  libinit2.o(.ARM.Collect$$libinit$$00000016)
    __rt_lib_init_alloca_1                   0x080001cd   Thumb Code     0  libinit2.o(.ARM.Collect$$libinit$$0000002E)
    __rt_lib_init_argv_1                     0x080001cd   Thumb Code     0  libinit2.o(.ARM.Collect$$libinit$$0000002C)
    __rt_lib_init_atexit_1                   0x080001cd   Thumb Code     0  libinit2.o(.ARM.Collect$$libinit$$0000001B)
    __rt_lib_init_clock_1                    0x080001cd   Thumb Code     0  libinit2.o(.ARM.Collect$$libinit$$00000021)
    __rt_lib_init_cpp_1                      0x080001cd   Thumb Code     0  libinit2.o(.ARM.Collect$$libinit$$00000032)
    __rt_lib_init_exceptions_1               0x080001cd   Thumb Code     0  libinit2.o(.ARM.Collect$$libinit$$00000030)
    __rt_lib_init_fp_trap_1                  0x080001cd   Thumb Code     0  libinit2.o(.ARM.Collect$$libinit$$0000001F)
    __rt_lib_init_getenv_1                   0x080001cd   Thumb Code     0  libinit2.o(.ARM.Collect$$libinit$$00000023)
    __rt_lib_init_lc_numeric_1               0x080001cd   Thumb Code     0  libinit2.o(.ARM.Collect$$libinit$$00000017)
    __rt_lib_init_lc_time_1                  0x080001cd   Thumb Code     0  libinit2.o(.ARM.Collect$$libinit$$00000019)
    __rt_lib_init_return                     0x080001cd   Thumb Code     0  libinit2.o(.ARM.Collect$$libinit$$00000033)
    __rt_lib_init_signal_1                   0x080001cd   Thumb Code     0  libinit2.o(.ARM.Collect$$libinit$$0000001D)
    __rt_lib_init_stdio_1                    0x080001cd   Thumb Code     0  libinit2.o(.ARM.Collect$$libinit$$00000025)
    __rt_lib_shutdown                        0x080001cf   Thumb Code     0  libshutdown.o(.ARM.Collect$$libshutdown$$00000000)
    __rt_lib_shutdown_cpp_1                  0x080001d1   Thumb Code     0  libshutdown2.o(.ARM.Collect$$libshutdown$$00000004)
    __rt_lib_shutdown_fini_1                 0x080001d1   Thumb Code     0  libshutdown2.o(.ARM.Collect$$libshutdown$$00000002)
    __rt_lib_shutdown_fp_trap_1              0x080001d1   Thumb Code     0  libshutdown2.o(.ARM.Collect$$libshutdown$$00000009)
    __rt_lib_shutdown_heap_1                 0x080001d1   Thumb Code     0  libshutdown2.o(.ARM.Collect$$libshutdown$$00000011)
    __rt_lib_shutdown_return                 0x080001d1   Thumb Code     0  libshutdown2.o(.ARM.Collect$$libshutdown$$00000012)
    __rt_lib_shutdown_signal_1               0x080001d1   Thumb Code     0  libshutdown2.o(.ARM.Collect$$libshutdown$$0000000C)
    __rt_lib_shutdown_stdio_1                0x080001d1   Thumb Code     0  libshutdown2.o(.ARM.Collect$$libshutdown$$00000006)
    __rt_lib_shutdown_user_alloc_1           0x080001d1   Thumb Code     0  libshutdown2.o(.ARM.Collect$$libshutdown$$0000000E)
    __rt_entry                               0x080001d3   Thumb Code     0  __rtentry.o(.ARM.Collect$$rtentry$$00000000)
    __rt_entry_presh_1                       0x080001d3   Thumb Code     0  __rtentry2.o(.ARM.Collect$$rtentry$$00000002)
    __rt_entry_sh                            0x080001d3   Thumb Code     0  __rtentry4.o(.ARM.Collect$$rtentry$$00000004)
    __rt_entry_li                            0x080001d9   Thumb Code     0  __rtentry2.o(.ARM.Collect$$rtentry$$0000000A)
    __rt_entry_postsh_1                      0x080001d9   Thumb Code     0  __rtentry2.o(.ARM.Collect$$rtentry$$00000009)
    __rt_entry_main                          0x080001dd   Thumb Code     0  __rtentry2.o(.ARM.Collect$$rtentry$$0000000D)
    __rt_entry_postli_1                      0x080001dd   Thumb Code     0  __rtentry2.o(.ARM.Collect$$rtentry$$0000000C)
    __rt_exit                                0x080001e5   Thumb Code     0  rtexit.o(.ARM.Collect$$rtexit$$00000000)
    __rt_exit_ls                             0x080001e7   Thumb Code     0  rtexit2.o(.ARM.Collect$$rtexit$$00000003)
    __rt_exit_prels_1                        0x080001e7   Thumb Code     0  rtexit2.o(.ARM.Collect$$rtexit$$00000002)
    __rt_exit_exit                           0x080001eb   Thumb Code     0  rtexit2.o(.ARM.Collect$$rtexit$$00000004)
    Reset_Handler                            0x080001f1   Thumb Code     8  startup_stm32f10x_hd.o(.text)
    ADC1_2_IRQHandler                        0x0800020b   Thumb Code     0  startup_stm32f10x_hd.o(.text)
    ADC3_IRQHandler                          0x0800020b   Thumb Code     0  startup_stm32f10x_hd.o(.text)
    CAN1_RX1_IRQHandler                      0x0800020b   Thumb Code     0  startup_stm32f10x_hd.o(.text)
    CAN1_SCE_IRQHandler                      0x0800020b   Thumb Code     0  startup_stm32f10x_hd.o(.text)
    DMA1_Channel1_IRQHandler                 0x0800020b   Thumb Code     0  startup_stm32f10x_hd.o(.text)
    DMA1_Channel2_IRQHandler                 0x0800020b   Thumb Code     0  startup_stm32f10x_hd.o(.text)
    DMA1_Channel3_IRQHandler                 0x0800020b   Thumb Code     0  startup_stm32f10x_hd.o(.text)
    DMA1_Channel4_IRQHandler                 0x0800020b   Thumb Code     0  startup_stm32f10x_hd.o(.text)
    DMA1_Channel5_IRQHandler                 0x0800020b   Thumb Code     0  startup_stm32f10x_hd.o(.text)
    DMA1_Channel6_IRQHandler                 0x0800020b   Thumb Code     0  startup_stm32f10x_hd.o(.text)
    DMA1_Channel7_IRQHandler                 0x0800020b   Thumb Code     0  startup_stm32f10x_hd.o(.text)
    DMA2_Channel1_IRQHandler                 0x0800020b   Thumb Code     0  startup_stm32f10x_hd.o(.text)
    DMA2_Channel2_IRQHandler                 0x0800020b   Thumb Code     0  startup_stm32f10x_hd.o(.text)
    DMA2_Channel3_IRQHandler                 0x0800020b   Thumb Code     0  startup_stm32f10x_hd.o(.text)
    DMA2_Channel4_5_IRQHandler               0x0800020b   Thumb Code     0  startup_stm32f10x_hd.o(.text)
    EXTI0_IRQHandler                         0x0800020b   Thumb Code     0  startup_stm32f10x_hd.o(.text)
    EXTI15_10_IRQHandler                     0x0800020b   Thumb Code     0  startup_stm32f10x_hd.o(.text)
    EXTI1_IRQHandler                         0x0800020b   Thumb Code     0  startup_stm32f10x_hd.o(.text)
    EXTI2_IRQHandler                         0x0800020b   Thumb Code     0  startup_stm32f10x_hd.o(.text)
    EXTI3_IRQHandler                         0x0800020b   Thumb Code     0  startup_stm32f10x_hd.o(.text)
    EXTI4_IRQHandler                         0x0800020b   Thumb Code     0  startup_stm32f10x_hd.o(.text)
    EXTI9_5_IRQHandler                       0x0800020b   Thumb Code     0  startup_stm32f10x_hd.o(.text)
    FLASH_IRQHandler                         0x0800020b   Thumb Code     0  startup_stm32f10x_hd.o(.text)
    FSMC_IRQHandler                          0x0800020b   Thumb Code     0  startup_stm32f10x_hd.o(.text)
    I2C1_ER_IRQHandler                       0x0800020b   Thumb Code     0  startup_stm32f10x_hd.o(.text)
    I2C1_EV_IRQHandler                       0x0800020b   Thumb Code     0  startup_stm32f10x_hd.o(.text)
    I2C2_ER_IRQHandler                       0x0800020b   Thumb Code     0  startup_stm32f10x_hd.o(.text)
    I2C2_EV_IRQHandler                       0x0800020b   Thumb Code     0  startup_stm32f10x_hd.o(.text)
    PVD_IRQHandler                           0x0800020b   Thumb Code     0  startup_stm32f10x_hd.o(.text)
    RCC_IRQHandler                           0x0800020b   Thumb Code     0  startup_stm32f10x_hd.o(.text)
    RTCAlarm_IRQHandler                      0x0800020b   Thumb Code     0  startup_stm32f10x_hd.o(.text)
    RTC_IRQHandler                           0x0800020b   Thumb Code     0  startup_stm32f10x_hd.o(.text)
    SDIO_IRQHandler                          0x0800020b   Thumb Code     0  startup_stm32f10x_hd.o(.text)
    SPI1_IRQHandler                          0x0800020b   Thumb Code     0  startup_stm32f10x_hd.o(.text)
    SPI2_IRQHandler                          0x0800020b   Thumb Code     0  startup_stm32f10x_hd.o(.text)
    SPI3_IRQHandler                          0x0800020b   Thumb Code     0  startup_stm32f10x_hd.o(.text)
    TAMPER_IRQHandler                        0x0800020b   Thumb Code     0  startup_stm32f10x_hd.o(.text)
    TIM1_BRK_IRQHandler                      0x0800020b   Thumb Code     0  startup_stm32f10x_hd.o(.text)
    TIM1_CC_IRQHandler                       0x0800020b   Thumb Code     0  startup_stm32f10x_hd.o(.text)
    TIM1_TRG_COM_IRQHandler                  0x0800020b   Thumb Code     0  startup_stm32f10x_hd.o(.text)
    TIM1_UP_IRQHandler                       0x0800020b   Thumb Code     0  startup_stm32f10x_hd.o(.text)
    TIM2_IRQHandler                          0x0800020b   Thumb Code     0  startup_stm32f10x_hd.o(.text)
    TIM4_IRQHandler                          0x0800020b   Thumb Code     0  startup_stm32f10x_hd.o(.text)
    TIM5_IRQHandler                          0x0800020b   Thumb Code     0  startup_stm32f10x_hd.o(.text)
    TIM7_IRQHandler                          0x0800020b   Thumb Code     0  startup_stm32f10x_hd.o(.text)
    TIM8_BRK_IRQHandler                      0x0800020b   Thumb Code     0  startup_stm32f10x_hd.o(.text)
    TIM8_CC_IRQHandler                       0x0800020b   Thumb Code     0  startup_stm32f10x_hd.o(.text)
    TIM8_TRG_COM_IRQHandler                  0x0800020b   Thumb Code     0  startup_stm32f10x_hd.o(.text)
    TIM8_UP_IRQHandler                       0x0800020b   Thumb Code     0  startup_stm32f10x_hd.o(.text)
    UART4_IRQHandler                         0x0800020b   Thumb Code     0  startup_stm32f10x_hd.o(.text)
    UART5_IRQHandler                         0x0800020b   Thumb Code     0  startup_stm32f10x_hd.o(.text)
    USART2_IRQHandler                        0x0800020b   Thumb Code     0  startup_stm32f10x_hd.o(.text)
    USART3_IRQHandler                        0x0800020b   Thumb Code     0  startup_stm32f10x_hd.o(.text)
    USBWakeUp_IRQHandler                     0x0800020b   Thumb Code     0  startup_stm32f10x_hd.o(.text)
    USB_HP_CAN1_TX_IRQHandler                0x0800020b   Thumb Code     0  startup_stm32f10x_hd.o(.text)
    USB_LP_CAN1_RX0_IRQHandler               0x0800020b   Thumb Code     0  startup_stm32f10x_hd.o(.text)
    WWDG_IRQHandler                          0x0800020b   Thumb Code     0  startup_stm32f10x_hd.o(.text)
    __user_initial_stackheap                 0x0800020d   Thumb Code     0  startup_stm32f10x_hd.o(.text)
    __use_no_semihosting                     0x08000231   Thumb Code     2  use_no_semi_2.o(.text)
    __2printf                                0x08000235   Thumb Code    20  noretval__2printf.o(.text)
    __printf                                 0x0800024d   Thumb Code   104  __printf.o(.text)
    _printf_int_dec                          0x080002b5   Thumb Code   104  _printf_dec.o(.text)
    _printf_int_hex                          0x0800032d   Thumb Code    84  _printf_hex_int.o(.text)
    _printf_longlong_hex                     0x0800032d   Thumb Code     0  _printf_hex_int.o(.text)
    __use_two_region_memory                  0x08000385   Thumb Code     2  heapauxi.o(.text)
    __rt_heap_escrow$2region                 0x08000387   Thumb Code     2  heapauxi.o(.text)
    __rt_heap_expand$2region                 0x08000389   Thumb Code     2  heapauxi.o(.text)
    __I$use$semihosting                      0x0800038b   Thumb Code     0  use_no_semi.o(.text)
    __use_no_semihosting_swi                 0x0800038b   Thumb Code     2  use_no_semi.o(.text)
    __read_errno                             0x0800038d   Thumb Code    10  _rserrno.o(.text)
    __set_errno                              0x08000397   Thumb Code    12  _rserrno.o(.text)
    _printf_int_common                       0x080003a3   Thumb Code   178  _printf_intcommon.o(.text)
    __lib_sel_fp_printf                      0x08000455   Thumb Code     2  _printf_fp_dec.o(.text)
    _printf_fp_dec_real                      0x08000607   Thumb Code   620  _printf_fp_dec.o(.text)
    _printf_char_file                        0x08000875   Thumb Code    32  _printf_char_file.o(.text)
    __rt_locale                              0x08000899   Thumb Code     8  rt_locale_intlibspace.o(.text)
    __aeabi_errno_addr                       0x080008a1   Thumb Code     8  rt_errno_addr_intlibspace.o(.text)
    __errno$intlibspace                      0x080008a1   Thumb Code     0  rt_errno_addr_intlibspace.o(.text)
    __rt_errno_addr$intlibspace              0x080008a1   Thumb Code     0  rt_errno_addr_intlibspace.o(.text)
    _ll_udiv10                               0x080008a9   Thumb Code   138  lludiv10.o(.text)
    _printf_char_common                      0x0800093f   Thumb Code    32  _printf_char_common.o(.text)
    _printf_fp_infnan                        0x08000965   Thumb Code   112  _printf_fp_infnan.o(.text)
    _btod_etento                             0x080009e5   Thumb Code   224  bigflt0.o(.text)
    ferror                                   0x08000ac9   Thumb Code     8  ferror.o(.text)
    __user_libspace                          0x08000ad1   Thumb Code     8  libspace.o(.text)
    __user_perproc_libspace                  0x08000ad1   Thumb Code     0  libspace.o(.text)
    __user_perthread_libspace                0x08000ad1   Thumb Code     0  libspace.o(.text)
    __user_setup_stackheap                   0x08000ad9   Thumb Code    74  sys_stackheap_outer.o(.text)
    exit                                     0x08000b23   Thumb Code    18  exit.o(.text)
    strcmp                                   0x08000b35   Thumb Code   128  strcmpv7m.o(.text)
    _btod_d2e                                0x08000bb5   Thumb Code    62  btod.o(CL$$btod_d2e)
    _d2e_denorm_low                          0x08000bf3   Thumb Code    70  btod.o(CL$$btod_d2e_denorm_low)
    _d2e_norm_op1                            0x08000c39   Thumb Code    96  btod.o(CL$$btod_d2e_norm_op1)
    __btod_div_common                        0x08000c99   Thumb Code   696  btod.o(CL$$btod_div_common)
    _e2e                                     0x08000fd1   Thumb Code   220  btod.o(CL$$btod_e2e)
    _btod_ediv                               0x080010ad   Thumb Code    42  btod.o(CL$$btod_ediv)
    _btod_emul                               0x080010d7   Thumb Code    42  btod.o(CL$$btod_emul)
    __btod_mult_common                       0x08001101   Thumb Code   580  btod.o(CL$$btod_mult_common)
    ADC_Cmd                                  0x08001345   Thumb Code    22  stm32f10x_adc.o(i.ADC_Cmd)
    ADC_DeInit                               0x0800135d   Thumb Code    78  stm32f10x_adc.o(i.ADC_DeInit)
    ADC_GetCalibrationStatus                 0x080013b9   Thumb Code    20  stm32f10x_adc.o(i.ADC_GetCalibrationStatus)
    ADC_GetConversionValue                   0x080013cd   Thumb Code     8  stm32f10x_adc.o(i.ADC_GetConversionValue)
    ADC_GetFlagStatus                        0x080013d5   Thumb Code    18  stm32f10x_adc.o(i.ADC_GetFlagStatus)
    ADC_GetResetCalibrationStatus            0x080013e7   Thumb Code    20  stm32f10x_adc.o(i.ADC_GetResetCalibrationStatus)
    ADC_Init                                 0x080013fd   Thumb Code    70  stm32f10x_adc.o(i.ADC_Init)
    ADC_RegularChannelConfig                 0x0800144d   Thumb Code   184  stm32f10x_adc.o(i.ADC_RegularChannelConfig)
    ADC_ResetCalibration                     0x08001505   Thumb Code    10  stm32f10x_adc.o(i.ADC_ResetCalibration)
    ADC_SoftwareStartConvCmd                 0x0800150f   Thumb Code    22  stm32f10x_adc.o(i.ADC_SoftwareStartConvCmd)
    ADC_StartCalibration                     0x08001525   Thumb Code    10  stm32f10x_adc.o(i.ADC_StartCalibration)
    ADC_init                                 0x08001531   Thumb Code   132  relay.o(i.ADC_init)
    Adc2_Init                                0x080015bd   Thumb Code   132  adc.o(i.Adc2_Init)
    Adc_Init                                 0x08001649   Thumb Code   132  adc.o(i.Adc_Init)
    BASIC_TIM_Config                         0x080016d5   Thumb Code    68  timer.o(i.BASIC_TIM_Config)
    BASIC_TIM_NVIC_Config                    0x0800171d   Thumb Code    34  timer.o(i.BASIC_TIM_NVIC_Config)
    BusFault_Handler                         0x0800173f   Thumb Code     4  stm32f10x_it.o(i.BusFault_Handler)
    DebugMon_Handler                         0x08001743   Thumb Code     2  stm32f10x_it.o(i.DebugMon_Handler)
    GPIO_Init                                0x08001745   Thumb Code   278  stm32f10x_gpio.o(i.GPIO_Init)
    GPIO_PinRemapConfig                      0x0800185d   Thumb Code   138  stm32f10x_gpio.o(i.GPIO_PinRemapConfig)
    GPIO_ReadInputDataBit                    0x080018ed   Thumb Code    18  stm32f10x_gpio.o(i.GPIO_ReadInputDataBit)
    GPIO_ResetBits                           0x080018ff   Thumb Code     4  stm32f10x_gpio.o(i.GPIO_ResetBits)
    GPIO_SetBits                             0x08001903   Thumb Code     4  stm32f10x_gpio.o(i.GPIO_SetBits)
    Get_Adc                                  0x08001909   Thumb Code    46  adc.o(i.Get_Adc)
    Get_Adc1                                 0x0800193d   Thumb Code    46  relay.o(i.Get_Adc1)
    Get_Adc2                                 0x08001971   Thumb Code    46  adc.o(i.Get_Adc2)
    Get_Adc2_Average                         0x080019a5   Thumb Code    46  adc.o(i.Get_Adc2_Average)
    Get_Adc_Average                          0x080019d3   Thumb Code    46  adc.o(i.Get_Adc_Average)
    Get_Adc_Average1                         0x08001a01   Thumb Code    46  relay.o(i.Get_Adc_Average1)
    HardFault_Handler                        0x08001a2f   Thumb Code     4  stm32f10x_it.o(i.HardFault_Handler)
    IIC_Ack                                  0x08001a35   Thumb Code    66  myiic.o(i.IIC_Ack)
    IIC_Init                                 0x08001a85   Thumb Code    52  myiic.o(i.IIC_Init)
    IIC_NAck                                 0x08001ac5   Thumb Code    66  myiic.o(i.IIC_NAck)
    IIC_Read_Byte                            0x08001b15   Thumb Code    98  myiic.o(i.IIC_Read_Byte)
    IIC_Send_Byte                            0x08001b85   Thumb Code    90  myiic.o(i.IIC_Send_Byte)
    IIC_Start                                0x08001bed   Thumb Code    64  myiic.o(i.IIC_Start)
    IIC_Stop                                 0x08001c39   Thumb Code    62  myiic.o(i.IIC_Stop)
    IIC_Wait_Ack                             0x08001c85   Thumb Code    86  myiic.o(i.IIC_Wait_Ack)
    KEY_Init                                 0x08001ce9   Thumb Code    82  key.o(i.KEY_Init)
    KEY_Scan                                 0x08001d49   Thumb Code   154  key.o(i.KEY_Scan)
    LCD_Clear                                0x08001df1   Thumb Code    64  lcd.o(i.LCD_Clear)
    LCD_Display_Dir                          0x08001e3d   Thumb Code   298  lcd.o(i.LCD_Display_Dir)
    LCD_Fast_DrawPoint                       0x08001f6d   Thumb Code   630  lcd.o(i.LCD_Fast_DrawPoint)
    LCD_Init                                 0x080021f1   Thumb Code 10580  lcd.o(i.LCD_Init)
    LCD_Pow                                  0x08004b51   Thumb Code    22  lcd.o(i.LCD_Pow)
    LCD_RD_DATA                              0x08004b69   Thumb Code    86  lcd.o(i.LCD_RD_DATA)
    LCD_SSD_BackLightSet                     0x08004bc9   Thumb Code   198  lcd.o(i.LCD_SSD_BackLightSet)
    LCD_Scan_Dir                             0x08004c9d   Thumb Code   916  lcd.o(i.LCD_Scan_Dir)
    LCD_SetCursor                            0x0800503d   Thumb Code   720  lcd.o(i.LCD_SetCursor)
    LCD_ShowChar                             0x08005319   Thumb Code   272  lcd.o(i.LCD_ShowChar)
    LCD_ShowString                           0x08005441   Thumb Code   102  lcd.o(i.LCD_ShowString)
    LCD_ShowxNum                             0x080054a7   Thumb Code   190  lcd.o(i.LCD_ShowxNum)
    LCD_WR_DATAX                             0x08005565   Thumb Code    28  lcd.o(i.LCD_WR_DATAX)
    LCD_WR_REG                               0x08005589   Thumb Code    28  lcd.o(i.LCD_WR_REG)
    LCD_WriteRAM_Prepare                     0x080055ad   Thumb Code    12  lcd.o(i.LCD_WriteRAM_Prepare)
    LCD_WriteReg                             0x080055bd   Thumb Code    40  lcd.o(i.LCD_WriteReg)
    LED_Init                                 0x080055ed   Thumb Code    72  led.o(i.LED_Init)
    MemManage_Handler                        0x0800563d   Thumb Code     4  stm32f10x_it.o(i.MemManage_Handler)
    NMI_Handler                              0x08005641   Thumb Code     2  stm32f10x_it.o(i.NMI_Handler)
    NVIC_Init                                0x08005645   Thumb Code   100  misc.o(i.NVIC_Init)
    NVIC_PriorityGroupConfig                 0x080056b5   Thumb Code    10  misc.o(i.NVIC_PriorityGroupConfig)
    PendSV_Handler                           0x080056c9   Thumb Code     2  stm32f10x_it.o(i.PendSV_Handler)
    RCC_ADCCLKConfig                         0x080056cd   Thumb Code    18  stm32f10x_rcc.o(i.RCC_ADCCLKConfig)
    RCC_APB1PeriphClockCmd                   0x080056e5   Thumb Code    26  stm32f10x_rcc.o(i.RCC_APB1PeriphClockCmd)
    RCC_APB2PeriphClockCmd                   0x08005705   Thumb Code    26  stm32f10x_rcc.o(i.RCC_APB2PeriphClockCmd)
    RCC_APB2PeriphResetCmd                   0x08005725   Thumb Code    26  stm32f10x_rcc.o(i.RCC_APB2PeriphResetCmd)
    RCC_GetClocksFreq                        0x08005745   Thumb Code   192  stm32f10x_rcc.o(i.RCC_GetClocksFreq)
    SVC_Handler                              0x08005819   Thumb Code     2  stm32f10x_it.o(i.SVC_Handler)
    SysTick_CLKSourceConfig                  0x08005905   Thumb Code    40  misc.o(i.SysTick_CLKSourceConfig)
    SysTick_Handler                          0x0800592d   Thumb Code     2  stm32f10x_it.o(i.SysTick_Handler)
    SystemInit                               0x08005931   Thumb Code    78  system_stm32f10x.o(i.SystemInit)
    TIM1_PWM_Init                            0x08005991   Thumb Code   148  relay.o(i.TIM1_PWM_Init)
    TIM3_IRQHandler                          0x08005a2d   Thumb Code   106  timer.o(i.TIM3_IRQHandler)
    TIM3_Int_Init                            0x08005ac1   Thumb Code    90  timer.o(i.TIM3_Int_Init)
    TIM6_IRQHandler                          0x08005b21   Thumb Code    32  timer.o(i.TIM6_IRQHandler)
    TIM_ClearFlag                            0x08005b49   Thumb Code     6  stm32f10x_tim.o(i.TIM_ClearFlag)
    TIM_ClearITPendingBit                    0x08005b4f   Thumb Code     6  stm32f10x_tim.o(i.TIM_ClearITPendingBit)
    TIM_Cmd                                  0x08005b55   Thumb Code    24  stm32f10x_tim.o(i.TIM_Cmd)
    TIM_CtrlPWMOutputs                       0x08005b6d   Thumb Code    30  stm32f10x_tim.o(i.TIM_CtrlPWMOutputs)
    TIM_GetITStatus                          0x08005b8b   Thumb Code    34  stm32f10x_tim.o(i.TIM_GetITStatus)
    TIM_ITConfig                             0x08005bad   Thumb Code    18  stm32f10x_tim.o(i.TIM_ITConfig)
    TIM_OC4Init                              0x08005bc1   Thumb Code   114  stm32f10x_tim.o(i.TIM_OC4Init)
    TIM_OC4PreloadConfig                     0x08005c3d   Thumb Code    26  stm32f10x_tim.o(i.TIM_OC4PreloadConfig)
    TIM_SetCompare4                          0x08005c57   Thumb Code     6  stm32f10x_tim.o(i.TIM_SetCompare4)
    TIM_TimeBaseInit                         0x08005c5d   Thumb Code   122  stm32f10x_tim.o(i.TIM_TimeBaseInit)
    USART1_IRQHandler                        0x08005d01   Thumb Code   122  usart.o(i.USART1_IRQHandler)
    USART_Cmd                                0x08005d89   Thumb Code    24  stm32f10x_usart.o(i.USART_Cmd)
    USART_GetITStatus                        0x08005da1   Thumb Code    84  stm32f10x_usart.o(i.USART_GetITStatus)
    USART_ITConfig                           0x08005df5   Thumb Code    74  stm32f10x_usart.o(i.USART_ITConfig)
    USART_Init                               0x08005e41   Thumb Code   210  stm32f10x_usart.o(i.USART_Init)
    USART_ReceiveData                        0x08005f19   Thumb Code    10  stm32f10x_usart.o(i.USART_ReceiveData)
    UsageFault_Handler                       0x08005f23   Thumb Code     4  stm32f10x_it.o(i.UsageFault_Handler)
    __ARM_fpclassify                         0x08005f27   Thumb Code    40  fpclassify.o(i.__ARM_fpclassify)
    __kernel_poly                            0x08005f4f   Thumb Code   170  poly.o(i.__kernel_poly)
    __mathlib_dbl_divzero                    0x08005ff9   Thumb Code    12  dunder.o(i.__mathlib_dbl_divzero)
    __mathlib_dbl_infnan2                    0x08006009   Thumb Code     4  dunder.o(i.__mathlib_dbl_infnan2)
    __mathlib_dbl_invalid                    0x0800600d   Thumb Code    12  dunder.o(i.__mathlib_dbl_invalid)
    __mathlib_dbl_overflow                   0x08006019   Thumb Code    14  dunder.o(i.__mathlib_dbl_overflow)
    __mathlib_dbl_underflow                  0x08006029   Thumb Code    10  dunder.o(i.__mathlib_dbl_underflow)
    _sys_exit                                0x08006039   Thumb Code     6  usart.o(i._sys_exit)
    bme280GetData                            0x08006041   Thumb Code   160  bme280.o(i.bme280GetData)
    bme280Init                               0x080060f5   Thumb Code    18  bme280.o(i.bme280Init)
    calibration_H                            0x08006185   Thumb Code   140  bme280.o(i.calibration_H)
    calibration_P                            0x0800622d   Thumb Code   184  bme280.o(i.calibration_P)
    calibration_T                            0x0800630d   Thumb Code    66  bme280.o(i.calibration_T)
    delay_init                               0x08006361   Thumb Code    50  delay.o(i.delay_init)
    delay_ms                                 0x080063a5   Thumb Code    72  delay.o(i.delay_ms)
    delay_us                                 0x080063f1   Thumb Code    72  delay.o(i.delay_us)
    fputc                                    0x0800643d   Thumb Code    24  usart.o(i.fputc)
    iicDevRead                               0x08006459   Thumb Code    96  myiic.o(i.iicDevRead)
    iicDevWriteByte                          0x080064b9   Thumb Code    48  myiic.o(i.iicDevWriteByte)
    init_controller                          0x080064e9   Thumb Code    22  relay.o(i.init_controller)
    main                                     0x08006505   Thumb Code  1976  main.o(i.main)
    opt_delay                                0x08006d7d   Thumb Code    14  lcd.o(i.opt_delay)
    pow                                      0x08006d8d   Thumb Code  2512  pow.o(i.pow)
    readData                                 0x08007765   Thumb Code    84  bme280.o(i.readData)
    readTrim                                 0x080077c5   Thumb Code   344  bme280.o(i.readTrim)
    relay1_init                              0x08007965   Thumb Code    38  relay.o(i.relay1_init)
    relay1_off                               0x08007991   Thumb Code    12  relay.o(i.relay1_off)
    relay1_on                                0x080079a1   Thumb Code    12  relay.o(i.relay1_on)
    relay_init                               0x080079b1   Thumb Code    38  relay.o(i.relay_init)
    relay_off                                0x080079dd   Thumb Code    12  relay.o(i.relay_off)
    set_motorpwm                             0x080079ed   Thumb Code    14  relay.o(i.set_motorpwm)
    setup                                    0x08007a01   Thumb Code    82  bme280.o(i.setup)
    sqrt                                     0x08007a53   Thumb Code    76  sqrt.o(i.sqrt)
    timing_deinit                            0x08007a9f   Thumb Code    12  timer.o(i.timing_deinit)
    timing_init                              0x08007aad   Thumb Code    18  timer.o(i.timing_init)
    uart_init                                0x08007ac5   Thumb Code   152  usart.o(i.uart_init)
    writeReg                                 0x08007b65   Thumb Code    18  bme280.o(i.writeReg)
    _get_lc_numeric                          0x08007b79   Thumb Code    44  lc_numeric_c.o(locale$$code)
    __aeabi_d2f                              0x08007ba5   Thumb Code     0  d2f.o(x$fpl$d2f)
    _d2f                                     0x08007ba5   Thumb Code    98  d2f.o(x$fpl$d2f)
    __aeabi_dadd                             0x08007c09   Thumb Code     0  daddsub_clz.o(x$fpl$dadd)
    _dadd                                    0x08007c09   Thumb Code   332  daddsub_clz.o(x$fpl$dadd)
    __fpl_dcheck_NaN1                        0x08007d59   Thumb Code    10  dcheck1.o(x$fpl$dcheck1)
    __fpl_dcmp_Inf                           0x08007d69   Thumb Code    24  dcmpi.o(x$fpl$dcmpinf)
    __aeabi_ddiv                             0x08007d81   Thumb Code     0  ddiv.o(x$fpl$ddiv)
    _ddiv                                    0x08007d81   Thumb Code   552  ddiv.o(x$fpl$ddiv)
    __aeabi_d2uiz                            0x08008031   Thumb Code     0  dfixu.o(x$fpl$dfixu)
    _dfixu                                   0x08008031   Thumb Code    90  dfixu.o(x$fpl$dfixu)
    __aeabi_i2d                              0x0800808b   Thumb Code     0  dflt_clz.o(x$fpl$dflt)
    _dflt                                    0x0800808b   Thumb Code    46  dflt_clz.o(x$fpl$dflt)
    __aeabi_ui2d                             0x080080b9   Thumb Code     0  dflt_clz.o(x$fpl$dfltu)
    _dfltu                                   0x080080b9   Thumb Code    38  dflt_clz.o(x$fpl$dfltu)
    __aeabi_cdcmple                          0x080080e1   Thumb Code     0  dleqf.o(x$fpl$dleqf)
    _dcmple                                  0x080080e1   Thumb Code   120  dleqf.o(x$fpl$dleqf)
    __fpl_dcmple_InfNaN                      0x08008143   Thumb Code     0  dleqf.o(x$fpl$dleqf)
    __aeabi_dmul                             0x08008159   Thumb Code     0  dmul.o(x$fpl$dmul)
    _dmul                                    0x08008159   Thumb Code   332  dmul.o(x$fpl$dmul)
    __fpl_dnaninf                            0x080082ad   Thumb Code   156  dnaninf.o(x$fpl$dnaninf)
    __fpl_dretinf                            0x08008349   Thumb Code    12  dretinf.o(x$fpl$dretinf)
    __aeabi_cdrcmple                         0x08008355   Thumb Code     0  drleqf.o(x$fpl$drleqf)
    _drcmple                                 0x08008355   Thumb Code   108  drleqf.o(x$fpl$drleqf)
    __aeabi_drsub                            0x080083c1   Thumb Code     0  daddsub_clz.o(x$fpl$drsb)
    _drsb                                    0x080083c1   Thumb Code    22  daddsub_clz.o(x$fpl$drsb)
    _dsqrt                                   0x080083d9   Thumb Code   456  dsqrt_noumaal.o(x$fpl$dsqrt)
    __aeabi_dsub                             0x080085a5   Thumb Code     0  daddsub_clz.o(x$fpl$dsub)
    _dsub                                    0x080085a5   Thumb Code   464  daddsub_clz.o(x$fpl$dsub)
    __aeabi_f2d                              0x08008779   Thumb Code     0  f2d.o(x$fpl$f2d)
    _f2d                                     0x08008779   Thumb Code    86  f2d.o(x$fpl$f2d)
    __aeabi_fadd                             0x080087d1   Thumb Code     0  faddsub_clz.o(x$fpl$fadd)
    _fadd                                    0x080087d1   Thumb Code   196  faddsub_clz.o(x$fpl$fadd)
    __fpl_fcmp_Inf                           0x08008895   Thumb Code    24  fcmpi.o(x$fpl$fcmpinf)
    __aeabi_fdiv                             0x080088ad   Thumb Code     0  fdiv.o(x$fpl$fdiv)
    _fdiv                                    0x080088ad   Thumb Code   384  fdiv.o(x$fpl$fdiv)
    __aeabi_f2uiz                            0x08008a31   Thumb Code     0  ffixu.o(x$fpl$ffixu)
    _ffixu                                   0x08008a31   Thumb Code    62  ffixu.o(x$fpl$ffixu)
    __aeabi_ui2f                             0x08008a71   Thumb Code     0  fflt_clz.o(x$fpl$ffltu)
    _ffltu                                   0x08008a71   Thumb Code    38  fflt_clz.o(x$fpl$ffltu)
    __aeabi_cfcmple                          0x08008a99   Thumb Code     0  fleqf.o(x$fpl$fleqf)
    _fcmple                                  0x08008a99   Thumb Code   104  fleqf.o(x$fpl$fleqf)
    __fpl_fcmple_InfNaN                      0x08008aeb   Thumb Code     0  fleqf.o(x$fpl$fleqf)
    __aeabi_fmul                             0x08008b01   Thumb Code     0  fmul.o(x$fpl$fmul)
    _fmul                                    0x08008b01   Thumb Code   258  fmul.o(x$fpl$fmul)
    __fpl_fnaninf                            0x08008c03   Thumb Code   140  fnaninf.o(x$fpl$fnaninf)
    __fpl_fretinf                            0x08008c8f   Thumb Code    10  fretinf.o(x$fpl$fretinf)
    __aeabi_cfrcmple                         0x08008c99   Thumb Code     0  frleqf.o(x$fpl$frleqf)
    _frcmple                                 0x08008c99   Thumb Code    98  frleqf.o(x$fpl$frleqf)
    __aeabi_fsub                             0x08008cfd   Thumb Code     0  faddsub_clz.o(x$fpl$fsub)
    _fsub                                    0x08008cfd   Thumb Code   234  faddsub_clz.o(x$fpl$fsub)
    _printf_fp_dec                           0x08008de7   Thumb Code     4  printf1.o(x$fpl$printf1)
    __fpl_return_NaN                         0x08008deb   Thumb Code   100  retnan.o(x$fpl$retnan)
    __ARM_scalbn                             0x08008e4f   Thumb Code    92  scalbn.o(x$fpl$scalbn)
    __fpl_cmpreturn                          0x08008eab   Thumb Code    48  trapv.o(x$fpl$trapveneer)
    __I$use$fp                               0x08008eda   Number         0  usenofp.o(x$fpl$usenofp)
    asc2_1206                                0x08008eda   Data        1140  lcd.o(.constdata)
    asc2_1608                                0x0800934e   Data        1520  lcd.o(.constdata)
    asc2_2412                                0x0800993e   Data        3420  lcd.o(.constdata)
    __mathlib_zero                           0x0800a750   Data           8  qnan.o(.constdata)
    Region$$Table$$Base                      0x0800a7ec   Number         0  anon$$obj.o(Region$$Table)
    Region$$Table$$Limit                     0x0800a80c   Number         0  anon$$obj.o(Region$$Table)
    count                                    0x20000000   Data           2  main.o(.data)
    flag1                                    0x20000004   Data           4  main.o(.data)
    SystemCoreClock                          0x20000008   Data           4  system_stm32f10x.o(.data)
    AHBPrescTable                            0x2000000c   Data          16  system_stm32f10x.o(.data)
    __stdout                                 0x20000020   Data           4  usart.o(.data)
    USART_RX_STA                             0x20000024   Data           2  usart.o(.data)
    hum_raw                                  0x20000028   Data           4  bme280.o(.data)
    temp_raw                                 0x2000002c   Data           4  bme280.o(.data)
    pres_raw                                 0x20000030   Data           4  bme280.o(.data)
    t_fine                                   0x20000034   Data           4  bme280.o(.data)
    dig_T1                                   0x20000038   Data           2  bme280.o(.data)
    dig_T2                                   0x2000003a   Data           2  bme280.o(.data)
    dig_T3                                   0x2000003c   Data           2  bme280.o(.data)
    dig_P1                                   0x2000003e   Data           2  bme280.o(.data)
    dig_P2                                   0x20000040   Data           2  bme280.o(.data)
    dig_P3                                   0x20000042   Data           2  bme280.o(.data)
    dig_P4                                   0x20000044   Data           2  bme280.o(.data)
    dig_P5                                   0x20000046   Data           2  bme280.o(.data)
    dig_P6                                   0x20000048   Data           2  bme280.o(.data)
    dig_P7                                   0x2000004a   Data           2  bme280.o(.data)
    dig_P8                                   0x2000004c   Data           2  bme280.o(.data)
    dig_P9                                   0x2000004e   Data           2  bme280.o(.data)
    dig_H1                                   0x20000050   Data           1  bme280.o(.data)
    dig_H2                                   0x20000052   Data           2  bme280.o(.data)
    dig_H3                                   0x20000054   Data           1  bme280.o(.data)
    dig_H4                                   0x20000056   Data           2  bme280.o(.data)
    dig_H5                                   0x20000058   Data           2  bme280.o(.data)
    dig_H6                                   0x2000005a   Data           1  bme280.o(.data)
    POINT_COLOR                              0x2000005c   Data           2  lcd.o(.data)
    BACK_COLOR                               0x2000005e   Data           2  lcd.o(.data)
    eachcount                                0x20000060   Data           2  timer.o(.data)
    timing                                   0x20000062   Data           2  timer.o(.data)
    USART_RX_BUF                             0x20000078   Data         200  usart.o(.bss)
    lcddev                                   0x20000140   Data          14  lcd.o(.bss)
    __libspace_start                         0x20000150   Data          96  libspace.o(.bss)
    __temporary_stack_top$libspace           0x200001b0   Data           0  libspace.o(.bss)



==============================================================================

Memory Map of the image

  Image Entry point : 0x08000131

  Load Region LR_IROM1 (Base: 0x08000000, Size: 0x0000a8a0, Max: 0x00040000, ABSOLUTE)

    Execution Region ER_IROM1 (Exec base: 0x08000000, Load base: 0x08000000, Size: 0x0000a828, Max: 0x00040000, ABSOLUTE)

    Exec Addr    Load Addr    Size         Type   Attr      Idx    E Section Name        Object

    0x08000000   0x08000000   0x00000130   Data   RO         2805    RESET               startup_stm32f10x_hd.o
    0x08000130   0x08000130   0x00000008   Code   RO         2869  * !!!main             c_w.l(__main.o)
    0x08000138   0x08000138   0x00000034   Code   RO         3207    !!!scatter          c_w.l(__scatter.o)
    0x0800016c   0x0800016c   0x0000001a   Code   RO         3209    !!handler_copy      c_w.l(__scatter_copy.o)
    0x08000186   0x08000186   0x00000002   PAD
    0x08000188   0x08000188   0x0000001c   Code   RO         3211    !!handler_zi        c_w.l(__scatter_zi.o)
    0x080001a4   0x080001a4   0x00000000   Code   RO         2866    .ARM.Collect$$_printf_percent$$00000000  c_w.l(_printf_percent.o)
    0x080001a4   0x080001a4   0x00000006   Code   RO         2865    .ARM.Collect$$_printf_percent$$00000003  c_w.l(_printf_f.o)
    0x080001aa   0x080001aa   0x00000006   Code   RO         2864    .ARM.Collect$$_printf_percent$$00000009  c_w.l(_printf_d.o)
    0x080001b0   0x080001b0   0x00000006   Code   RO         2863    .ARM.Collect$$_printf_percent$$0000000C  c_w.l(_printf_x.o)
    0x080001b6   0x080001b6   0x00000004   Code   RO         2944    .ARM.Collect$$_printf_percent$$00000017  c_w.l(_printf_percent_end.o)
    0x080001ba   0x080001ba   0x00000002   Code   RO         3076    .ARM.Collect$$libinit$$00000000  c_w.l(libinit.o)
    0x080001bc   0x080001bc   0x00000000   Code   RO         3078    .ARM.Collect$$libinit$$00000002  c_w.l(libinit2.o)
    0x080001bc   0x080001bc   0x00000000   Code   RO         3080    .ARM.Collect$$libinit$$00000004  c_w.l(libinit2.o)
    0x080001bc   0x080001bc   0x00000000   Code   RO         3083    .ARM.Collect$$libinit$$0000000A  c_w.l(libinit2.o)
    0x080001bc   0x080001bc   0x00000000   Code   RO         3085    .ARM.Collect$$libinit$$0000000C  c_w.l(libinit2.o)
    0x080001bc   0x080001bc   0x00000000   Code   RO         3087    .ARM.Collect$$libinit$$0000000E  c_w.l(libinit2.o)
    0x080001bc   0x080001bc   0x00000006   Code   RO         3088    .ARM.Collect$$libinit$$0000000F  c_w.l(libinit2.o)
    0x080001c2   0x080001c2   0x00000000   Code   RO         3090    .ARM.Collect$$libinit$$00000011  c_w.l(libinit2.o)
    0x080001c2   0x080001c2   0x00000000   Code   RO         3092    .ARM.Collect$$libinit$$00000013  c_w.l(libinit2.o)
    0x080001c2   0x080001c2   0x00000000   Code   RO         3094    .ARM.Collect$$libinit$$00000015  c_w.l(libinit2.o)
    0x080001c2   0x080001c2   0x0000000a   Code   RO         3095    .ARM.Collect$$libinit$$00000016  c_w.l(libinit2.o)
    0x080001cc   0x080001cc   0x00000000   Code   RO         3096    .ARM.Collect$$libinit$$00000017  c_w.l(libinit2.o)
    0x080001cc   0x080001cc   0x00000000   Code   RO         3098    .ARM.Collect$$libinit$$00000019  c_w.l(libinit2.o)
    0x080001cc   0x080001cc   0x00000000   Code   RO         3100    .ARM.Collect$$libinit$$0000001B  c_w.l(libinit2.o)
    0x080001cc   0x080001cc   0x00000000   Code   RO         3102    .ARM.Collect$$libinit$$0000001D  c_w.l(libinit2.o)
    0x080001cc   0x080001cc   0x00000000   Code   RO         3104    .ARM.Collect$$libinit$$0000001F  c_w.l(libinit2.o)
    0x080001cc   0x080001cc   0x00000000   Code   RO         3106    .ARM.Collect$$libinit$$00000021  c_w.l(libinit2.o)
    0x080001cc   0x080001cc   0x00000000   Code   RO         3108    .ARM.Collect$$libinit$$00000023  c_w.l(libinit2.o)
    0x080001cc   0x080001cc   0x00000000   Code   RO         3110    .ARM.Collect$$libinit$$00000025  c_w.l(libinit2.o)
    0x080001cc   0x080001cc   0x00000000   Code   RO         3114    .ARM.Collect$$libinit$$0000002C  c_w.l(libinit2.o)
    0x080001cc   0x080001cc   0x00000000   Code   RO         3116    .ARM.Collect$$libinit$$0000002E  c_w.l(libinit2.o)
    0x080001cc   0x080001cc   0x00000000   Code   RO         3118    .ARM.Collect$$libinit$$00000030  c_w.l(libinit2.o)
    0x080001cc   0x080001cc   0x00000000   Code   RO         3120    .ARM.Collect$$libinit$$00000032  c_w.l(libinit2.o)
    0x080001cc   0x080001cc   0x00000002   Code   RO         3121    .ARM.Collect$$libinit$$00000033  c_w.l(libinit2.o)
    0x080001ce   0x080001ce   0x00000002   Code   RO         3155    .ARM.Collect$$libshutdown$$00000000  c_w.l(libshutdown.o)
    0x080001d0   0x080001d0   0x00000000   Code   RO         3164    .ARM.Collect$$libshutdown$$00000002  c_w.l(libshutdown2.o)
    0x080001d0   0x080001d0   0x00000000   Code   RO         3166    .ARM.Collect$$libshutdown$$00000004  c_w.l(libshutdown2.o)
    0x080001d0   0x080001d0   0x00000000   Code   RO         3168    .ARM.Collect$$libshutdown$$00000006  c_w.l(libshutdown2.o)
    0x080001d0   0x080001d0   0x00000000   Code   RO         3171    .ARM.Collect$$libshutdown$$00000009  c_w.l(libshutdown2.o)
    0x080001d0   0x080001d0   0x00000000   Code   RO         3174    .ARM.Collect$$libshutdown$$0000000C  c_w.l(libshutdown2.o)
    0x080001d0   0x080001d0   0x00000000   Code   RO         3176    .ARM.Collect$$libshutdown$$0000000E  c_w.l(libshutdown2.o)
    0x080001d0   0x080001d0   0x00000000   Code   RO         3179    .ARM.Collect$$libshutdown$$00000011  c_w.l(libshutdown2.o)
    0x080001d0   0x080001d0   0x00000002   Code   RO         3180    .ARM.Collect$$libshutdown$$00000012  c_w.l(libshutdown2.o)
    0x080001d2   0x080001d2   0x00000000   Code   RO         2935    .ARM.Collect$$rtentry$$00000000  c_w.l(__rtentry.o)
    0x080001d2   0x080001d2   0x00000000   Code   RO         2988    .ARM.Collect$$rtentry$$00000002  c_w.l(__rtentry2.o)
    0x080001d2   0x080001d2   0x00000006   Code   RO         3000    .ARM.Collect$$rtentry$$00000004  c_w.l(__rtentry4.o)
    0x080001d8   0x080001d8   0x00000000   Code   RO         2990    .ARM.Collect$$rtentry$$00000009  c_w.l(__rtentry2.o)
    0x080001d8   0x080001d8   0x00000004   Code   RO         2991    .ARM.Collect$$rtentry$$0000000A  c_w.l(__rtentry2.o)
    0x080001dc   0x080001dc   0x00000000   Code   RO         2993    .ARM.Collect$$rtentry$$0000000C  c_w.l(__rtentry2.o)
    0x080001dc   0x080001dc   0x00000008   Code   RO         2994    .ARM.Collect$$rtentry$$0000000D  c_w.l(__rtentry2.o)
    0x080001e4   0x080001e4   0x00000002   Code   RO         3126    .ARM.Collect$$rtexit$$00000000  c_w.l(rtexit.o)
    0x080001e6   0x080001e6   0x00000000   Code   RO         3135    .ARM.Collect$$rtexit$$00000002  c_w.l(rtexit2.o)
    0x080001e6   0x080001e6   0x00000004   Code   RO         3136    .ARM.Collect$$rtexit$$00000003  c_w.l(rtexit2.o)
    0x080001ea   0x080001ea   0x00000006   Code   RO         3137    .ARM.Collect$$rtexit$$00000004  c_w.l(rtexit2.o)
    0x080001f0   0x080001f0   0x00000040   Code   RO         2806    .text               startup_stm32f10x_hd.o
    0x08000230   0x08000230   0x00000002   Code   RO         2812    .text               c_w.l(use_no_semi_2.o)
    0x08000232   0x08000232   0x00000002   PAD
    0x08000234   0x08000234   0x00000018   Code   RO         2816    .text               c_w.l(noretval__2printf.o)
    0x0800024c   0x0800024c   0x00000068   Code   RO         2818    .text               c_w.l(__printf.o)
    0x080002b4   0x080002b4   0x00000078   Code   RO         2820    .text               c_w.l(_printf_dec.o)
    0x0800032c   0x0800032c   0x00000058   Code   RO         2825    .text               c_w.l(_printf_hex_int.o)
    0x08000384   0x08000384   0x00000006   Code   RO         2867    .text               c_w.l(heapauxi.o)
    0x0800038a   0x0800038a   0x00000002   Code   RO         2933    .text               c_w.l(use_no_semi.o)
    0x0800038c   0x0800038c   0x00000016   Code   RO         2936    .text               c_w.l(_rserrno.o)
    0x080003a2   0x080003a2   0x000000b2   Code   RO         2938    .text               c_w.l(_printf_intcommon.o)
    0x08000454   0x08000454   0x0000041e   Code   RO         2940    .text               c_w.l(_printf_fp_dec.o)
    0x08000872   0x08000872   0x00000002   PAD
    0x08000874   0x08000874   0x00000024   Code   RO         2942    .text               c_w.l(_printf_char_file.o)
    0x08000898   0x08000898   0x00000008   Code   RO         3005    .text               c_w.l(rt_locale_intlibspace.o)
    0x080008a0   0x080008a0   0x00000008   Code   RO         3010    .text               c_w.l(rt_errno_addr_intlibspace.o)
    0x080008a8   0x080008a8   0x0000008a   Code   RO         3012    .text               c_w.l(lludiv10.o)
    0x08000932   0x08000932   0x00000002   PAD
    0x08000934   0x08000934   0x00000030   Code   RO         3014    .text               c_w.l(_printf_char_common.o)
    0x08000964   0x08000964   0x00000080   Code   RO         3016    .text               c_w.l(_printf_fp_infnan.o)
    0x080009e4   0x080009e4   0x000000e4   Code   RO         3018    .text               c_w.l(bigflt0.o)
    0x08000ac8   0x08000ac8   0x00000008   Code   RO         3043    .text               c_w.l(ferror.o)
    0x08000ad0   0x08000ad0   0x00000008   Code   RO         3060    .text               c_w.l(libspace.o)
    0x08000ad8   0x08000ad8   0x0000004a   Code   RO         3063    .text               c_w.l(sys_stackheap_outer.o)
    0x08000b22   0x08000b22   0x00000012   Code   RO         3067    .text               c_w.l(exit.o)
    0x08000b34   0x08000b34   0x00000080   Code   RO         3069    .text               c_w.l(strcmpv7m.o)
    0x08000bb4   0x08000bb4   0x0000003e   Code   RO         3021    CL$$btod_d2e        c_w.l(btod.o)
    0x08000bf2   0x08000bf2   0x00000046   Code   RO         3023    CL$$btod_d2e_denorm_low  c_w.l(btod.o)
    0x08000c38   0x08000c38   0x00000060   Code   RO         3022    CL$$btod_d2e_norm_op1  c_w.l(btod.o)
    0x08000c98   0x08000c98   0x00000338   Code   RO         3031    CL$$btod_div_common  c_w.l(btod.o)
    0x08000fd0   0x08000fd0   0x000000dc   Code   RO         3028    CL$$btod_e2e        c_w.l(btod.o)
    0x080010ac   0x080010ac   0x0000002a   Code   RO         3025    CL$$btod_ediv       c_w.l(btod.o)
    0x080010d6   0x080010d6   0x0000002a   Code   RO         3024    CL$$btod_emul       c_w.l(btod.o)
    0x08001100   0x08001100   0x00000244   Code   RO         3030    CL$$btod_mult_common  c_w.l(btod.o)
    0x08001344   0x08001344   0x00000016   Code   RO          989    i.ADC_Cmd           stm32f10x_adc.o
    0x0800135a   0x0800135a   0x00000002   PAD
    0x0800135c   0x0800135c   0x0000005c   Code   RO          991    i.ADC_DeInit        stm32f10x_adc.o
    0x080013b8   0x080013b8   0x00000014   Code   RO          997    i.ADC_GetCalibrationStatus  stm32f10x_adc.o
    0x080013cc   0x080013cc   0x00000008   Code   RO          998    i.ADC_GetConversionValue  stm32f10x_adc.o
    0x080013d4   0x080013d4   0x00000012   Code   RO         1000    i.ADC_GetFlagStatus  stm32f10x_adc.o
    0x080013e6   0x080013e6   0x00000014   Code   RO         1003    i.ADC_GetResetCalibrationStatus  stm32f10x_adc.o
    0x080013fa   0x080013fa   0x00000002   PAD
    0x080013fc   0x080013fc   0x00000050   Code   RO         1007    i.ADC_Init          stm32f10x_adc.o
    0x0800144c   0x0800144c   0x000000b8   Code   RO         1011    i.ADC_RegularChannelConfig  stm32f10x_adc.o
    0x08001504   0x08001504   0x0000000a   Code   RO         1012    i.ADC_ResetCalibration  stm32f10x_adc.o
    0x0800150e   0x0800150e   0x00000016   Code   RO         1014    i.ADC_SoftwareStartConvCmd  stm32f10x_adc.o
    0x08001524   0x08001524   0x0000000a   Code   RO         1016    i.ADC_StartCalibration  stm32f10x_adc.o
    0x0800152e   0x0800152e   0x00000002   PAD
    0x08001530   0x08001530   0x0000008c   Code   RO          369    i.ADC_init          relay.o
    0x080015bc   0x080015bc   0x0000008c   Code   RO          850    i.Adc2_Init         adc.o
    0x08001648   0x08001648   0x0000008c   Code   RO          851    i.Adc_Init          adc.o
    0x080016d4   0x080016d4   0x00000048   Code   RO          892    i.BASIC_TIM_Config  timer.o
    0x0800171c   0x0800171c   0x00000022   Code   RO          893    i.BASIC_TIM_NVIC_Config  timer.o
    0x0800173e   0x0800173e   0x00000004   Code   RO          150    i.BusFault_Handler  stm32f10x_it.o
    0x08001742   0x08001742   0x00000002   Code   RO          151    i.DebugMon_Handler  stm32f10x_it.o
    0x08001744   0x08001744   0x00000116   Code   RO         1307    i.GPIO_Init         stm32f10x_gpio.o
    0x0800185a   0x0800185a   0x00000002   PAD
    0x0800185c   0x0800185c   0x00000090   Code   RO         1309    i.GPIO_PinRemapConfig  stm32f10x_gpio.o
    0x080018ec   0x080018ec   0x00000012   Code   RO         1311    i.GPIO_ReadInputDataBit  stm32f10x_gpio.o
    0x080018fe   0x080018fe   0x00000004   Code   RO         1314    i.GPIO_ResetBits    stm32f10x_gpio.o
    0x08001902   0x08001902   0x00000004   Code   RO         1315    i.GPIO_SetBits      stm32f10x_gpio.o
    0x08001906   0x08001906   0x00000002   PAD
    0x08001908   0x08001908   0x00000034   Code   RO          852    i.Get_Adc           adc.o
    0x0800193c   0x0800193c   0x00000034   Code   RO          370    i.Get_Adc1          relay.o
    0x08001970   0x08001970   0x00000034   Code   RO          853    i.Get_Adc2          adc.o
    0x080019a4   0x080019a4   0x0000002e   Code   RO          854    i.Get_Adc2_Average  adc.o
    0x080019d2   0x080019d2   0x0000002e   Code   RO          855    i.Get_Adc_Average   adc.o
    0x08001a00   0x08001a00   0x0000002e   Code   RO          371    i.Get_Adc_Average1  relay.o
    0x08001a2e   0x08001a2e   0x00000004   Code   RO          152    i.HardFault_Handler  stm32f10x_it.o
    0x08001a32   0x08001a32   0x00000002   PAD
    0x08001a34   0x08001a34   0x00000050   Code   RO          447    i.IIC_Ack           myiic.o
    0x08001a84   0x08001a84   0x00000040   Code   RO          448    i.IIC_Init          myiic.o
    0x08001ac4   0x08001ac4   0x00000050   Code   RO          449    i.IIC_NAck          myiic.o
    0x08001b14   0x08001b14   0x00000070   Code   RO          450    i.IIC_Read_Byte     myiic.o
    0x08001b84   0x08001b84   0x00000068   Code   RO          451    i.IIC_Send_Byte     myiic.o
    0x08001bec   0x08001bec   0x0000004c   Code   RO          452    i.IIC_Start         myiic.o
    0x08001c38   0x08001c38   0x0000004c   Code   RO          453    i.IIC_Stop          myiic.o
    0x08001c84   0x08001c84   0x00000064   Code   RO          454    i.IIC_Wait_Ack      myiic.o
    0x08001ce8   0x08001ce8   0x00000060   Code   RO          621    i.KEY_Init          key.o
    0x08001d48   0x08001d48   0x000000a8   Code   RO          622    i.KEY_Scan          key.o
    0x08001df0   0x08001df0   0x0000004c   Code   RO          641    i.LCD_Clear         lcd.o
    0x08001e3c   0x08001e3c   0x00000130   Code   RO          645    i.LCD_Display_Dir   lcd.o
    0x08001f6c   0x08001f6c   0x00000284   Code   RO          650    i.LCD_Fast_DrawPoint  lcd.o
    0x080021f0   0x080021f0   0x00002960   Code   RO          652    i.LCD_Init          lcd.o
    0x08004b50   0x08004b50   0x00000016   Code   RO          653    i.LCD_Pow           lcd.o
    0x08004b66   0x08004b66   0x00000002   PAD
    0x08004b68   0x08004b68   0x00000060   Code   RO          654    i.LCD_RD_DATA       lcd.o
    0x08004bc8   0x08004bc8   0x000000d4   Code   RO          657    i.LCD_SSD_BackLightSet  lcd.o
    0x08004c9c   0x08004c9c   0x000003a0   Code   RO          658    i.LCD_Scan_Dir      lcd.o
    0x0800503c   0x0800503c   0x000002dc   Code   RO          659    i.LCD_SetCursor     lcd.o
    0x08005318   0x08005318   0x00000128   Code   RO          661    i.LCD_ShowChar      lcd.o
    0x08005440   0x08005440   0x00000066   Code   RO          663    i.LCD_ShowString    lcd.o
    0x080054a6   0x080054a6   0x000000be   Code   RO          664    i.LCD_ShowxNum      lcd.o
    0x08005564   0x08005564   0x00000024   Code   RO          665    i.LCD_WR_DATAX      lcd.o
    0x08005588   0x08005588   0x00000024   Code   RO          666    i.LCD_WR_REG        lcd.o
    0x080055ac   0x080055ac   0x00000010   Code   RO          668    i.LCD_WriteRAM_Prepare  lcd.o
    0x080055bc   0x080055bc   0x00000030   Code   RO          669    i.LCD_WriteReg      lcd.o
    0x080055ec   0x080055ec   0x00000050   Code   RO          609    i.LED_Init          led.o
    0x0800563c   0x0800563c   0x00000004   Code   RO          153    i.MemManage_Handler  stm32f10x_it.o
    0x08005640   0x08005640   0x00000002   Code   RO          154    i.NMI_Handler       stm32f10x_it.o
    0x08005642   0x08005642   0x00000002   PAD
    0x08005644   0x08005644   0x00000070   Code   RO          947    i.NVIC_Init         misc.o
    0x080056b4   0x080056b4   0x00000014   Code   RO          948    i.NVIC_PriorityGroupConfig  misc.o
    0x080056c8   0x080056c8   0x00000002   Code   RO          155    i.PendSV_Handler    stm32f10x_it.o
    0x080056ca   0x080056ca   0x00000002   PAD
    0x080056cc   0x080056cc   0x00000018   Code   RO         1475    i.RCC_ADCCLKConfig  stm32f10x_rcc.o
    0x080056e4   0x080056e4   0x00000020   Code   RO         1477    i.RCC_APB1PeriphClockCmd  stm32f10x_rcc.o
    0x08005704   0x08005704   0x00000020   Code   RO         1479    i.RCC_APB2PeriphClockCmd  stm32f10x_rcc.o
    0x08005724   0x08005724   0x00000020   Code   RO         1480    i.RCC_APB2PeriphResetCmd  stm32f10x_rcc.o
    0x08005744   0x08005744   0x000000d4   Code   RO         1487    i.RCC_GetClocksFreq  stm32f10x_rcc.o
    0x08005818   0x08005818   0x00000002   Code   RO          156    i.SVC_Handler       stm32f10x_it.o
    0x0800581a   0x0800581a   0x00000008   Code   RO          239    i.SetSysClock       system_stm32f10x.o
    0x08005822   0x08005822   0x00000002   PAD
    0x08005824   0x08005824   0x000000e0   Code   RO          240    i.SetSysClockTo72   system_stm32f10x.o
    0x08005904   0x08005904   0x00000028   Code   RO          951    i.SysTick_CLKSourceConfig  misc.o
    0x0800592c   0x0800592c   0x00000002   Code   RO          157    i.SysTick_Handler   stm32f10x_it.o
    0x0800592e   0x0800592e   0x00000002   PAD
    0x08005930   0x08005930   0x00000060   Code   RO          242    i.SystemInit        system_stm32f10x.o
    0x08005990   0x08005990   0x0000009c   Code   RO          372    i.TIM1_PWM_Init     relay.o
    0x08005a2c   0x08005a2c   0x00000094   Code   RO          894    i.TIM3_IRQHandler   timer.o
    0x08005ac0   0x08005ac0   0x00000060   Code   RO          895    i.TIM3_Int_Init     timer.o
    0x08005b20   0x08005b20   0x00000028   Code   RO          896    i.TIM6_IRQHandler   timer.o
    0x08005b48   0x08005b48   0x00000006   Code   RO         1871    i.TIM_ClearFlag     stm32f10x_tim.o
    0x08005b4e   0x08005b4e   0x00000006   Code   RO         1872    i.TIM_ClearITPendingBit  stm32f10x_tim.o
    0x08005b54   0x08005b54   0x00000018   Code   RO         1877    i.TIM_Cmd           stm32f10x_tim.o
    0x08005b6c   0x08005b6c   0x0000001e   Code   RO         1879    i.TIM_CtrlPWMOutputs  stm32f10x_tim.o
    0x08005b8a   0x08005b8a   0x00000022   Code   RO         1898    i.TIM_GetITStatus   stm32f10x_tim.o
    0x08005bac   0x08005bac   0x00000012   Code   RO         1902    i.TIM_ITConfig      stm32f10x_tim.o
    0x08005bbe   0x08005bbe   0x00000002   PAD
    0x08005bc0   0x08005bc0   0x0000007c   Code   RO         1921    i.TIM_OC4Init       stm32f10x_tim.o
    0x08005c3c   0x08005c3c   0x0000001a   Code   RO         1923    i.TIM_OC4PreloadConfig  stm32f10x_tim.o
    0x08005c56   0x08005c56   0x00000006   Code   RO         1941    i.TIM_SetCompare4   stm32f10x_tim.o
    0x08005c5c   0x08005c5c   0x000000a4   Code   RO         1948    i.TIM_TimeBaseInit  stm32f10x_tim.o
    0x08005d00   0x08005d00   0x00000088   Code   RO          328    i.USART1_IRQHandler  usart.o
    0x08005d88   0x08005d88   0x00000018   Code   RO         2413    i.USART_Cmd         stm32f10x_usart.o
    0x08005da0   0x08005da0   0x00000054   Code   RO         2417    i.USART_GetITStatus  stm32f10x_usart.o
    0x08005df4   0x08005df4   0x0000004a   Code   RO         2419    i.USART_ITConfig    stm32f10x_usart.o
    0x08005e3e   0x08005e3e   0x00000002   PAD
    0x08005e40   0x08005e40   0x000000d8   Code   RO         2420    i.USART_Init        stm32f10x_usart.o
    0x08005f18   0x08005f18   0x0000000a   Code   RO         2427    i.USART_ReceiveData  stm32f10x_usart.o
    0x08005f22   0x08005f22   0x00000004   Code   RO          158    i.UsageFault_Handler  stm32f10x_it.o
    0x08005f26   0x08005f26   0x00000028   Code   RO         2974    i.__ARM_fpclassify  m_ws.l(fpclassify.o)
    0x08005f4e   0x08005f4e   0x000000aa   Code   RO         2976    i.__kernel_poly     m_ws.l(poly.o)
    0x08005ff8   0x08005ff8   0x00000010   Code   RO         2960    i.__mathlib_dbl_divzero  m_ws.l(dunder.o)
    0x08006008   0x08006008   0x00000004   Code   RO         2962    i.__mathlib_dbl_infnan2  m_ws.l(dunder.o)
    0x0800600c   0x0800600c   0x0000000c   Code   RO         2963    i.__mathlib_dbl_invalid  m_ws.l(dunder.o)
    0x08006018   0x08006018   0x0000000e   Code   RO         2964    i.__mathlib_dbl_overflow  m_ws.l(dunder.o)
    0x08006026   0x08006026   0x00000002   PAD
    0x08006028   0x08006028   0x00000010   Code   RO         2966    i.__mathlib_dbl_underflow  m_ws.l(dunder.o)
    0x08006038   0x08006038   0x00000006   Code   RO          329    i._sys_exit         usart.o
    0x0800603e   0x0800603e   0x00000002   PAD
    0x08006040   0x08006040   0x000000b4   Code   RO          537    i.bme280GetData     bme280.o
    0x080060f4   0x080060f4   0x00000012   Code   RO          538    i.bme280Init        bme280.o
    0x08006106   0x08006106   0x00000002   PAD
    0x08006108   0x08006108   0x0000007c   Code   RO          539    i.bme280PressureToAltitude  bme280.o
    0x08006184   0x08006184   0x000000a8   Code   RO          540    i.calibration_H     bme280.o
    0x0800622c   0x0800622c   0x000000e0   Code   RO          541    i.calibration_P     bme280.o
    0x0800630c   0x0800630c   0x00000054   Code   RO          542    i.calibration_T     bme280.o
    0x08006360   0x08006360   0x00000044   Code   RO          273    i.delay_init        delay.o
    0x080063a4   0x080063a4   0x0000004c   Code   RO          274    i.delay_ms          delay.o
    0x080063f0   0x080063f0   0x0000004c   Code   RO          275    i.delay_us          delay.o
    0x0800643c   0x0800643c   0x0000001c   Code   RO          330    i.fputc             usart.o
    0x08006458   0x08006458   0x00000060   Code   RO          455    i.iicDevRead        myiic.o
    0x080064b8   0x080064b8   0x00000030   Code   RO          460    i.iicDevWriteByte   myiic.o
    0x080064e8   0x080064e8   0x0000001c   Code   RO          373    i.init_controller   relay.o
    0x08006504   0x08006504   0x00000878   Code   RO            1    i.main              main.o
    0x08006d7c   0x08006d7c   0x0000000e   Code   RO          670    i.opt_delay         lcd.o
    0x08006d8a   0x08006d8a   0x00000002   PAD
    0x08006d8c   0x08006d8c   0x000009d8   Code   RO         2924    i.pow               m_ws.l(pow.o)
    0x08007764   0x08007764   0x00000060   Code   RO          543    i.readData          bme280.o
    0x080077c4   0x080077c4   0x000001a0   Code   RO          544    i.readTrim          bme280.o
    0x08007964   0x08007964   0x0000002c   Code   RO          374    i.relay1_init       relay.o
    0x08007990   0x08007990   0x00000010   Code   RO          375    i.relay1_off        relay.o
    0x080079a0   0x080079a0   0x00000010   Code   RO          376    i.relay1_on         relay.o
    0x080079b0   0x080079b0   0x0000002c   Code   RO          377    i.relay_init        relay.o
    0x080079dc   0x080079dc   0x00000010   Code   RO          378    i.relay_off         relay.o
    0x080079ec   0x080079ec   0x00000014   Code   RO          380    i.set_motorpwm      relay.o
    0x08007a00   0x08007a00   0x00000052   Code   RO          545    i.setup             bme280.o
    0x08007a52   0x08007a52   0x0000004c   Code   RO         2980    i.sqrt              m_ws.l(sqrt.o)
    0x08007a9e   0x08007a9e   0x0000000c   Code   RO          897    i.timing_deinit     timer.o
    0x08007aaa   0x08007aaa   0x00000002   PAD
    0x08007aac   0x08007aac   0x00000018   Code   RO          898    i.timing_init       timer.o
    0x08007ac4   0x08007ac4   0x000000a0   Code   RO          331    i.uart_init         usart.o
    0x08007b64   0x08007b64   0x00000012   Code   RO          546    i.writeReg          bme280.o
    0x08007b76   0x08007b76   0x00000002   PAD
    0x08007b78   0x08007b78   0x0000002c   Code   RO         3048    locale$$code        c_w.l(lc_numeric_c.o)
    0x08007ba4   0x08007ba4   0x00000062   Code   RO         2871    x$fpl$d2f           fz_ws.l(d2f.o)
    0x08007c06   0x08007c06   0x00000002   PAD
    0x08007c08   0x08007c08   0x00000150   Code   RO         2873    x$fpl$dadd          fz_ws.l(daddsub_clz.o)
    0x08007d58   0x08007d58   0x00000010   Code   RO         3050    x$fpl$dcheck1       fz_ws.l(dcheck1.o)
    0x08007d68   0x08007d68   0x00000018   Code   RO         3122    x$fpl$dcmpinf       fz_ws.l(dcmpi.o)
    0x08007d80   0x08007d80   0x000002b0   Code   RO         2880    x$fpl$ddiv          fz_ws.l(ddiv.o)
    0x08008030   0x08008030   0x0000005a   Code   RO         2883    x$fpl$dfixu         fz_ws.l(dfixu.o)
    0x0800808a   0x0800808a   0x0000002e   Code   RO         2888    x$fpl$dflt          fz_ws.l(dflt_clz.o)
    0x080080b8   0x080080b8   0x00000026   Code   RO         2887    x$fpl$dfltu         fz_ws.l(dflt_clz.o)
    0x080080de   0x080080de   0x00000002   PAD
    0x080080e0   0x080080e0   0x00000078   Code   RO         3052    x$fpl$dleqf         fz_ws.l(dleqf.o)
    0x08008158   0x08008158   0x00000154   Code   RO         2893    x$fpl$dmul          fz_ws.l(dmul.o)
    0x080082ac   0x080082ac   0x0000009c   Code   RO         2945    x$fpl$dnaninf       fz_ws.l(dnaninf.o)
    0x08008348   0x08008348   0x0000000c   Code   RO         2947    x$fpl$dretinf       fz_ws.l(dretinf.o)
    0x08008354   0x08008354   0x0000006c   Code   RO         2949    x$fpl$drleqf        fz_ws.l(drleqf.o)
    0x080083c0   0x080083c0   0x00000016   Code   RO         2874    x$fpl$drsb          fz_ws.l(daddsub_clz.o)
    0x080083d6   0x080083d6   0x00000002   PAD
    0x080083d8   0x080083d8   0x000001cc   Code   RO         3054    x$fpl$dsqrt         fz_ws.l(dsqrt_noumaal.o)
    0x080085a4   0x080085a4   0x000001d4   Code   RO         2875    x$fpl$dsub          fz_ws.l(daddsub_clz.o)
    0x08008778   0x08008778   0x00000056   Code   RO         2895    x$fpl$f2d           fz_ws.l(f2d.o)
    0x080087ce   0x080087ce   0x00000002   PAD
    0x080087d0   0x080087d0   0x000000c4   Code   RO         2897    x$fpl$fadd          fz_ws.l(faddsub_clz.o)
    0x08008894   0x08008894   0x00000018   Code   RO         3056    x$fpl$fcmpinf       fz_ws.l(fcmpi.o)
    0x080088ac   0x080088ac   0x00000184   Code   RO         2904    x$fpl$fdiv          fz_ws.l(fdiv.o)
    0x08008a30   0x08008a30   0x0000003e   Code   RO         2907    x$fpl$ffixu         fz_ws.l(ffixu.o)
    0x08008a6e   0x08008a6e   0x00000002   PAD
    0x08008a70   0x08008a70   0x00000026   Code   RO         2911    x$fpl$ffltu         fz_ws.l(fflt_clz.o)
    0x08008a96   0x08008a96   0x00000002   PAD
    0x08008a98   0x08008a98   0x00000068   Code   RO         2951    x$fpl$fleqf         fz_ws.l(fleqf.o)
    0x08008b00   0x08008b00   0x00000102   Code   RO         2917    x$fpl$fmul          fz_ws.l(fmul.o)
    0x08008c02   0x08008c02   0x0000008c   Code   RO         2953    x$fpl$fnaninf       fz_ws.l(fnaninf.o)
    0x08008c8e   0x08008c8e   0x0000000a   Code   RO         2955    x$fpl$fretinf       fz_ws.l(fretinf.o)
    0x08008c98   0x08008c98   0x00000062   Code   RO         2919    x$fpl$frleqf        fz_ws.l(frleqf.o)
    0x08008cfa   0x08008cfa   0x00000002   PAD
    0x08008cfc   0x08008cfc   0x000000ea   Code   RO         2899    x$fpl$fsub          fz_ws.l(faddsub_clz.o)
    0x08008de6   0x08008de6   0x00000004   Code   RO         2921    x$fpl$printf1       fz_ws.l(printf1.o)
    0x08008dea   0x08008dea   0x00000064   Code   RO         3124    x$fpl$retnan        fz_ws.l(retnan.o)
    0x08008e4e   0x08008e4e   0x0000005c   Code   RO         2957    x$fpl$scalbn        fz_ws.l(scalbn.o)
    0x08008eaa   0x08008eaa   0x00000030   Code   RO         3132    x$fpl$trapveneer    fz_ws.l(trapv.o)
    0x08008eda   0x08008eda   0x00000000   Code   RO         2959    x$fpl$usenofp       fz_ws.l(usenofp.o)
    0x08008eda   0x08008eda   0x000017c0   Data   RO          672    .constdata          lcd.o
    0x0800a69a   0x0800a69a   0x00000028   Data   RO         2826    .constdata          c_w.l(_printf_hex_int.o)
    0x0800a6c2   0x0800a6c2   0x00000006   PAD
    0x0800a6c8   0x0800a6c8   0x00000088   Data   RO         2925    .constdata          m_ws.l(pow.o)
    0x0800a750   0x0800a750   0x00000008   Data   RO         2978    .constdata          m_ws.l(qnan.o)
    0x0800a758   0x0800a758   0x00000094   Data   RO         3019    .constdata          c_w.l(bigflt0.o)
    0x0800a7ec   0x0800a7ec   0x00000020   Data   RO         3205    Region$$Table       anon$$obj.o
    0x0800a80c   0x0800a80c   0x0000001c   Data   RO         3047    locale$$data        c_w.l(lc_numeric_c.o)


    Execution Region RW_IRAM1 (Exec base: 0x20000000, Load base: 0x0800a828, Size: 0x000007b0, Max: 0x0000c000, ABSOLUTE)

    Exec Addr    Load Addr    Size         Type   Attr      Idx    E Section Name        Object

    0x20000000   0x0800a828   0x00000008   Data   RW            2    .data               main.o
    0x20000008   0x0800a830   0x00000014   Data   RW          243    .data               system_stm32f10x.o
    0x2000001c   0x0800a844   0x00000004   Data   RW          276    .data               delay.o
    0x20000020   0x0800a848   0x00000006   Data   RW          333    .data               usart.o
    0x20000026   0x0800a84e   0x00000002   PAD
    0x20000028   0x0800a850   0x00000033   Data   RW          547    .data               bme280.o
    0x2000005b   0x0800a883   0x00000001   Data   RW          623    .data               key.o
    0x2000005c   0x0800a884   0x00000004   Data   RW          673    .data               lcd.o
    0x20000060   0x0800a888   0x00000004   Data   RW          899    .data               timer.o
    0x20000064   0x0800a88c   0x00000014   Data   RW         1507    .data               stm32f10x_rcc.o
    0x20000078        -       0x000000c8   Zero   RW          332    .bss                usart.o
    0x20000140        -       0x0000000e   Zero   RW          671    .bss                lcd.o
    0x2000014e   0x0800a8a0   0x00000002   PAD
    0x20000150        -       0x00000060   Zero   RW         3061    .bss                c_w.l(libspace.o)
    0x200001b0        -       0x00000200   Zero   RW         2804    HEAP                startup_stm32f10x_hd.o
    0x200003b0        -       0x00000400   Zero   RW         2803    STACK               startup_stm32f10x_hd.o


==============================================================================

Image component sizes


      Code (inc. data)   RO Data    RW Data    ZI Data      Debug   Object Name

       476         28          0          0          0       3549   adc.o
      1410        216          0         51          0       7163   bme280.o
       220         26          0          4          0       1723   delay.o
       264         28          0          1          0       1166   key.o
     14344        212       6080          4         14      20843   lcd.o
        80          8          0          0          0        499   led.o
      2168        436          0          8          0     265157   main.o
       172         22          0          0          0       2057   misc.o
       836        108          0          0          0       5949   myiic.o
       578         58          0          0          0       5878   relay.o
        64         26        304          0       1536        800   startup_stm32f10x_hd.o
       486         24          0          0          0       8598   stm32f10x_adc.o
       448          6          0          0          0       4498   stm32f10x_gpio.o
        26          0          0          0          0       3702   stm32f10x_it.o
       332         44          0         20          0       5546   stm32f10x_rcc.o
       438         52          0          0          0       6458   stm32f10x_tim.o
       408          6          0          0          0       5002   stm32f10x_usart.o
         0          0          0          0          0         32   sys.o
       328         28          0         20          0       2085   system_stm32f10x.o
       426         66          0          4          0       3864   timer.o
       330         26          0          6        200       4156   usart.o

    ----------------------------------------------------------------------
     23870       1420       6416        120       1752     358725   Object Totals
         0          0         32          0          0          0   (incl. Generated)
        36          0          0          2          2          0   (incl. Padding)

    ----------------------------------------------------------------------

      Code (inc. data)   RO Data    RW Data    ZI Data      Debug   Library Member Name

         8          0          0          0          0         68   __main.o
       104          0          0          0          0         84   __printf.o
         0          0          0          0          0          0   __rtentry.o
        12          0          0          0          0          0   __rtentry2.o
         6          0          0          0          0          0   __rtentry4.o
        52          8          0          0          0          0   __scatter.o
        26          0          0          0          0          0   __scatter_copy.o
        28          0          0          0          0          0   __scatter_zi.o
        48          6          0          0          0         96   _printf_char_common.o
        36          4          0          0          0         80   _printf_char_file.o
         6          0          0          0          0          0   _printf_d.o
       120         16          0          0          0         92   _printf_dec.o
         6          0          0          0          0          0   _printf_f.o
      1054          0          0          0          0        216   _printf_fp_dec.o
       128         16          0          0          0         84   _printf_fp_infnan.o
        88          4         40          0          0         88   _printf_hex_int.o
       178          0          0          0          0         88   _printf_intcommon.o
         0          0          0          0          0          0   _printf_percent.o
         4          0          0          0          0          0   _printf_percent_end.o
         6          0          0          0          0          0   _printf_x.o
        22          0          0          0          0        100   _rserrno.o
       228          4        148          0          0         96   bigflt0.o
      1936        128          0          0          0        672   btod.o
        18          0          0          0          0         80   exit.o
         8          0          0          0          0         68   ferror.o
         6          0          0          0          0        152   heapauxi.o
        44         10         28          0          0         76   lc_numeric_c.o
         2          0          0          0          0          0   libinit.o
        18          0          0          0          0          0   libinit2.o
         2          0          0          0          0          0   libshutdown.o
         2          0          0          0          0          0   libshutdown2.o
         8          4          0          0         96         68   libspace.o
       138          0          0          0          0         80   lludiv10.o
        24          4          0          0          0         84   noretval__2printf.o
         8          4          0          0          0         68   rt_errno_addr_intlibspace.o
         8          4          0          0          0         68   rt_locale_intlibspace.o
         2          0          0          0          0          0   rtexit.o
        10          0          0          0          0          0   rtexit2.o
       128          0          0          0          0         68   strcmpv7m.o
        74          0          0          0          0         80   sys_stackheap_outer.o
         2          0          0          0          0         68   use_no_semi.o
         2          0          0          0          0         68   use_no_semi_2.o
        98          4          0          0          0         92   d2f.o
       826         16          0          0          0        348   daddsub_clz.o
        16          4          0          0          0         68   dcheck1.o
        24          0          0          0          0         68   dcmpi.o
       688        140          0          0          0        208   ddiv.o
        90          4          0          0          0         92   dfixu.o
        84          0          0          0          0        136   dflt_clz.o
       120          4          0          0          0         92   dleqf.o
       340         12          0          0          0        104   dmul.o
       156          4          0          0          0         92   dnaninf.o
        12          0          0          0          0         68   dretinf.o
       108          0          0          0          0         80   drleqf.o
       460         56          0          0          0        120   dsqrt_noumaal.o
        86          4          0          0          0         84   f2d.o
       430          8          0          0          0        168   faddsub_clz.o
        24          0          0          0          0         68   fcmpi.o
       388         76          0          0          0         96   fdiv.o
        62          4          0          0          0         84   ffixu.o
        38          0          0          0          0         68   fflt_clz.o
       104          4          0          0          0         84   fleqf.o
       258          4          0          0          0         84   fmul.o
       140          4          0          0          0         84   fnaninf.o
        10          0          0          0          0         68   fretinf.o
        98          0          0          0          0         68   frleqf.o
         4          0          0          0          0         68   printf1.o
       100          0          0          0          0         68   retnan.o
        92          0          0          0          0         68   scalbn.o
        48          0          0          0          0         68   trapv.o
         0          0          0          0          0          0   usenofp.o
        62         10          0          0          0        340   dunder.o
        40          0          0          0          0         68   fpclassify.o
       170          0          0          0          0         96   poly.o
      2520        190        136          0          0        324   pow.o
         0          0          8          0          0          0   qnan.o
        76          0          0          0          0         84   sqrt.o

    ----------------------------------------------------------------------
     12396        760        366          0         96       6500   Library Totals
        24          0          6          0          0          0   (incl. Padding)

    ----------------------------------------------------------------------

      Code (inc. data)   RO Data    RW Data    ZI Data      Debug   Library Name

      4600        212        216          0         96       2792   c_w.l
      4904        348          0          0          0       2796   fz_ws.l
      2868        200        144          0          0        912   m_ws.l

    ----------------------------------------------------------------------
     12396        760        366          0         96       6500   Library Totals

    ----------------------------------------------------------------------

==============================================================================


      Code (inc. data)   RO Data    RW Data    ZI Data      Debug   

     36266       2180       6782        120       1848     355393   Grand Totals
     36266       2180       6782        120       1848     355393   ELF Image Totals
     36266       2180       6782        120          0          0   ROM Totals

==============================================================================

    Total RO  Size (Code + RO Data)                43048 (  42.04kB)
    Total RW  Size (RW Data + ZI Data)              1968 (   1.92kB)
    Total ROM Size (Code + RO Data + RW Data)      43168 (  42.16kB)

==============================================================================

